--------- beginning of main
05-20 08:33:05.908   573   573 I SELinux :     /vendor/etc/selinux/vndservice_contexts
05-20 08:33:05.928   571   571 I SELinux : SELinux: Loaded service_contexts from:
05-20 08:33:05.929   569   569 D QC-time-services: Daemon:genoff_pre_init::Base = 0
05-20 08:33:05.929   569   569 D QC-time-services: Daemon:ats_rtc_init: Time read from RTC -- year = 70, month = 4,day = 20
05-20 08:33:05.929   571   571 I SELinux :     /system/etc/selinux/plat_service_contexts
05-20 08:33:05.942   569   569 D QC-time-services: Daemon ats_rtc_init: seconds = 12011585
05-20 08:33:05.942   569   569 D QC-time-services: Daemon:Value read from RTC seconds = 12011585000
05-20 08:33:05.942   569   569 D QC-time-services: Daemon:genoff_init_config: ATS_RTC initialized with rc: 0
05-20 08:33:05.942   569   569 D QC-time-services: Daemon:genoff_pre_init::Base = 1
05-20 08:33:05.942   569   569 D QC-time-services: Daemon: Storage Name: ats_1 
05-20 08:33:05.942   569   569 D QC-time-services: Daemon:Opening File: /persist/time/ats_1 /data/time/ats_1
05-20 08:33:05.942   569   569 D QC-time-services: Daemon:time_persistent_memory_opr:Genoff Read operation 
05-20 08:33:05.944   569   569 D QC-time-services: Daemon:Open File: /data/time/ats_1
05-20 08:33:05.945   569   569 D QC-time-services: Daemon:genoff_pre_init::Base = 2
05-20 08:33:05.945   569   569 D QC-time-services: Daemon: Storage Name: ats_2 
05-20 08:33:05.945   569   569 D QC-time-services: Daemon:Opening File: /persist/time/ats_2 /data/time/ats_2
05-20 08:33:05.945   569   569 D QC-time-services: Daemon:time_persistent_memory_opr:Genoff Read operation 
05-20 08:33:05.945   569   569 D QC-time-services: Daemon:Open File: /data/time/ats_2
05-20 08:33:05.945   569   569 D QC-time-services: Daemon:genoff_pre_init::Base = 3
05-20 08:33:05.945   569   569 D QC-time-services: Daemon: Storage Name: ats_3 
05-20 08:33:05.945   569   569 D QC-time-services: Daemon:Opening File: /persist/time/ats_3 /data/time/ats_3
05-20 08:33:05.945   569   569 D QC-time-services: Daemon:time_persistent_memory_opr:Genoff Read operation 
05-20 08:33:05.945   569   569 D QC-time-services: Daemon:Open File: /data/time/ats_3
05-20 08:33:05.945   569   569 D QC-time-services: Daemon:Unable to open filefor read
05-20 08:33:05.945   569   569 D QC-time-services: Daemon:genoff_post_init:Error in accessing storage
05-20 08:33:05.945   569   569 D QC-time-services: Daemon:genoff_pre_init::Base = 4
05-20 08:33:05.945   569   569 D QC-time-services: Daemon: Storage Name: ats_4 
05-20 08:33:05.945   569   569 D QC-time-services: Daemon:Opening File: /persist/time/ats_4 /data/time/ats_4
05-20 08:33:05.945   569   569 D QC-time-services: Daemon:time_persistent_memory_opr:Genoff Read operation 
05-20 08:33:05.945   569   569 D QC-time-services: Daemon:Open File: /data/time/ats_4
05-20 08:33:05.945   569   569 D QC-time-services: Daemon:Unable to open filefor read
05-20 08:33:05.945   569   569 D QC-time-services: Daemon:genoff_post_init:Error in accessing storage
05-20 08:33:05.945   569   569 D QC-time-services: Daemon:genoff_pre_init::Base = 5
05-20 08:33:05.945   569   569 D QC-time-services: Daemon: Storage Name: ats_5 
05-20 08:33:05.945   569   569 D QC-time-services: Daemon:Opening File: /persist/time/ats_5 /data/time/ats_5
05-20 08:33:05.945   569   569 D QC-time-services: Daemon:time_persistent_memory_opr:Genoff Read operation 
05-20 08:33:05.945   569   569 D QC-time-services: Daemon:Open File: /data/time/ats_5
05-20 08:33:05.945   569   569 D QC-time-services: Daemon:Unable to open filefor read
05-20 08:33:05.945   569   569 D QC-time-services: Daemon:genoff_post_init:Error in accessing storage
05-20 08:33:05.945   569   569 D QC-time-services: Daemon:genoff_pre_init::Base = 6
05-20 08:33:05.945   569   569 D QC-time-services: Daemon: Storage Name: ats_6 
05-20 08:33:05.945   569   569 D QC-time-services: Daemon:Opening File: /persist/time/ats_6 /data/time/ats_6
05-20 08:33:05.945   569   569 D QC-time-services: Daemon:time_persistent_memory_opr:Genoff Read operation 
05-20 08:33:05.945   569   569 D QC-time-services: Daemon:Open File: /data/time/ats_6
05-20 08:33:05.945   569   569 D QC-time-services: Daemon:Unable to open filefor read
05-20 08:33:05.945   569   569 D QC-time-services: Daemon:genoff_post_init:Error in accessing storage
05-20 08:33:05.945   569   569 D QC-time-services: Daemon:genoff_pre_init::Base = 7
05-20 08:33:05.945   569   569 D QC-time-services: Daemon: Storage Name: ats_7 
05-20 08:33:05.945   569   569 D QC-time-services: Daemon:Opening File: /persist/time/ats_7 /data/time/ats_7
05-20 08:33:05.945   569   569 D QC-time-services: Daemon:time_persistent_memory_opr:Genoff Read operation 
05-20 08:33:05.946   569   569 D QC-time-services: Daemon:Open File: /data/time/ats_7
05-20 08:33:05.946   569   569 D QC-time-services: Daemon:Unable to open filefor read
05-20 08:33:05.946   569   569 D QC-time-services: Daemon:genoff_post_init:Error in accessing storage
05-20 08:33:05.946   569   569 D QC-time-services: Daemon:genoff_pre_init::Base = 8
05-20 08:33:05.946   569   569 D QC-time-services: Daemon: Storage Name: ats_8 
05-20 08:33:05.946   569   569 D QC-time-services: Daemon:Opening File: /persist/time/ats_8 /data/time/ats_8
05-20 08:33:05.946   569   569 D QC-time-services: Daemon:time_persistent_memory_opr:Genoff Read operation 
05-20 08:33:05.946   569   569 D QC-time-services: Daemon:Open File: /data/time/ats_8
05-20 08:33:05.946   569   569 D QC-time-services: Daemon:Unable to open filefor read
05-20 08:33:05.946   569   569 D QC-time-services: Daemon:genoff_post_init:Error in accessing storage
05-20 08:33:05.946   569   569 D QC-time-services: Daemon:genoff_pre_init::Base = 9
05-20 08:33:05.946   569   569 D QC-time-services: Daemon: Storage Name: ats_9 
05-20 08:33:05.946   569   569 D QC-time-services: Daemon:Opening File: /persist/time/ats_9 /data/time/ats_9
05-20 08:33:05.946   569   569 D QC-time-services: Daemon:time_persistent_memory_opr:Genoff Read operation 
05-20 08:33:05.946   569   569 D QC-time-services: Daemon:Open File: /data/time/ats_9
05-20 08:33:05.946   569   569 D QC-time-services: Daemon:Unable to open filefor read
05-20 08:33:05.946   569   569 D QC-time-services: Daemon:genoff_post_init:Error in accessing storage
05-20 08:33:05.946   569   569 D QC-time-services: Daemon:genoff_pre_init::Base = 10
05-20 08:33:05.946   569   569 D QC-time-services: Daemon: Storage Name: ats_10 
05-20 08:33:05.946   569   569 D QC-time-services: Daemon:Opening File: /persist/time/ats_10 /data/time/ats_10
05-20 08:33:05.946   569   569 D QC-time-services: Daemon:time_persistent_memory_opr:Genoff Read operation 
05-20 08:33:05.946   569   569 D QC-time-services: Daemon:Open File: /data/time/ats_10
05-20 08:33:05.946   569   569 D QC-time-services: Daemon:Unable to open filefor read
05-20 08:33:05.946   569   569 D QC-time-services: Daemon:genoff_post_init:Error in accessing storage
05-20 08:33:05.946   569   569 D QC-time-services: Daemon:genoff_pre_init::Base = 11
05-20 08:33:05.946   569   569 D QC-time-services: Daemon: Storage Name: ats_11 
05-20 08:33:05.946   569   569 D QC-time-services: Daemon:Opening File: /persist/time/ats_11 /data/time/ats_11
05-20 08:33:05.946   569   569 D QC-time-services: Daemon:time_persistent_memory_opr:Genoff Read operation 
05-20 08:33:05.946   569   569 D QC-time-services: Daemon:Open File: /data/time/ats_11
05-20 08:33:05.946   569   569 D QC-time-services: Daemon:Unable to open filefor read
05-20 08:33:05.946   569   569 D QC-time-services: Daemon:genoff_post_init:Error in accessing storage
05-20 08:33:05.946   569   569 D QC-time-services: Daemon:genoff_pre_init::Base = 12
05-20 08:33:05.946   569   569 D QC-time-services: Daemon: Storage Name: ats_12 
05-20 08:33:05.946   569   569 D QC-time-services: Daemon:Opening File: /persist/time/ats_12 /data/time/ats_12
05-20 08:33:05.946   569   569 D QC-time-services: Daemon:time_persistent_memory_opr:Genoff Read operation 
05-20 08:33:05.946   569   569 D QC-time-services: Daemon:Open File: /data/time/ats_12
05-20 08:33:05.946   569   569 D QC-time-services: Daemon:genoff_pre_init::Base = 13
05-20 08:33:05.946   569   569 D QC-time-services: Daemon: Storage Name: ats_13 
05-20 08:33:05.946   569   569 D QC-time-services: Daemon:Opening File: /persist/time/ats_13 /data/time/ats_13
05-20 08:33:05.946   569   569 D QC-time-services: Daemon:time_persistent_memory_opr:Genoff Read operation 
05-20 08:33:05.947   569   569 D QC-time-services: Daemon:Open File: /data/time/ats_13
05-20 08:33:05.947   569   569 D QC-time-services: Daemon:genoff_pre_init::Base = 14
05-20 08:33:05.947   569   569 D QC-time-services: Daemon: Storage Name: ats_14 
05-20 08:33:05.947   569   569 D QC-time-services: Daemon:Opening File: /persist/time/ats_14 /data/time/ats_14
05-20 08:33:05.947   569   569 D QC-time-services: Daemon:time_persistent_memory_opr:Genoff Read operation 
05-20 08:33:05.947   569   569 D QC-time-services: Daemon:Open File: /data/time/ats_14
05-20 08:33:05.947   569   569 D QC-time-services: Daemon:Unable to open filefor read
05-20 08:33:05.947   569   569 D QC-time-services: Daemon:genoff_post_init:Error in accessing storage
05-20 08:33:05.947   569   569 D QC-time-services: Daemon:genoff_pre_init::Base = 15
05-20 08:33:05.947   569   569 D QC-time-services: Daemon: Storage Name: ats_15 
05-20 08:33:05.947   569   569 D QC-time-services: Daemon:Opening File: /persist/time/ats_15 /data/time/ats_15
05-20 08:33:05.947   569   569 D QC-time-services: Daemon:time_persistent_memory_opr:Genoff Read operation 
05-20 08:33:05.947   569   569 D QC-time-services: Daemon:Open File: /data/time/ats_15
05-20 08:33:05.947   569   569 D QC-time-services: Daemon:genoff_pre_init::Base = 16
05-20 08:33:05.947   569   569 D QC-time-services: Daemon: Storage Name: ats_16 
05-20 08:33:05.947   569   569 D QC-time-services: Daemon:Opening File: /persist/time/ats_16 /data/time/ats_16
05-20 08:33:05.947   569   569 D QC-time-services: Daemon:time_persistent_memory_opr:Genoff Read operation 
05-20 08:33:05.947   569   569 D QC-time-services: Daemon:Open File: /data/time/ats_16
05-20 08:33:05.948   569   569 D QC-time-services: Daemon:genoff_init_config: Other bases initilized, exiting genoff_init
05-20 08:33:05.948   569   569 D QC-time-services: Daemon:rtc_get: Time read from RTC -- MM/DD/YY HH:MM:SS4/20/70 0:33:5
05-20 08:33:05.948   569   569 D QC-time-services: Daemon rtc_get: seconds = 12011585
05-20 08:33:05.948   569   569 D QC-time-services: Daemon:Value read from RTC mseconds = 12011585000
05-20 08:33:05.948   569   569 D QC-time-services: Daemon:Value read from QTimer mseconds = 24199
05-20 08:33:05.948   569   569 D QC-time-services: Daemon:genoff_opr: Base = 1, val = 0, operation = 1
05-20 08:33:05.948   569   569 D QC-time-services: Daemon: genoff get for 1
05-20 08:33:05.948   569   569 D QC-time-services: Daemon:Value read from QTimer mseconds = 24199
05-20 08:33:05.948   569   569 D QC-time-services: Daemon:Value read from RTC mseconds on boot = 12011585000
05-20 08:33:05.948   569   569 D QC-time-services: Daemon:Value read from QTimer mseconds = 24199
05-20 08:33:05.948   569   569 D QC-time-services: Daemon:Value read from generic offset = 1530601737160
05-20 08:33:05.948   569   569 D QC-time-services: Daemon:Delta read on boot mseconds = 12011560801
05-20 08:33:05.948   569   569 D QC-time-services: Daemon:Final Time = 1542613322160
05-20 08:33:05.948   569   569 E QC-time-services: Daemon:genoff_boot_tod_init: Updating system time to sec=1542613322, usec=160000
11-19 15:42:02.162   569   577 D QC-time-services: Daemon: Time-services: All initializations done
11-19 15:42:02.162   569   577 E QC-time-services: Daemon: Time-services: Waiting to acceptconnection
11-19 15:42:02.162   569   575 D QC-time-services: Daemon:genoff_modem_qmi_service_request: Initiallizing QMI 
11-19 15:42:02.165   569   575 E QMI_FW  : QMUXD: WARNING qmi_qmux_if_pwr_up_init failed! rc=-6
11-19 15:42:02.165   569   575 E QC-time-services: Daemon:genoff_modem_qmi_service_request: qmi_client_get_service_list returned -2num_services 0
11-19 15:42:02.166   569   574 D QC-time-services: Daemon:genoff_wlan_qmi_service_request: Initiallizing QMI 
11-19 15:42:02.166   569   574 E QC-time-services: Daemon:genoff_wlan_qmi_service_request: qmi_client_get_service_list returned -2num_services 0
11-19 15:42:02.249   579   579 D QSEECOMD: : qseecom listener services process entry PPID = 1
11-19 15:42:02.249   579   579 E QSEECOMD: : Listener: index = 0, hierarchy = 0
11-19 15:42:02.251   579   579 D QSEECOMD: : Init dlopen(librpmb.so, RTLD_NOW) succeeds
11-19 15:42:02.251   579   579 D QSEECOMD: : Init::Init dlsym(g_FSHandle rpmb_init_service) succeeds
11-19 15:42:02.251   579   579 I rpmb_emmc: RPMB Mult (512-bytes sector) = 8192, Rel_sec_cnt = 32
11-19 15:42:02.252   579   579 E DrmLibRpmb: rpmb_init succeeded! with ret = 0
11-19 15:42:02.252   579   579 D QSEECOMD: : Init rpmb_init_service ret = 0
11-19 15:42:02.252   579   579 D QSEECOMD: : RPMB system services: init (Listener ID = 8192)
11-19 15:42:02.252   579   579 E QSEECOMD: : Listener: index = 1, hierarchy = 0
11-19 15:42:02.253   579   579 D QSEECOMD: : Init dlopen(libssd.so, RTLD_NOW) succeeds
11-19 15:42:02.253   579   579 D QSEECOMD: : Init::Init dlsym(g_FSHandle ssd_init_service) succeeds
11-19 15:42:02.253   579   579 E SSD     : ssd_init_service succeeded!
11-19 15:42:02.253   579   579 D QSEECOMD: : Init ssd_init_service ret = 0
11-19 15:42:02.253   579   579 D QSEECOMD: : SSD system services: init (Listener ID = 12288)
11-19 15:42:02.253   579   579 E QSEECOMD: : Listener: index = 2, hierarchy = 0
11-19 15:42:02.273   572   572 E hwservicemanager: BINDER_SET_INHERIT_FIFO_PRIO failed with error -1
11-19 15:42:02.293   579   579 D QSEECOMD: : Init dlopen(libsecureui.so, RTLD_NOW) succeeds
11-19 15:42:02.293   579   579 D QSEECOMD: : Init::Init dlsym(g_FSHandle secure_ui_init) succeeds
11-19 15:42:02.293   579   579 D QSEECOMD: : Init secure_ui_init ret = 0
11-19 15:42:02.293   579   579 D QSEECOMD: : secure UI services: init (Listener ID = 16384)
11-19 15:42:02.307   579   579 D QSEECOMD: : Parent qseecom daemon process paused!! 
11-19 15:42:02.307   587   587 D QSEECOMD: : qseecom listener service threads starting!!! 
11-19 15:42:02.307   587   587 D QSEECOMD: : Total listener services to start = 9
11-19 15:42:02.307   587   587 E QSEECOMD: : Listener: index = 0, hierarchy = 1
11-19 15:42:02.307   587   587 D QSEECOMD: : Init dlopen(librpmb.so, RTLD_NOW) succeeds
11-19 15:42:02.307   587   587 D QSEECOMD: : Init::Init dlsym(g_FSHandle rpmb_start) succeeds
11-19 15:42:02.307   587   587 D QSEECOMAPI: QSEECom_register_listener 8192 sb_length = 0x6400
11-19 15:42:02.308   587   587 D QSEECOMD: : Init rpmb_start ret = 0
11-19 15:42:02.308   587   587 D QSEECOMD: : RPMB system services: Started (Listener ID = 8192)
11-19 15:42:02.308   587   587 E QSEECOMD: : Listener: index = 1, hierarchy = 1
11-19 15:42:02.308   587   587 D QSEECOMD: : Init dlopen(libssd.so, RTLD_NOW) succeeds
11-19 15:42:02.308   587   587 D QSEECOMD: : Init::Init dlsym(g_FSHandle ssd_start) succeeds
11-19 15:42:02.308   587   587 D QSEECOMAPI: QSEECom_register_listener 12288 sb_length = 0x5000
11-19 15:42:02.309   587   587 D QSEECOMD: : Init ssd_start ret = 0
11-19 15:42:02.309   587   587 D QSEECOMD: : SSD system services: Started (Listener ID = 12288)
11-19 15:42:02.309   587   587 E QSEECOMD: : Listener: index = 2, hierarchy = 1
11-19 15:42:02.309   587   587 D QSEECOMD: : Init dlopen(libsecureui.so, RTLD_NOW) succeeds
11-19 15:42:02.309   587   587 D QSEECOMD: : Init::Init dlsym(g_FSHandle secure_ui_start) succeeds
11-19 15:42:02.309   587   587 D QSEECOMAPI: QSEECom_register_listener 16384 sb_length = 0x10a8
11-19 15:42:02.309   587   587 D QSEECOMD: : Init secure_ui_start ret = 0
11-19 15:42:02.309   587   587 D QSEECOMD: : secure UI services: Started (Listener ID = 16384)
11-19 15:42:02.309   587   587 E QSEECOMD: : Listener: index = 3, hierarchy = 1
11-19 15:42:02.312   587   587 D QSEECOMD: : Init dlopen(libdrmtime.so, RTLD_NOW) succeeds
11-19 15:42:02.312   587   587 D QSEECOMD: : Init::Init dlsym(g_FSHandle atime_start) succeeds
11-19 15:42:02.312   587   587 D DrmLibTime: QSEE Time Listener: atime_start
11-19 15:42:02.312   587   587 D QSEECOMAPI: QSEECom_register_listener 11 sb_length = 0x5000
11-19 15:42:02.312   587   587 D DrmLibTime: registering fs service to QSEECom is done!
11-19 15:42:02.312   587   587 D DrmLibTime: begin to create a thread!
11-19 15:42:02.312   587   587 D DrmLibTime: Creating a pthread in atime_start is done! return 0
11-19 15:42:02.312   587   587 D QSEECOMD: : Init atime_start ret = 0
11-19 15:42:02.312   587   587 D QSEECOMD: : time services: Started (Listener ID = 11)
11-19 15:42:02.312   587   587 E QSEECOMD: : Listener: index = 4, hierarchy = 1
11-19 15:42:02.313   587   587 D QSEECOMD: : Init dlopen(libdrmfs.so, RTLD_NOW) succeeds
11-19 15:42:02.313   587   587 D QSEECOMD: : Init::Init dlsym(g_FSHandle fs_start) succeeds
11-19 15:42:02.313   587   587 D QSEECOMAPI: QSEECom_register_listener 10 sb_length = 0x5000
11-19 15:42:02.313   587   587 D QSEECOMD: : Init fs_start ret = 0
11-19 15:42:02.313   587   587 D QSEECOMD: : file system services: Started (Listener ID = 10)
11-19 15:42:02.313   587   587 E QSEECOMD: : Listener: index = 5, hierarchy = 1
11-19 15:42:02.313   587   587 D QSEECOMD: : Init dlopen(libdrmfs.so, RTLD_NOW) succeeds
11-19 15:42:02.313   587   587 D QSEECOMD: : Init::Init dlsym(g_FSHandle gpfs_start) succeeds
11-19 15:42:02.314   587   587 D QSEECOMAPI: QSEECom_register_listener 28672 sb_length = 0x7e000
11-19 15:42:02.315   587   587 D QSEECOMD: : Init gpfs_start ret = 0
11-19 15:42:02.315   587   587 D QSEECOMD: : gpfile system services: Started (Listener ID = 28672)
11-19 15:42:02.315   587   587 E QSEECOMD: : Listener: index = 6, hierarchy = 1
11-19 15:42:02.316   587   591 D DrmLibTime: QSEE Time Listener: dispatch
11-19 15:42:02.316   587   587 D QSEECOMD: : Init dlopen(libqisl.so, RTLD_NOW) succeeds
11-19 15:42:02.316   587   587 D QSEECOMD: : Init::Init dlsym(g_FSHandle qisl_start) succeeds
11-19 15:42:02.316   587   591 D DrmLibTime: before calling ioctl to read the next time_cmd
--------- beginning of system
11-19 15:42:02.317   587   594 I QISL    : QSEE Interrupt Service Listener Thread is started
11-19 15:42:02.317   587   594 D QSEECOMAPI: QSEECom_register_listener 36864 sb_length = 0x1f4
11-19 15:42:02.317   587   594 I QISL    : QSEE Interrupt Service Listener was activated successfully
11-19 15:42:02.317   587   587 D QSEECOMD: : Init qisl_start ret = 0
11-19 15:42:02.317   587   587 D QSEECOMD: : interrupt services: Started (Listener ID = 36864)
11-19 15:42:02.317   587   587 E QSEECOMD: : Listener: index = 7, hierarchy = 1
11-19 15:42:02.317   587   587 E QSEECOMD: : Init dlopen(libspl.so, RLTD_NOW) is failed.... dlopen failed: library "libspl.so" not found
11-19 15:42:02.317   587   587 E QSEECOMD: : Listener: index = 8, hierarchy = 1
11-19 15:42:02.319   587   587 D QSEECOMD: : Init dlopen(libGPreqcancel.so, RTLD_NOW) succeeds
11-19 15:42:02.319   587   587 D QSEECOMD: : Init::Init dlsym(g_FSHandle gp_reqcancel_start) succeeds
11-19 15:42:02.319   587   587 D QSEECOMAPI: QSEECom_register_listener 4352 sb_length = 0x5000
11-19 15:42:02.320   587   587 D QSEECOMD: : Init gp_reqcancel_start ret = 0
11-19 15:42:02.320   587   587 D QSEECOMD: : gp request cancellation services: Started (Listener ID = 4352)
11-19 15:42:02.321   587   587 D QSEECOMD: : QSEECOM DAEMON RUNNING 
11-19 15:42:02.597   600   600 D vndksupport: Loading /vendor/lib64/hw/android.hardware.keymaster@3.0-impl-qti.so from current namespace instead of sphal namespace.
11-19 15:42:02.606   600   600 D QSEECOMAPI: QSEECom_get_handle sb_length = 0xa000
11-19 15:42:02.606   600   600 D QSEECOMAPI: App is already loaded QSEE and app id = 1
11-19 15:42:02.609   600   600 E KeymasterUtils: TA API Major Verion: 3
11-19 15:42:02.609   600   600 E KeymasterUtils: TA API Minor Verion: 0
11-19 15:42:02.609   600   600 E KeymasterUtils: TA Major Verion: 3
11-19 15:42:02.609   600   600 E KeymasterUtils: TA Minor Verion: 122
11-19 15:42:02.614   599   599 D vndksupport: Loading /vendor/lib64/hw/android.hardware.gatekeeper@1.0-impl-qti.so from current namespace instead of sphal namespace.
11-19 15:42:02.616   600   600 I ServiceManagement: Removing namespace from process name android.hardware.keymaster@3.0-service-qti to keymaster@3.0-s.
11-19 15:42:02.617   600   600 I android.hardware.keymaster@3.0-service: Registration complete for android.hardware.keymaster@3.0::IKeymasterDevice/default.
11-19 15:42:02.622   599   599 D QSEECOMAPI: QSEECom_get_handle sb_length = 0xa000
11-19 15:42:02.622   599   599 D QSEECOMAPI: App is already loaded QSEE and app id = 1
11-19 15:42:02.625   599   599 E KeymasterUtils: TA API Major Verion: 3
11-19 15:42:02.625   599   599 E KeymasterUtils: TA API Minor Verion: 0
11-19 15:42:02.625   599   599 E KeymasterUtils: TA Major Verion: 3
11-19 15:42:02.625   599   599 E KeymasterUtils: TA Minor Verion: 122
11-19 15:42:02.629   599   599 I ServiceManagement: Removing namespace from process name android.hardware.gatekeeper@1.0-service-qti to gatekeeper@1.0-.
11-19 15:42:02.629   599   599 I android.hardware.gatekeeper@1.0-service: Registration complete for android.hardware.gatekeeper@1.0::IGatekeeper/default.
11-19 15:42:02.647   601   601 I vold    : Vold 3.0 (the awakening) firing up
11-19 15:42:02.647   601   601 V vold    : Detected support for: exfat ext4 f2fs ntfs vfat
11-19 15:41:49.274   570   570 W auditd  : type=2000 audit(0.0:1): initialized
04-07 16:14:43.994   570   570 I auditd  : type=1403 audit(0.0:2): policy loaded auid=4294967295 ses=4294967295
11-19 15:42:02.369     1     1 W init    : type=1400 audit(0.0:3): avc: granted { open } for path="/dev/ipa" dev="tmpfs" ino=4723 scontext=u:r:init:s0 tcontext=u:object_r:ipa_dev:s0 tclass=chr_file
11-19 15:42:02.831   601   606 D vold    : e4crypt_init_user0
11-19 15:42:02.831   601   606 D vold    : e4crypt_prepare_user_storage for volume null, user 0, serial 0, flags 1
11-19 15:42:02.831   601   606 D vold    : Preparing: /data/system/users/0
11-19 15:42:02.840   601   606 D vold    : Preparing: /data/misc/profiles/cur/0
11-19 15:42:02.848   601   606 D vold    : Preparing: /data/system_de/0
11-19 15:42:02.868   601   606 D vold    : Preparing: /data/misc_de/0
11-19 15:42:02.874   601   606 D vold    : Preparing: /data/user_de/0
11-19 15:42:02.881   601   606 D vold    : e4crypt_unlock_user_key 0 serial=0 token_present=0
11-19 15:42:02.933   618   618 I /system/bin/tzdatacheck: timezone distro dir /data/misc/zoneinfo/current does not exist. No action required.
11-19 15:42:03.397   627   627 I Netd    : Netd 1.0 starting
11-19 15:42:03.405   627   627 D TetherController: Setting IP forward enable = 0
11-19 15:42:03.459   627   627 I Netd    : Creating child chains: 43.7ms
11-19 15:42:03.459   627   627 I Netd    : Setting up OEM hooks: 0.2ms
11-19 15:42:03.468   627   627 I Netd    : Setting up FirewallController hooks: 9.0ms
11-19 15:42:03.474   627   627 I Netd    : Setting up NatController hooks: 5.7ms
11-19 15:42:03.477   627   627 I Netd    : Setting up BandwidthController hooks: 3.3ms
11-19 15:42:03.477   627   627 I Netd    : Setting up IdletimerController hooks: 0.1ms
11-19 15:42:03.484   627   627 I Netd    : Disabling bandwidth control: 7.3ms
11-19 15:42:03.488   627   627 I Netd    : Initializing RouteController: 3.3ms
11-19 15:42:03.490   627   627 E Netd    : Unable to create netlink socket: Protocol not supported
11-19 15:42:03.490   627   627 W Netd    : Unable to open qlog quota socket, check if xt_quota2 can send via UeventHandler
11-19 15:42:03.490   627   627 D MDnsDS  : MDnsSdListener::Hander starting up
11-19 15:42:03.494   627   627 I Netd    : Registering NetdNativeService: 3.5ms
11-19 15:42:03.494   627   627 I Netd    : Starting CommandListener: 0.2ms
11-19 15:42:03.498   627   627 I Netd    : Registering NetdHwService: 3.6ms
11-19 15:42:03.498   627   627 I Netd    : Netd started in 101ms
11-19 15:42:03.500   627   638 D MDnsDS  : MDnsSdListener starting to monitor
11-19 15:42:03.500   627   638 D MDnsDS  : Going to poll with pollCount 1
11-19 15:42:04.173   569   575 E QC-time-services: Daemon:genoff_modem_qmi_service_request: qmi_client_get_service_list returned -2num_services 0
11-19 15:42:04.173   569   574 E QC-time-services: Daemon:genoff_wlan_qmi_service_request: qmi_client_get_service_list returned -2num_services 0
11-19 15:42:04.561   628   628 W ADebug  : Failed to get property persist.sys.media.traces
11-19 15:42:04.803   628   628 V AndroidRuntime: CheckJNI is OFF
11-19 15:42:04.805   628   628 I zygote64: option[0]=-Xzygote
11-19 15:42:04.805   628   628 I zygote64: option[1]=-Xusetombstonedtraces
11-19 15:42:04.806   628   628 I zygote64: option[2]=exit
11-19 15:42:04.806   628   628 I zygote64: option[3]=vfprintf
11-19 15:42:04.806   628   628 I zygote64: option[4]=sensitiveThread
11-19 15:42:04.806   628   628 I zygote64: option[5]=-verbose:gc
11-19 15:42:04.806   628   628 I zygote64: option[6]=-Xms8m
11-19 15:42:04.806   628   628 I zygote64: option[7]=-Xmx512m
11-19 15:42:04.807   628   628 I zygote64: option[8]=-XX:HeapGrowthLimit=256m
11-19 15:42:04.807   628   628 I zygote64: option[9]=-XX:HeapMinFree=512k
11-19 15:42:04.807   628   628 I zygote64: option[10]=-XX:HeapMaxFree=8m
11-19 15:42:04.807   628   628 I zygote64: option[11]=-XX:HeapTargetUtilization=0.75
11-19 15:42:04.807   628   628 I zygote64: option[12]=-Xusejit:true
11-19 15:42:04.808   628   628 I zygote64: option[13]=-Xjitsaveprofilinginfo
11-19 15:42:04.808   628   628 I zygote64: option[14]=-agentlib:jdwp=transport=dt_android_adb,suspend=n,server=y
11-19 15:42:04.808   628   628 I zygote64: option[15]=-Xlockprofthreshold:500
11-19 15:42:04.808   628   628 I zygote64: option[16]=-Ximage-compiler-option
11-19 15:42:04.808   628   628 I zygote64: option[17]=--runtime-arg
11-19 15:42:04.808   628   628 I zygote64: option[18]=-Ximage-compiler-option
11-19 15:42:04.808   628   628 I zygote64: option[19]=-Xms64m
11-19 15:42:04.808   628   628 I zygote64: option[20]=-Ximage-compiler-option
11-19 15:42:04.808   628   628 I zygote64: option[21]=--runtime-arg
11-19 15:42:04.808   628   628 I zygote64: option[22]=-Ximage-compiler-option
11-19 15:42:04.808   628   628 I zygote64: option[23]=-Xmx64m
11-19 15:42:04.809   628   628 I zygote64: option[24]=-Ximage-compiler-option
11-19 15:42:04.809   628   628 I zygote64: option[25]=--image-classes=/system/etc/preloaded-classes
11-19 15:42:04.809   628   628 I zygote64: option[26]=-Ximage-compiler-option
11-19 15:42:04.809   628   628 I zygote64: option[27]=--compiled-classes=/system/etc/compiled-classes
11-19 15:42:04.809   628   628 I zygote64: option[28]=-Ximage-compiler-option
11-19 15:42:04.809   628   628 I zygote64: option[29]=--dirty-image-objects=/system/etc/dirty-image-objects
11-19 15:42:04.810   628   628 I zygote64: option[30]=-Xcompiler-option
11-19 15:42:04.810   628   628 I zygote64: option[31]=--runtime-arg
11-19 15:42:04.810   628   628 I zygote64: option[32]=-Xcompiler-option
11-19 15:42:04.810   628   628 I zygote64: option[33]=-Xms64m
11-19 15:42:04.810   628   628 I zygote64: option[34]=-Xcompiler-option
11-19 15:42:04.810   628   628 I zygote64: option[35]=--runtime-arg
11-19 15:42:04.810   628   628 I zygote64: option[36]=-Xcompiler-option
11-19 15:42:04.811   628   628 I zygote64: option[37]=-Xmx512m
11-19 15:42:04.811   628   628 I zygote64: option[38]=-Ximage-compiler-option
11-19 15:42:04.811   628   628 I zygote64: option[39]=--instruction-set-variant=kryo300
11-19 15:42:04.811   628   628 I zygote64: option[40]=-Xcompiler-option
11-19 15:42:04.811   628   628 I zygote64: option[41]=--instruction-set-variant=kryo300
11-19 15:42:04.811   628   628 I zygote64: option[42]=-Ximage-compiler-option
11-19 15:42:04.811   628   628 I zygote64: option[43]=--instruction-set-features=default
11-19 15:42:04.812   628   628 I zygote64: option[44]=-Xcompiler-option
11-19 15:42:04.812   628   628 I zygote64: option[45]=--instruction-set-features=default
11-19 15:42:04.812   628   628 I zygote64: option[46]=-Duser.locale=zh-CN
11-19 15:42:04.812   628   628 I zygote64: option[47]=--cpu-abilist=arm64-v8a
11-19 15:42:04.812   628   628 I zygote64: option[48]=-Xfingerprint:Android/ocean/ocean:8.1.0/OPM1.171019.026/1530547441:userdebug/dev-keys
11-19 15:42:04.879   628   628 I zygote64: type=1400 audit(0.0:4): avc: denied { ipc_lock } for capability=14 scontext=u:r:zygote:s0 tcontext=u:r:zygote:s0 tclass=capability permissive=1
11-19 15:42:05.107   629   629 W ADebug  : Failed to get property persist.sys.media.traces
11-19 15:42:05.251   629   629 V AndroidRuntime: CheckJNI is OFF
11-19 15:42:05.256   629   629 I zygote  : option[0]=-Xzygote
11-19 15:42:05.256   629   629 I zygote  : option[1]=-Xusetombstonedtraces
11-19 15:42:05.256   629   629 I zygote  : option[2]=exit
11-19 15:42:05.256   629   629 I zygote  : option[3]=vfprintf
11-19 15:42:05.257   629   629 I zygote  : option[4]=sensitiveThread
11-19 15:42:05.257   629   629 I zygote  : option[5]=-verbose:gc
11-19 15:42:05.257   629   629 I zygote  : option[6]=-Xms8m
11-19 15:42:05.257   629   629 I zygote  : option[7]=-Xmx512m
11-19 15:42:05.257   629   629 I zygote  : option[8]=-XX:HeapGrowthLimit=256m
11-19 15:42:05.257   629   629 I zygote  : option[9]=-XX:HeapMinFree=512k
11-19 15:42:05.257   629   629 I zygote  : option[10]=-XX:HeapMaxFree=8m
11-19 15:42:05.257   629   629 I zygote  : option[11]=-XX:HeapTargetUtilization=0.75
11-19 15:42:05.257   629   629 I zygote  : option[12]=-Xusejit:true
11-19 15:42:05.258   629   629 I zygote  : option[13]=-Xjitsaveprofilinginfo
11-19 15:42:05.258   629   629 I zygote  : option[14]=-agentlib:jdwp=transport=dt_android_adb,suspend=n,server=y
11-19 15:42:05.258   629   629 I zygote  : option[15]=-Xlockprofthreshold:500
11-19 15:42:05.258   629   629 I zygote  : option[16]=-Ximage-compiler-option
11-19 15:42:05.258   629   629 I zygote  : option[17]=--runtime-arg
11-19 15:42:05.258   629   629 I zygote  : option[18]=-Ximage-compiler-option
11-19 15:42:05.258   629   629 I zygote  : option[19]=-Xms64m
11-19 15:42:05.258   629   629 I zygote  : option[20]=-Ximage-compiler-option
11-19 15:42:05.258   629   629 I zygote  : option[21]=--runtime-arg
11-19 15:42:05.259   629   629 I zygote  : option[22]=-Ximage-compiler-option
11-19 15:42:05.259   629   629 I zygote  : option[23]=-Xmx64m
11-19 15:42:05.259   629   629 I zygote  : option[24]=-Ximage-compiler-option
11-19 15:42:05.259   629   629 I zygote  : option[25]=--image-classes=/system/etc/preloaded-classes
11-19 15:42:05.259   629   629 I zygote  : option[26]=-Ximage-compiler-option
11-19 15:42:05.259   629   629 I zygote  : option[27]=--compiled-classes=/system/etc/compiled-classes
11-19 15:42:05.259   629   629 I zygote  : option[28]=-Ximage-compiler-option
11-19 15:42:05.259   629   629 I zygote  : option[29]=--dirty-image-objects=/system/etc/dirty-image-objects
11-19 15:42:05.259   629   629 I zygote  : option[30]=-Xcompiler-option
11-19 15:42:05.259   629   629 I zygote  : option[31]=--runtime-arg
11-19 15:42:05.260   629   629 I zygote  : option[32]=-Xcompiler-option
11-19 15:42:05.260   629   629 I zygote  : option[33]=-Xms64m
11-19 15:42:05.260   629   629 I zygote  : option[34]=-Xcompiler-option
11-19 15:42:05.260   629   629 I zygote  : option[35]=--runtime-arg
11-19 15:42:05.260   629   629 I zygote  : option[36]=-Xcompiler-option
11-19 15:42:05.260   629   629 I zygote  : option[37]=-Xmx512m
11-19 15:42:05.260   629   629 I zygote  : option[38]=-Ximage-compiler-option
11-19 15:42:05.260   629   629 I zygote  : option[39]=--instruction-set-variant=cortex-a9
11-19 15:42:05.260   629   629 I zygote  : option[40]=-Xcompiler-option
11-19 15:42:05.261   629   629 I zygote  : option[41]=--instruction-set-variant=cortex-a9
11-19 15:42:05.261   629   629 I zygote  : option[42]=-Ximage-compiler-option
11-19 15:42:05.261   629   629 I zygote  : option[43]=--instruction-set-features=default
11-19 15:42:05.261   629   629 I zygote  : option[44]=-Xcompiler-option
11-19 15:42:05.261   629   629 I zygote  : option[45]=--instruction-set-features=default
11-19 15:42:05.261   629   629 I zygote  : option[46]=-Duser.locale=zh-CN
11-19 15:42:05.261   629   629 I zygote  : option[47]=--cpu-abilist=armeabi-v7a,armeabi
11-19 15:42:05.261   629   629 I zygote  : option[48]=-Xfingerprint:Android/ocean/ocean:8.1.0/OPM1.171019.026/1530547441:userdebug/dev-keys
11-19 15:42:06.097   700   700 I BOOT    : MSM target '', SoC 'MTP', HwID '336', SoC ver '65536'
11-19 15:42:06.166   628   628 W zygote64: !bang JNI is deprecated. Switch to @FastNative for int java.lang.String.getHashCode()
11-19 15:42:06.174   569   574 E QC-time-services: Daemon:genoff_wlan_qmi_service_request: qmi_client_get_service_list returned -2num_services 0
11-19 15:42:06.174   569   575 E QC-time-services: Daemon:genoff_modem_qmi_service_request: qmi_client_get_service_list returned -2num_services 0
11-19 15:42:06.332   706   706 W libc    : Unable to set property "ro.sf.lcd_density" to "480": error code: 0xb
11-19 15:42:06.371   628   628 V AndroidRuntime: --- registering native functions ---
11-19 15:42:06.397   629   629 W zygote  : !bang JNI is deprecated. Switch to @FastNative for int java.lang.String.getHashCode()
11-19 15:42:06.538   628   628 W zygote64: !bang JNI is deprecated. Switch to @FastNative for void android.view.MotionEvent.nativeOffsetLocationSmartisan(long, float, float, int)
11-19 15:42:06.538   628   628 W zygote64: !bang JNI is deprecated. Switch to @FastNative for void android.view.MotionEvent.nativeTransformRawValueByScaleTranslate(long, float, float, float, float)
11-19 15:42:06.551   629   629 V AndroidRuntime: --- registering native functions ---
11-19 15:42:06.629   628   628 D Zygote  : begin preload
11-19 15:42:06.630   628   628 I Zygote  : Installing ICU cache reference pinning...
11-19 15:42:06.630   628   628 I Zygote  : Preloading ICU data...
11-19 15:42:06.736   629   629 W zygote  : !bang JNI is deprecated. Switch to @FastNative for void android.view.MotionEvent.nativeOffsetLocationSmartisan(long, float, float, int)
11-19 15:42:06.737   629   629 W zygote  : !bang JNI is deprecated. Switch to @FastNative for void android.view.MotionEvent.nativeTransformRawValueByScaleTranslate(long, float, float, float, float)
11-19 15:42:06.822   628   628 D Zygote64Timing: BeginIcuCachePinning took to complete: 192ms
11-19 15:42:06.822   628   628 I Zygote  : Preloading classes...
11-19 15:42:06.848   629   629 I zygote  : Explicit concurrent copying GC freed 219(18KB) AllocSpace objects, 0(0B) LOS objects, 98% free, 29KB/1565KB, paused 75us total 7.200ms
11-19 15:42:06.853   629   629 I zygote  : Explicit concurrent copying GC freed 5(32KB) AllocSpace objects, 0(0B) LOS objects, 98% free, 29KB/1565KB, paused 48us total 5.227ms
11-19 15:42:06.854   629   629 D Zygote32Timing: PostZygoteInitGC took to complete: 14ms
11-19 15:42:06.854   629   629 D Zygote32Timing: ZygoteInit took to complete: 18ms
11-19 15:42:06.856   629   629 I         : seccomp disabled by setenforce 0
11-19 15:42:06.856   629   629 I Zygote  : Accepting command socket connections
11-19 15:42:07.092   732   732 I ServiceManagement: Removing namespace from process name android.hidl.allocator@1.0-service to allocator@1.0-s.
11-19 15:42:07.176   738   738 D vndksupport: Loading /vendor/lib64/hw/android.hardware.contexthub@1.0-impl.generic.so from current namespace instead of sphal namespace.
11-19 15:42:07.188   738   738 I ServiceManagement: Removing namespace from process name android.hardware.contexthub@1.0-service to contexthub@1.0-.
11-19 15:42:07.201   738   738 I android.hardware.contexthub@1.0-service: Registration complete for android.hardware.contexthub@1.0::IContexthub/default.
11-19 15:42:07.208   734   734 I android.hardware.bluetooth@1.0-service: registering BT & FM services
11-19 15:42:07.227   744   744 D vndksupport: Loading /vendor/lib64/hw/android.hardware.light@2.0-impl.so from current namespace instead of sphal namespace.
11-19 15:42:07.233   745   745 D vndksupport: Loading /vendor/lib64/hw/android.hardware.memtrack@1.0-impl.so from current namespace instead of sphal namespace.
11-19 15:42:07.237   743   743 D vndksupport: Loading /vendor/lib64/hw/android.hardware.health@1.0-impl.so from current namespace instead of sphal namespace.
11-19 15:42:07.248   742   742 D vndksupport: Loading /vendor/lib64/hw/android.hardware.graphics.composer@2.1-impl.so from current namespace instead of sphal namespace.
11-19 15:42:07.254   743   743 I ServiceManagement: Removing namespace from process name android.hardware.health@1.0-service to health@1.0-serv.
11-19 15:42:07.256   743   743 I android.hardware.health@1.0-service: Registration complete for android.hardware.health@1.0::IHealth/default.
11-19 15:42:07.282   742   742 D vndksupport: Loading /vendor/lib64/hw/hwcomposer.sdm710.so from current namespace instead of sphal namespace.
11-19 15:42:07.283   745   745 D vndksupport: Loading /vendor/lib64/hw/memtrack.sdm710.so from current namespace instead of sphal namespace.
11-19 15:42:07.285   734   734 D vndksupport: Loading /vendor/lib64/hw/android.hardware.bluetooth@1.0-impl-qti.so from current namespace instead of sphal namespace.
11-19 15:42:07.291   741   741 D vndksupport: Loading /vendor/lib64/hw/android.hardware.graphics.allocator@2.0-impl.so from current namespace instead of sphal namespace.
11-19 15:42:07.293   744   744 D vndksupport: Loading /vendor/lib64/hw/lights.sdm710.so from current namespace instead of sphal namespace.
11-19 15:42:07.301   741   741 D vndksupport: Loading /vendor/lib64/hw/gralloc.sdm710.so from current namespace instead of sphal namespace.
11-19 15:42:07.311   745   745 I ServiceManagement: Removing namespace from process name android.hardware.memtrack@1.0-service to memtrack@1.0-se.
11-19 15:42:07.340   756   756 D vendor.qti.hardware.ifaa@1.0-service: IFAA Hardware service is starting
11-19 15:42:07.340   756   756 D vendor.qti.hardware.ifaa@1.0-impl: init ifaa device HAL.
11-19 15:42:07.341   756   756 I ServiceManagement: Removing namespace from process name vendor.qti.hardware.ifaa@1.0-service to ifaa@1.0-servic.
11-19 15:42:07.351   736   736 D android.hardware.cas@1.0-service: android.hardware.cas@1.0-service starting...
11-19 15:42:07.352   736   736 I ServiceManagement: Removing namespace from process name android.hardware.cas@1.0-service to cas@1.0-service.
11-19 15:42:07.369   745   745 I android.hardware.memtrack@1.0-service: Registration complete for android.hardware.memtrack@1.0::IMemtrack/default.
11-19 15:42:07.383   756   756 E vendor.qti.hardware.ifaa@1.0-service: IFAA HAL Ready.
11-19 15:42:07.389   762   762 D vndksupport: Loading /vendor/lib64/hw/vendor.qti.hardware.qteeconnector@1.0-impl.so from current namespace instead of sphal namespace.
11-19 15:42:07.422   764   764 D         : tui_comm: svc service starting :)
11-19 15:42:07.423   764   764 I ServiceManagement: Removing namespace from process name vendor.qti.hardware.tui_comm@1.0-service-qti to tui_comm@1.0-se.
11-19 15:42:07.446   768   768 I PowerADJService: PerformanceService instantiate
11-19 15:42:07.446   768   768 I PowerADJService: PerformanceService created
11-19 15:42:07.452   752   752 I android.hardware.wifi@1.0-service: Wifi Hal is booting up...
11-19 15:42:07.457   755   755 D vndksupport: Loading /vendor/lib64/hw/vendor.qti.hardware.factory@1.0-impl.so from current namespace instead of sphal namespace.
11-19 15:42:07.457   741   741 I ServiceManagement: Removing namespace from process name android.hardware.graphics.allocator@2.0-service to allocator@2.0-s.
11-19 15:42:07.464   755   755 I vendor.qti.hardware.factory@1.0-impl: start to HIDL_FETCH_IFactory
11-19 15:42:07.465   755   755 E vendor.qti.hardware.factory@1.0-impl: Start mmid time:10
11-19 15:42:07.466   768   768 I PowerADJService: PerformanceService r = 0/n
11-19 15:42:07.477   764   764 E         : Registered ITuiComm HAL service success!
11-19 15:42:07.479   762   762 I ServiceManagement: Removing namespace from process name vendor.qti.hardware.qteeconnector@1.0-service to qteeconnector@1.
11-19 15:42:07.484   742   742 I SDM     : HWCSession::StartServices: IDisplayConfig service registration completed.
11-19 15:42:07.484   742   742 D vndksupport: Loading /vendor/lib64/hw/gralloc.sdm710.so from current namespace instead of sphal namespace.
11-19 15:42:07.484   733   733 D vndksupport: Loading /vendor/lib/hw/android.hardware.audio@2.0-impl.so from current namespace instead of sphal namespace.
11-19 15:42:07.486   742   742 I SDM     : HWCSession::Register: Set uevent listener = 0x745786e280
11-19 15:42:07.486   737   737 W /vendor/bin/hw/android.hardware.configstore@1.0-service: libminijail[737]: allowing syscall: connect
11-19 15:42:07.487   737   737 W /vendor/bin/hw/android.hardware.configstore@1.0-service: libminijail[737]: allowing syscall: fcntl
11-19 15:42:07.487   737   737 W /vendor/bin/hw/android.hardware.configstore@1.0-service: libminijail[737]: allowing syscall: sendto
11-19 15:42:07.487   737   737 W /vendor/bin/hw/android.hardware.configstore@1.0-service: libminijail[737]: allowing syscall: socket
11-19 15:42:07.487   737   737 W /vendor/bin/hw/android.hardware.configstore@1.0-service: libminijail[737]: allowing syscall: writev
11-19 15:42:07.490   737   737 W /vendor/bin/hw/android.hardware.configstore@1.0-service: libminijail[737]: logging seccomp filter failures
11-19 15:42:07.492   741   741 I android.hardware.graphics.allocator@2.0-service: Registration complete for android.hardware.graphics.allocator@2.0::IAllocator/default.
11-19 15:42:07.492   737   737 I ServiceManagement: Removing namespace from process name android.hardware.configstore@1.0-service to configstore@1.0.
11-19 15:42:07.496   748   748 D vndksupport: Loading /vendor/lib64/hw/android.hardware.thermal@1.0-impl.so from current namespace instead of sphal namespace.
11-19 15:42:07.498   762   762 D vndksupport: Loading /vendor/lib64/hw/vendor.qti.hardware.qteeconnector@1.0-impl.so from current namespace instead of sphal namespace.
11-19 15:42:07.501   762   762 I ServiceManagement: Removing namespace from process name vendor.qti.hardware.qteeconnector@1.0-service to qteeconnector@1.
11-19 15:42:07.502   744   744 D vndksupport: Loading /vendor/lib64/hw/lights.sdm710.so from current namespace instead of sphal namespace.
11-19 15:42:07.504   744   744 E light   : light_open lights keyboard failed: -22
11-19 15:42:07.504   744   744 E light   : Light passthrough failed to load legacy HAL.
11-19 15:42:07.504   744   744 D vndksupport: Loading /vendor/lib64/hw/lights.sdm710.so from current namespace instead of sphal namespace.
11-19 15:42:07.505   744   744 E light   : light_open lights buttons failed: -22
11-19 15:42:07.505   744   744 E light   : Light passthrough failed to load legacy HAL.
11-19 15:42:07.505   744   744 D vndksupport: Loading /vendor/lib64/hw/lights.sdm710.so from current namespace instead of sphal namespace.
11-19 15:42:07.507   763   763 D vndksupport: Loading /vendor/lib64/hw/vendor.qti.hardware.sensorscalibrate@1.0-impl.so from current namespace instead of sphal namespace.
11-19 15:42:07.510   748   748 D vndksupport: Loading /vendor/lib64/hw/thermal.sdm710.so from current namespace instead of sphal namespace.
11-19 15:42:07.530   742   742 I SDM     : ExtensionInterface::CreateExtensionInterface: 
11-19 15:42:07.530   742   742 I SDM     : SDM-EXTENSION Version: Date: 06/12/18, Commit: 77013fa, Change: I8bad054285
11-19 15:42:07.542   754   754 I LocSvc_HIDL_vendor.qti.gnss@1.2-service: main
11-19 15:42:07.546   748   748 I ServiceManagement: Removing namespace from process name android.hardware.thermal@1.0-service to thermal@1.0-ser.
11-19 15:42:07.548   734   734 D vendor.qti.bluetooth@1.0-bluetooth_address: GetLocalAddress, local bdaddr is stored in /persist/bd_addr.txt
11-19 15:42:07.548   734   734 D vendor.qti.bluetooth@1.0-bluetooth_address: GetLocalAddress: Got Factory BDA 34:D7:12:A0:FB:E4
11-19 15:42:07.549   751   751 D vndksupport: Loading /vendor/lib64/hw/android.hardware.vibrator@1.0-impl.so from current namespace instead of sphal namespace.
11-19 15:42:07.549   748   748 I android.hardware.thermal@1.0-service: Registration complete for android.hardware.thermal@1.0::IThermal/default.
11-19 15:42:07.551   733   733 I ServiceManagement: Removing namespace from process name android.hardware.audio@2.0-service to audio@2.0-servi.
11-19 15:42:07.551   734   734 I ServiceManagement: Removing namespace from process name android.hardware.bluetooth@1.0-service-qti to bluetooth@1.0-s.
11-19 15:42:07.554   734   734 I android.hardware.bluetooth@1.0-service: Registration complete for android.hardware.bluetooth@1.0::IBluetoothHci/default.
11-19 15:42:07.555   734   734 E android.hardware.bluetooth@1.0-service: Could not get passthrough implementation for vendor.qti.hardware.fm@1.0::IFmHci/default.
11-19 15:42:07.555   734   734 I android.hardware.bluetooth@1.0-service: Error while registering FM service: 1
11-19 15:42:07.556   754   754 D vndksupport: Loading /vendor/lib64/hw/android.hardware.gnss@1.0-impl-qti.so from current namespace instead of sphal namespace.
11-19 15:42:07.557   734   734 D vndksupport: Loading /vendor/lib64/hw/com.qualcomm.qti.ant@1.0-impl.so from current namespace instead of sphal namespace.
11-19 15:42:07.557   751   751 D vndksupport: Loading /vendor/lib64/hw/vibrator.default.so from current namespace instead of sphal namespace.
11-19 15:42:07.566   758   758 I Limits-SVC: vendor::qti::hardware::limits svc is starting up...
11-19 15:42:07.568   733   733 I audiohalservice: Registration complete for android.hardware.audio@2.0::IDevicesFactory/default.
11-19 15:42:07.572   744   744 D vndksupport: Loading /vendor/lib64/hw/lights.sdm710.so from current namespace instead of sphal namespace.
11-19 15:42:07.573   744   744 D vndksupport: Loading /vendor/lib64/hw/lights.sdm710.so from current namespace instead of sphal namespace.
11-19 15:42:07.574   751   751 D VibSvc_hal: Vibrator using LED trigger
11-19 15:42:07.574   744   744 D vndksupport: Loading /vendor/lib64/hw/lights.sdm710.so from current namespace instead of sphal namespace.
11-19 15:42:07.588   751   751 D VibSvc_cfg: haptics: vib_read_conf: using /vendor/etc/haptics/hap.conf
11-19 15:42:07.588   751   751 D VibSvc_cfg: haptics: vib_read_conf_r: num_params: 7
11-19 15:42:07.593   751   751 D VibSvc_cfg: haptics: vib_set_config_entry: PARAM SUPPORTS_SET_AMPLITUDE = 1
11-19 15:42:07.593   751   751 D VibSvc_cfg: haptics: vib_set_config_entry: PARAM SUPPORTS_HAP_FEEDBACK = 1
11-19 15:42:07.593   751   751 D VibSvc_cfg: haptics: vib_set_config_entry: PARAM IMPACT_LIGHT = 1c 1c 1c
11-19 15:42:07.593   751   751 D VibSvc_cfg: haptics: vib_set_config_entry: PARAM IMPACT_MEDIUM = 2c 2c 2c
11-19 15:42:07.593   751   751 D VibSvc_cfg: haptics: vib_set_config_entry: PARAM IMPACT_HEAVY = 3c 3c 3c
11-19 15:42:07.594   751   751 D VibSvc_cfg: haptics: vib_set_config_entry: PARAM SELECTION = 3e 1c be
11-19 15:42:07.594   751   751 D VibSvc_cfg: haptics: vib_read_conf_r: fgets returned NULL
11-19 15:42:07.596   744   744 E light   : light_open lights bluetooth failed: -22
11-19 15:42:07.596   744   744 E light   : Light passthrough failed to load legacy HAL.
11-19 15:42:07.596   744   744 D vndksupport: Loading /vendor/lib64/hw/lights.sdm710.so from current namespace instead of sphal namespace.
11-19 15:42:07.597   744   744 E light   : light_open lights wifi failed: -22
11-19 15:42:07.598   744   744 E light   : Light passthrough failed to load legacy HAL.
11-19 15:42:07.599   742   742 I android.hardwar: type=1400 audit(0.0:5): avc: denied { read } for name="name" dev="sysfs" ino=51012 scontext=u:r:hal_graphics_composer_default:s0 tcontext=u:object_r:sysfs:s0 tclass=file permissive=1
11-19 15:42:07.599   742   742 I android.hardwar: type=1400 audit(0.0:6): avc: denied { open } for path="/sys/devices/platform/soc/soc:qcom,cam-req-mgr/video4linux/video0/name" dev="sysfs" ino=51012 scontext=u:r:hal_graphics_composer_default:s0 tcontext=u:object_r:sysfs:s0 tclass=file permissive=1
11-19 15:42:07.599   742   742 I android.hardwar: type=1400 audit(0.0:7): avc: denied { getattr } for path="/sys/devices/platform/soc/soc:qcom,cam-req-mgr/video4linux/video0/name" dev="sysfs" ino=51012 scontext=u:r:hal_graphics_composer_default:s0 tcontext=u:object_r:sysfs:s0 tclass=file permissive=1
11-19 15:42:07.603   742   742 I SDM     : HWInfoDRM::GetHWPlanesInfo: Adding VIG Pipe : Id 3a, master_pipe_id : Id 0
11-19 15:42:07.603   742   742 I SDM     : HWInfoDRM::GetHWPlanesInfo: Adding VIG Pipe : Id 54, master_pipe_id : Id 0
11-19 15:42:07.603   742   742 I SDM     : HWInfoDRM::GetHWPlanesInfo: Adding DMA Pipe : Id 56, master_pipe_id : Id 0
11-19 15:42:07.603   742   742 I SDM     : HWInfoDRM::GetHWPlanesInfo: Adding DMA Pipe : Id 58, master_pipe_id : Id 0
11-19 15:42:07.604   742   742 I SDM     : HWInfoDRM::GetHWPlanesInfo: Adding DMA Pipe : Id 5a, master_pipe_id : Id 0
11-19 15:42:07.604   742   742 I SDM     : HWInfoDRM::GetHWPlanesInfo: Adding DMA Pipe : Id 5c, master_pipe_id : Id 56
11-19 15:42:07.604   742   742 I SDM     : HWInfoDRM::GetHWPlanesInfo: Adding DMA Pipe : Id 5f, master_pipe_id : Id 58
11-19 15:42:07.604   742   742 I SDM     : HWInfoDRM::GetHWPlanesInfo: Adding DMA Pipe : Id 61, master_pipe_id : Id 5a
11-19 15:42:07.604   742   742 I SDM     : HWInfoDRM::GetHWPlanesInfo: Adding DMA Pipe : Id 63, master_pipe_id : Id 3a
11-19 15:42:07.604   742   742 I SDM     : HWInfoDRM::GetHWPlanesInfo: Adding DMA Pipe : Id 65, master_pipe_id : Id 54
