11-19 15:42:22.321   733  1611 D ACDB-LOADER: ACDB -> ACDB_CMD_GET_ANC_SETTING
11-19 15:42:22.321   733  1611 D         : Failed to fetch the lookup information of the device 0000001E 
11-19 15:42:22.321   733  1611 E ACDB-LOADER: Error: ACDB ANC returned = -19
11-19 15:42:22.321   733  1611 D ACDB-LOADER: ACDB -> ACDB_CMD_GET_ANC_SETTING
11-19 15:42:22.321   733  1611 D         : Failed to fetch the lookup information of the device 0000001F 
11-19 15:42:22.321   733  1611 E ACDB-LOADER: Error: ACDB ANC returned = -19
11-19 15:42:22.321   733  1611 D ACDB-LOADER: ACDB -> ACDB_CMD_GET_ANC_SETTING
11-19 15:42:22.321   733  1611 D         : Failed to fetch the lookup information of the device 0000001F 
11-19 15:42:22.321   733  1611 E ACDB-LOADER: Error: ACDB ANC returned = -19
11-19 15:42:22.321   733  1611 D ACDB-LOADER: ACDB -> ACDB_CMD_GET_ANC_SETTING
11-19 15:42:22.321   733  1611 D         : Failed to fetch the lookup information of the device 0000001F 
11-19 15:42:22.321   733  1611 E ACDB-LOADER: Error: ACDB ANC returned = -19
11-19 15:42:22.321   733  1611 D ACDB-LOADER: ACDB -> ACDB_CMD_GET_ANC_SETTING
11-19 15:42:22.321   733  1611 D         : Failed to fetch the lookup information of the device 00000067 
11-19 15:42:22.321   733  1611 E ACDB-LOADER: Error: ACDB ANC returned = -19
11-19 15:42:22.321   733  1611 D ACDB-LOADER: ACDB -> ACDB_CMD_GET_ANC_SETTING
11-19 15:42:22.321   733  1611 D         : Failed to fetch the lookup information of the device 00000067 
11-19 15:42:22.321   733  1611 E ACDB-LOADER: Error: ACDB ANC returned = -19
11-19 15:42:22.321   733  1611 D ACDB-LOADER: ACDB -> ACDB_CMD_GET_ANC_SETTING
11-19 15:42:22.321   733  1611 D         : Failed to fetch the lookup information of the device 00000067 
11-19 15:42:22.321   733  1611 E ACDB-LOADER: Error: ACDB ANC returned = -19
11-19 15:42:22.321   733  1611 D ACDB-LOADER: ACDB -> ACDB_CMD_GET_ANC_SETTING
11-19 15:42:22.321   733  1611 D         : Failed to fetch the lookup information of the device 00000056 
11-19 15:42:22.321   733  1611 E ACDB-LOADER: Error: ACDB ANC returned = -19
11-19 15:42:22.321   733  1611 D ACDB-LOADER: ACDB -> ACDB_CMD_GET_ANC_SETTING
11-19 15:42:22.321   733  1611 D         : Failed to fetch the lookup information of the device 00000056 
11-19 15:42:22.321   733  1611 E ACDB-LOADER: Error: ACDB ANC returned = -19
11-19 15:42:22.321   733  1611 D ACDB-LOADER: ACDB -> ACDB_CMD_GET_ANC_SETTING
11-19 15:42:22.322   733  1611 D         : Failed to fetch the lookup information of the device 00000056 
11-19 15:42:22.322   733  1611 E ACDB-LOADER: Error: ACDB ANC returned = -19
11-19 15:42:22.322   733  1611 D ACDB-LOADER: ACDB -> ACDB_CMD_GET_ANC_SETTING
11-19 15:42:22.322   733  1611 D         : Failed to fetch the lookup information of the device 00000059 
11-19 15:42:22.322   733  1611 E ACDB-LOADER: Error: ACDB ANC returned = -19
11-19 15:42:22.322   733  1611 D ACDB-LOADER: ACDB -> ACDB_CMD_GET_ANC_SETTING
11-19 15:42:22.322   733  1611 D         : Failed to fetch the lookup information of the device 00000059 
11-19 15:42:22.322   733  1611 E ACDB-LOADER: Error: ACDB ANC returned = -19
11-19 15:42:22.322   733  1611 D ACDB-LOADER: ACDB -> ACDB_CMD_GET_ANC_SETTING
11-19 15:42:22.322   733  1611 D         : Failed to fetch the lookup information of the device 00000059 
11-19 15:42:22.322   733  1611 E ACDB-LOADER: Error: ACDB ANC returned = -19
11-19 15:42:22.322   733  1611 E msm8974_platform: send_codec_cal: anc_cal Failed to call ioctl, err=14
11-19 15:42:22.322   733  1611 D ACDB-LOADER: send mbhc data
11-19 15:42:22.322   733  1611 D ACDB-LOADER: ACDB -> MBHC ACDB_PID_GENERAL_CONFIG
11-19 15:42:22.322   733  1611 D ACDB-LOADER: ACDB -> MBHC ACDB_PID_PLUG_REMOVAL_DETECTION
11-19 15:42:22.322   733  1611 D ACDB-LOADER: ACDB -> MBHC ACDB_PID_PLUG_TYPE_DETECTION
11-19 15:42:22.322   733  1611 D ACDB-LOADER: ACDB -> MBHC ACDB_PID_BUTTON_PRESS_DETECTION
11-19 15:42:22.322   733  1611 D ACDB-LOADER: ACDB -> MBHC ACDB_PID_IMPEDANCE_DETECTION
11-19 15:42:22.322   733  1611 D msm8974_platform: send_codec_cal: mbhc_cal cal sent successfully
11-19 15:42:22.322   733  1611 D ACDB-LOADER: send vbat data
11-19 15:42:22.322   733  1611 D ACDB-LOADER: ACDB -> VBAT ACDB_PID_ADC_CAL
11-19 15:42:22.322   733  1611 D ACDB-LOADER: ACDB -> VBAT ACDB_PID_GAIN_PROC
11-19 15:42:22.322   733  1611 D ACDB-LOADER: send vbat data, calling convert_vbat_data
11-19 15:42:22.322   733  1611 D ACDB-LOADER: copied vbat cal size =72
11-19 15:42:22.322   733  1611 E msm8974_platform: send_codec_cal: vbat_cal Failed to call ioctl, err=14
11-19 15:42:22.323   733  1611 D audio_log_utils: read_module
11-19 15:42:22.323   733  1611 D audio_log_utils: read_module: calling parse module xml file
11-19 15:42:22.323   733  1611 D audio_log_utils: parse_module_xml_file: parse hal log mask
11-19 15:42:22.323   733  1611 D log_xml_parser: parse_log_xml: Failed to open file /data/vendor/misc/audio/audio_dynamic_log.xml
11-19 15:42:22.323   733  1611 E audio_log_utils: parse_module_xml_file: could not parse hal logmask
11-19 15:42:22.323   733  1611 D audio_log_utils: parse_module_xml_file: exit
11-19 15:42:22.324   733  1725 D audio_log_utils: monitor_mod_file_change
11-19 15:42:22.325   733  1611 W msm8974_platform: init_be_dai_name_table: sound device  has no hw interface set
11-19 15:42:22.325   733  1611 D msm8974_platform: init_be_dai_name_table: sound device speaker-and-headphones does not have a valid hw interface set (disregard for combo devices) PRI_MI2S_RX-and-INT0_MI2S_RX
11-19 15:42:22.325   733  1611 D msm8974_platform: init_be_dai_name_table: sound device speaker-and-line does not have a valid hw interface set (disregard for combo devices) PRI_MI2S_RX-and-INT0_MI2S_RX
11-19 15:42:22.325   733  1611 D msm8974_platform: init_be_dai_name_table: sound device speaker-and-headphones-ext-1 does not have a valid hw interface set (disregard for combo devices) PRI_MI2S_RX-and-INT0_MI2S_RX
11-19 15:42:22.325   733  1611 D msm8974_platform: init_be_dai_name_table: sound device speaker-and-headphones-ext-2 does not have a valid hw interface set (disregard for combo devices) PRI_MI2S_RX-and-INT0_MI2S_RX
11-19 15:42:22.325   733  1611 D msm8974_platform: init_be_dai_name_table: sound device speaker-and-hdmi does not have a valid hw interface set (disregard for combo devices) PRI_MI2S_RX-and-HDMI
11-19 15:42:22.325   733  1611 D msm8974_platform: init_be_dai_name_table: sound device speaker-and-display-port does not have a valid hw interface set (disregard for combo devices) PRI_MI2S_RX-and-DISPLAY_PORT
11-19 15:42:22.325   733  1611 D msm8974_platform: init_be_dai_name_table: sound device speaker-and-bt-a2dp does not have a valid hw interface set (disregard for combo devices) PRI_MI2S_RX-and-SLIMBUS_7_RX
11-19 15:42:22.325   733  1611 D msm8974_platform: init_be_dai_name_table: sound device speaker-and-bt-sco does not have a valid hw interface set (disregard for combo devices) PRI_MI2S_RX-and-SLIMBUS_7_RX
11-19 15:42:22.325   733  1611 D msm8974_platform: init_be_dai_name_table: sound device speaker-and-bt-sco-wb does not have a valid hw interface set (disregard for combo devices) PRI_MI2S_RX-and-SLIMBUS_7_RX
11-19 15:42:22.325   733  1611 D msm8974_platform: init_be_dai_name_table: sound device speaker-and-usb-headphones does not have a valid hw interface set (disregard for combo devices) PRI_MI2S_RX-and-USB_AUDIO_RX
11-19 15:42:22.325   733  1611 D msm8974_platform: init_be_dai_name_table: sound device speaker-and-anc-headphones does not have a valid hw interface set (disregard for combo devices) PRI_MI2S_RX-and-INT0_MI2S_RX
11-19 15:42:22.325   733  1611 D msm8974_platform: init_be_dai_name_table: sound device speaker-and-anc-fb-headphones does not have a valid hw interface set (disregard for combo devices) PRI_MI2S_RX-and-SLIMBUS_6_RX
11-19 15:42:22.325   733  1611 W msm8974_platform: init_be_dai_name_table: sound device speaker-protected has no hw interface set
11-19 15:42:22.325   733  1611 W msm8974_platform: init_be_dai_name_table: sound device speaker-protected-vbat has no hw interface set
11-19 15:42:22.325   733  1611 D msm8974_platform: init_be_dai_name_table: sound device voice-speaker-and-voice-headphones does not have a valid hw interface set (disregard for combo devices) PRI_MI2S_RX-and-SLIMBUS_6_RX
11-19 15:42:22.325   733  1611 D msm8974_platform: init_be_dai_name_table: sound device voice-speaker-and-voice-anc-headphones does not have a valid hw interface set (disregard for combo devices) PRI_MI2S_RX-and-SLIMBUS_6_RX
11-19 15:42:22.325   733  1611 D msm8974_platform: init_be_dai_name_table: sound device voice-speaker-and-voice-anc-fb-headphones does not have a valid hw interface set (disregard for combo devices) PRI_MI2S_RX-and-SLIMBUS_6_RX
11-19 15:42:22.326   733  1611 W msm8974_platform: init_be_dai_name_table: sound device usb-headset-mic has no hw interface set
11-19 15:42:22.326   733  1611 I chatty  : uid=1041(audioserver) HwBinder:733_1 identical 2 lines
11-19 15:42:22.326   733  1611 W msm8974_platform: init_be_dai_name_table: sound device usb-headset-mic has no hw interface set
11-19 15:42:22.326   733  1611 W msm8974_platform: init_be_dai_name_table: sound device (null) has no hw interface set
11-19 15:42:22.326   733  1611 I chatty  : uid=1041(audioserver) HwBinder:733_1 identical 2 lines
11-19 15:42:22.326   733  1611 W msm8974_platform: init_be_dai_name_table: sound device (null) has no hw interface set
11-19 15:42:22.326   733  1611 W msm8974_platform: init_be_dai_name_table: sound device incall-rec-rx-tx has no hw interface set
11-19 15:42:22.326   733  1611 D audio_hw_extn: audio_extn_can_use_ras: ras.enabled property is set to 0
11-19 15:42:22.326   733  1611 D msm8974_platform: platform_init: Fluence_Type(1) max_mic_count(4) mic_type(0xf) fluence_in_voice_call(1) fluence_in_voice_rec(0) fluence_in_spkr_mode(0) fluence_in_hfp_call(0) 
11-19 15:42:22.328   733  1611 D split_a2dp: get_offload_codec_capabilities = sbc-aptx-aptxtws-aptxhd
11-19 15:42:22.328   733  1611 D split_a2dp: a2dp_offload_codec_cap_parser: SBC offload supported
11-19 15:42:22.328   733  1611 D split_a2dp: update_offload_codec_capabilities: codec cap = sbc
11-19 15:42:22.328   733  1611 D audio_hw_ssr: audio_extn_ssr_update_enabled: surround sound recording is not supported
11-19 15:42:22.328   733  1611 D audio_hw_spkr_prot: audio_extn_spkr_prot_init: Initialize speaker protection module
11-19 15:42:22.328   733  1611 D audio_hw_spkr_prot: audio_extn_spkr_prot_init: Speaker protection disabled
11-19 15:42:22.331   733  1611 D msm8974_platform: platform_get_mixer_control: mixer ctl not obtained
11-19 15:42:22.331   733  1611 I chatty  : uid=1041(audioserver) HwBinder:733_1 identical 2 lines
11-19 15:42:22.331   733  1611 D msm8974_platform: platform_get_mixer_control: mixer ctl not obtained
11-19 15:42:22.339   629   629 I Zygote  : Warmed up JCA providers in 26ms.
11-19 15:42:22.383   629   629 V BoostFramework: mUseProfile method = public int com.qualcomm.qti.Performance.perfLockUseProfile(int)
11-19 15:42:22.384   629   629 V BoostFramework: mSetCoolingDevice method = public int com.qualcomm.qti.Performance.perfSetCoolingDevice(java.lang.String,int)
11-19 15:42:22.384   629   629 D Zygote  : end preload
11-19 15:42:22.385  1116  1271 D SystemServerTimingAsync: SecondaryZygotePreload took to complete: 1761ms
11-19 15:42:22.385  1116  1271 D SystemServerInitThreadPool: Finished executing SecondaryZygotePreload
11-19 15:42:22.387  1116  1116 D WifiApConfigStore: mConcurrencyCfgTemplateFile : /vendor/etc/wifi/wifi_concurrency_cfg.txt
11-19 15:42:22.394  1116  1116 D WifiApConfigStore: mConcurrencyCfgTemplateFile line: ENABLE_STA_SAP_CONCURRENCY:0
11-19 15:42:22.395  1116  1116 D WifiApConfigStore: mConcurrencyCfgTemplateFile EnableConcurrency = false
11-19 15:42:22.395  1116  1116 D WifiApConfigStore: mConcurrencyCfgTemplateFile line: SAP_CHANNEL:6
11-19 15:42:22.395  1116  1116 D WifiApConfigStore: mConcurrencyCfgTemplateFile SAPChannel = 6
11-19 15:42:22.411   733  1611 D audio_hw_utils: audio_extn_utils_update_streams_cfg_lists: failed to open io config file(/vendor/etc/audio_io_policy.conf), trying older config file
11-19 15:42:22.421   733  1611 D qahwi   : qahwi_init
11-19 15:42:22.422   733  1611 E audio_hw_extn: audio_extn_perf_lock_init: Perf lock handles Success 
11-19 15:42:22.423   733  1611 W audio_hw_sndmonitor: access /proc/asound/card0/cpe0_state failed w/ err No such file or directory
11-19 15:42:22.424   733  1611 I soundtrigger: audio_extn_sound_trigger_init: Enter
11-19 15:42:22.426   733  1611 I soundtrigger: audio_extn_sound_trigger_init: DLOPEN successful for /vendor/lib/hw/sound_trigger.primary.sdm710.so
11-19 15:42:22.427   733  1611 W DeviceHAL: Device 0xe9da2000 get_master_volume: Function not implemented
11-19 15:42:22.427   733  1611 W DeviceHAL: Device 0xe9da2000 get_master_mute: Function not implemented
11-19 15:42:22.428   733  1611 W DeviceHAL: Device 0xe9da2000 set_master_volume: Function not implemented
11-19 15:42:22.428   733  1611 W DeviceHAL: Device 0xe9da2000 set_master_mute: Function not implemented
11-19 15:42:22.428   888   888 I AudioFlinger: loadHwModule() Loaded primary audio interface, handle 10
11-19 15:42:22.429   888   888 I AudioFlinger: openOutput() this 0xf4f45000, module 10 Device 2, SamplingRate 48000, Format 0x000001, Channels 3, flags 6
11-19 15:42:22.429   733  1611 D audio_hw_primary: adev_open_output_stream: enter: format(0x1) sample_rate(48000) channel_mask(0x3) devices(0x2) flags(0x6)        stream_handle(0xe9bea000)
11-19 15:42:22.429   733  1611 I audio_hw_primary: adev_open_output_stream: dynamic qos voting not enabled for platform
11-19 15:42:22.429   733  1611 D audio_hw_primary: adev_open_output_stream: Stream (0xe9bea000) picks up usecase (low-latency-playback)
11-19 15:42:22.432   888   888 I AudioFlinger: HAL output buffer size 192 frames, normal sink buffer size 960 frames
11-19 15:42:22.437   733  1611 E EffectsConfig: Failed to parse /vendor/etc/audio_effects.xml: Tinyxml2 error (3): /vendor/etc/audio_effects.xml (null)
11-19 15:42:22.437   733  1611 E EffectsFactoryConfigLoader: Failed to parse XML configuration file
11-19 15:42:22.437   733  1611 W EffectsFactory: Failed to load XML effect configuration, fallback to .conf
11-19 15:42:22.450  1116  1116 D WifiStateMachine: fst disabled
11-19 15:42:22.464  1116  1727 E IpManager.wlan0: ERROR Failed to disable IPv6: java.lang.IllegalStateException: command '1 interface ipv6 wlan0 disable' failed with '400 1 Failed to change IPv6 state (No such file or directory)'
11-19 15:42:22.465  1116  1724 E HalDeviceManager: isSupported: called but mServiceManager is null!?
11-19 15:42:22.465  1116  1724 I WifiNative-wlan0: Vendor HAL not supported, Ignore stop...
11-19 15:42:22.465  1116  1724 D WificondControl: tearing down interfaces in wificond
11-19 15:42:22.465   627   642 D CommandListener: Clearing all IP addresses on wlan0
11-19 15:42:22.468   912   912 E wificond: Failed to get wiphy indices
11-19 15:42:22.475  1116  1116 D WifiController: isAirplaneModeOn = true, isScanningAvailable = false
11-19 15:42:22.480  1116  1116 E SupplicantStaIfaceHal: Can't call setDebugParams, ISupplicant is null
11-19 15:42:22.481  1116  1116 W WifiDiags: no ring buffers found
11-19 15:42:22.481  1116  1116 W WifiDiags: Failed to start packet fate monitoring
11-19 15:42:22.481  1116  1116 I WifiService: Registering wifi
11-19 15:42:22.482  1116  1116 D SystemServerTiming: StartWifi took to complete: 354ms
11-19 15:42:22.482  1116  1116 I SystemServer: StartWifiScanning
11-19 15:42:22.484  1116  1116 I SystemServiceManager: Starting com.android.server.wifi.scanner.WifiScanningService
11-19 15:42:22.484  1116  1116 I WifiScanningService: Creating wifiscanner
11-19 15:42:22.486  1116  1116 I WifiScanningService: Publishing wifiscanner
11-19 15:42:22.488  1116  1116 D SystemServerTiming: StartWifiScanning took to complete: 5ms
11-19 15:42:22.488  1116  1116 I SystemServer: No Wi-Fi Aware Service (Aware support Not Present)
11-19 15:42:22.488  1116  1116 I SystemServer: StartWifiP2P
11-19 15:42:22.489  1116  1116 I SystemServiceManager: Starting com.android.server.wifi.p2p.WifiP2pService
11-19 15:42:22.498  1116  1116 I WifiP2pService: Registering wifip2p
11-19 15:42:22.500  1116  1116 D SystemServerTiming: StartWifiP2P took to complete: 11ms
11-19 15:42:22.500  1116  1116 I SystemServer: StartEthernet
11-19 15:42:22.501  1116  1116 I SystemServiceManager: Starting com.android.server.ethernet.EthernetService
11-19 15:42:22.502  1116  1116 I EthernetServiceImpl: Creating EthernetConfigStore
11-19 15:42:22.510  1116  1116 E IpConfigStore: Error opening configuration file: java.io.FileNotFoundException: /data/misc/ethernet/ipconfig.txt (No such file or directory)
11-19 15:42:22.510  1116  1116 W EthernetConfigStore: No Ethernet configuration found. Using default.
11-19 15:42:22.511  1116  1116 I EthernetServiceImpl: Read stored IP configuration: IP assignment: DHCP
11-19 15:42:22.511  1116  1116 I EthernetServiceImpl: Proxy settings: NONE
11-19 15:42:22.515  1116  1116 I EthernetService: Registering service ethernet
11-19 15:42:22.517  1116  1116 D SystemServerTiming: StartEthernet took to complete: 17ms
11-19 15:42:22.517  1116  1116 I SystemServer: StartConnectivityService
11-19 15:42:22.525  1116  1116 D ConnectivityService: ConnectivityService starting up
11-19 15:42:22.547  1116  1116 D ConnectivityService: wifiOnly=false
11-19 15:42:22.548  1116  1116 E ConnectivityService: Ignoring protectedNetwork 14
11-19 15:42:22.567  1116  1116 D SystemServerTiming: StartConnectivityService took to complete: 50ms
11-19 15:42:22.567  1116  1116 I SystemServer: StartNsdService
11-19 15:42:22.571  1116  1116 D NsdService: Network service discovery is enabled
11-19 15:42:22.575  1116  1116 D SystemServerTiming: StartNsdService took to complete: 7ms
11-19 15:42:22.575  1116  1116 I SystemServer: StartUpdateLockService
11-19 15:42:22.578  1116  1116 D SystemServerTiming: StartUpdateLockService took to complete: 4ms
11-19 15:42:22.579  1116  1116 I SystemServer: WaitForAsecScan
11-19 15:42:22.579  1116  1116 D SystemServerTiming: WaitForAsecScan took to complete: 0ms
11-19 15:42:22.579  1116  1116 I SystemServer: StartNotificationManager
11-19 15:42:22.580  1116  1116 I SystemServiceManager: Starting com.android.server.notification.NotificationManagerService
11-19 15:42:22.597   733  1611 W EffectsFactoryConfigLoader: Error querying effect 7d1580bd-297f-4683-9239-e475b6d1d69f on lib offload_bundle
11-19 15:42:22.597   733  1611 D volume_listener: init_once Called 
11-19 15:42:22.599   733  1611 D msm8974_platform: platform_get_gain_level_mapping: empty or currupted gain_mapping_table
11-19 15:42:22.599   733  1611 D volume_listener: init_once: using default volume table
11-19 15:42:22.600   888   888 I BufferProvider: found effect "Multichannel Downmix To Stereo" from The Android Open Source Project
11-19 15:42:22.603   888   888 I AudioFlinger: Using module 10 as the primary audio interface
11-19 15:42:22.603   888  1739 I AudioFlinger: AudioFlinger's thread 0xf3803d40 tid=1739 ready to run
11-19 15:42:22.604   733   733 D audio_hw_primary: out_standby: enter: stream (0xe9bea000) usecase(1: low-latency-playback)
11-19 15:42:22.604   733   733 D audio_hw_primary: out_standby: exit
11-19 15:42:22.604   888   888 W AudioFlinger: moveEffects() bad srcOutput 0
11-19 15:42:22.605   888   888 D APM_AudioPolicyManager: setOutputDevice() device 0002 delayMs 0
11-19 15:42:22.605   888   888 I APM_AudioPolicyManager: setOutputDevice() io 13 prevDevice 0x0002, cur 0x0002
11-19 15:42:22.605   888   888 I APM_AudioPolicyManager: setOutputDevice() changing device
11-19 15:42:22.606   733   733 D audio_hw_primary: out_set_parameters: enter: usecase(1: low-latency-playback) kvpairs: routing=2
11-19 15:42:22.606   733   733 D audio_hw_extn: audio_extn_set_anc_parameters: anc_enabled:0
11-19 15:42:22.606   733   733 D audio_hw_spkr_prot: audio_extn_fbsp_set_parameters: Speaker protection disabled
11-19 15:42:22.611   888   888 I AudioFlinger: openOutput() this 0xf4f45000, module 10 Device 2, SamplingRate 48000, Format 0x000001, Channels 3, flags 8
11-19 15:42:22.611   733  1740 D audio_hw_primary: adev_open_output_stream: enter: format(0x1) sample_rate(48000) channel_mask(0x3) devices(0x2) flags(0x8)        stream_handle(0xe9bae000)
11-19 15:42:22.611   733  1740 D audio_hw_primary: adev_open_output_stream: Stream (0xe9bae000) picks up usecase (deep-buffer-playback)
11-19 15:42:22.613   888   888 I AudioFlinger: HAL output buffer size 1920 frames, normal sink buffer size 1920 frames
11-19 15:42:22.615   888   888 D APM_AudioPolicyManager: setOutputDevice() device 0002 delayMs 0
11-19 15:42:22.615   888   888 I APM_AudioPolicyManager: setOutputDevice() io 21 prevDevice 0x0002, cur 0x0002
11-19 15:42:22.615   888  1741 I AudioFlinger: AudioFlinger's thread 0xf3503e40 tid=1741 ready to run
11-19 15:42:22.615   888   888 I APM_AudioPolicyManager: setOutputDevice() changing device
11-19 15:42:22.616  1116  1116 D ConditionProviders.SCP: new ScheduleConditionProvider()
11-19 15:42:22.616   988  1084 I LocSvc_api_v02: ---> locClientSendReq line 2144 QMI_LOC_INJECT_APCACHE_DATA_REQ_V02
11-19 15:42:22.616   733   733 D audio_hw_primary: out_standby: enter: stream (0xe9bae000) usecase(0: deep-buffer-playback)
11-19 15:42:22.616   733   733 D audio_hw_primary: out_standby: exit
11-19 15:42:22.617   733   733 D audio_hw_primary: out_set_parameters: enter: usecase(0: deep-buffer-playback) kvpairs: routing=2
11-19 15:42:22.619   988  1420 I LocSvc_ApiV02: <--- globalRespCb line 141 QMI_LOC_INJECT_APCACHE_DATA_REQ_V02
11-19 15:42:22.619   923   955 V QCALOG  : [MessageQ] wait result 1
11-19 15:42:22.619   923   955 V QCALOG  : [MessageQueueClientInfo] GTP-FDAL: read
11-19 15:42:22.619   923   955 V QCALOG  : [MessageQueueClientInfo] just read 4 bytes
11-19 15:42:22.619   923   955 V QCALOG  : [MessageQ] wait result 1
11-19 15:42:22.619   923   955 V QCALOG  : [MessageQueueClientInfo] GTP-FDAL: read
11-19 15:42:22.619  1116  1116 D DisturbModeUtils: DisturbModeUtils
11-19 15:42:22.619   923   955 V QCALOG  : [MessageQueueClientInfo] just read 95 bytes
11-19 15:42:22.619   923   955 V QCALOG  : [MessageQueueClientInfo] card length 95 + 4 bytes, current size 99 bytes
11-19 15:42:22.619   923   955 V QCALOG  : [MessageQ] lookupAndDeliver delivering message to client GTP-FDAL 
11-19 15:42:22.620   923   955 V QCALOG  : [MessageQ] wait result 1
11-19 15:42:22.620   923   955 V QCALOG  : [MessageQueueClientInfo] GTP-FDAL: write
11-19 15:42:22.620   923   955 D QCALOG  : [MessageQueueClientInfo] write to [GTP-FDAL], 99 bytes finished, 0 bytes left
11-19 15:42:22.621   923   955 V QCALOG  : [MessageQ] wait result 1
11-19 15:42:22.621   923   955 V QCALOG  : [MessageQueueClientInfo] GTP-FDAL: read
11-19 15:42:22.621   923   955 V QCALOG  : [MessageQueueClientInfo] just read 4 bytes
11-19 15:42:22.621   923   955 V QCALOG  : [MessageQ] wait result 1
11-19 15:42:22.621   923   955 V QCALOG  : [MessageQueueClientInfo] GTP-FDAL: read
11-19 15:42:22.621   923   955 V QCALOG  : [MessageQueueClientInfo] just read 81 bytes
11-19 15:42:22.621   923   955 V QCALOG  : [MessageQueueClientInfo] card length 81 + 4 bytes, current size 85 bytes
11-19 15:42:22.621   923   955 V QCALOG  : [MessageQ] lookupAndDeliver delivering message to client GTP-FDAL 
11-19 15:42:22.621   923   955 V QCALOG  : [MessageQ] wait result 1
11-19 15:42:22.621   923   955 V QCALOG  : [MessageQueueClientInfo] GTP-FDAL: write
11-19 15:42:22.621   923   955 D QCALOG  : [MessageQueueClientInfo] write to [GTP-FDAL], 85 bytes finished, 0 bytes left
11-19 15:42:22.624   888   888 I AudioFlinger: openOutput() this 0xf4f45000, module 10 Device 10000, SamplingRate 48000, Format 0x000001, Channels 3, flags 0
11-19 15:42:22.625   733   733 D audio_hw_primary: adev_open_output_stream: enter: format(0x1) sample_rate(48000) channel_mask(0x3) devices(0x10000) flags(0)        stream_handle(0xea322800)
11-19 15:42:22.625   733   733 D audio_hw_primary: adev_open_output_stream: Stream (0xea322800) picks up usecase (afe-proxy-playback)
11-19 15:42:22.626  1116  1116 D DisturbModeUtils: DisturbModeSettingsObserver observe mNoDisturbOn:false mLimitedNoDisturbOn:false mNoDisturbStartTime:-1 mNoDisturbStopTime:-1 mNotifyWhenScreenOn:false
11-19 15:42:22.628   888   888 I AudioFlinger: HAL output buffer size 768 frames, normal sink buffer size 1152 frames
11-19 15:42:22.632   888  1745 I AudioFlinger: AudioFlinger's thread 0xf3383140 tid=1745 ready to run
11-19 15:42:22.632   888   888 D APM_AudioPolicyManager: setOutputDevice() device 10000 delayMs 0
11-19 15:42:22.632   888   888 I APM_AudioPolicyManager: setOutputDevice() io 29 prevDevice 0x10000, cur 0x10000
11-19 15:42:22.632   733   733 D audio_hw_primary: out_standby: enter: stream (0xea322800) usecase(49: afe-proxy-playback)
11-19 15:42:22.632   888   888 I APM_AudioPolicyManager: setOutputDevice() changing device
11-19 15:42:22.632   733   733 D audio_hw_primary: out_standby: exit
11-19 15:42:22.633   733   733 D audio_hw_primary: out_set_parameters: enter: usecase(49: afe-proxy-playback) kvpairs: routing=65536
11-19 15:42:22.633  1116  1116 D ZenLog  : config: readXml,ZenModeConfig[user=0,allowCalls=true,allowRepeatCallers=false,allowMessages=false,allowCallsFrom=contacts,allowMessagesFrom=contacts,allowReminders=true,allowEvents=true,allowWhenScreenOff=true,allowWhenScreenOn=true,automaticRules={EVENTS_DEFAULT_RULE=ZenRule[enabled=false,snoozing=false,name=,zenMode=ZEN_MODE_ALARMS,conditionId=condition://android/event?userId=-10000&calendar=&reply=1,condition=Condition[id=condition://android/event?userId=-10000&calendar=&reply=1,summary=...,line1=...,line2=...,icon=0,state=STATE_FALSE,flags=2],component=ComponentInfo{android/com.android.server.notification.EventConditionProvider},id=EVENTS_DEFAULT_RULE,creationTime=1406240,enabler=null], SCHEDULED_DEFAULT_RULE_1=ZenRule[enabled=false,snoozing=false,name=,zenMode=ZEN_MODE_ALARMS,conditionId=condition://android/schedule?days=1.2.3.4.5&start=22.0&end=7.0&exitAtAlarm=false,condition=Condition[id=condition://android/schedule?days=1.2.3.4.5&start=22.0&end=7.0&exitAtAlarm=false,summary=...,line1=...,line2=...,icon=0,state=STATE_FALSE,flags=2],component=ComponentInfo{android/com.android.server.notification.ScheduleConditionProvider},id=SCHEDULED_DEFAULT_RULE_1,creationTime=1406239,enabler=null], SCHEDULED_DEFAULT_RULE_2=ZenRule[enabled=false,snoozing=false,name=,zenMode=ZEN_MODE_ALARMS,conditionId=condition://android/schedule?days=6.7&start=23.30&end=10.0&exitAtAlarm=false,condition=Condition[id=condition://android/schedule?days=6.7&start=23.30&end=10.0&exitAtAlarm=false,summary=...,line1=...,line2=...,icon=0,state=STATE_FALSE,flags=2],component=ComponentInfo{android/com.android.server.notification.ScheduleConditionProvider},id=SCHEDULED_DEFAULT_RULE_2,creationTime=1406239,enabler=null]},manualRule=null],Diff[automaticRule[EVENTS_DEFAULT_RULE].condition:null->Condition[id=condition://android/event?userId=-10000&calendar=&reply=1,summary=...,line1=...,line2=...,icon=0,state=STATE_FALSE,flags=2],automaticRule[EVENTS_DEFAULT_RULE].creationTime:1542613342612->1406240,automaticRule[SCHEDULED_DEFAULT_RULE_1].condition:null->Condition[id=condition://android/schedule?days=1.2.3.4.5&start=22.0&end=7.0&exitAtAlarm=false,summary=...,line1=...,line2=...,icon=0,state=STATE_FALSE,flags=2],automaticRule[SCHEDULED_DEFAULT_RULE_1].creationTime:1542613342609->1406239,automaticRule[SCHEDULED_DEFAULT_RULE_2].condition:null->Condition[id=condition://android/schedule?days=6.7&start=23.30&end=10.0&exitAtAlarm=false,summary=...,line1=...,line2=...,icon=0,state=STATE_FALSE,flags=2],automaticRule[SCHEDULED_DEFAULT_RULE_2].creationTime:1542613342609->1406239]
11-19 15:42:22.635   733   733 D audio_hw_primary: adev_open_input_stream: enter: sample_rate(48000) channel_mask(0xc) devices(0x80002000)        stream_handle(0xeaa4a600) io_handle(14) source(1) format 1
11-19 15:42:22.640   888  1746 I AudioFlinger: AudioFlinger's thread 0xf3083080 tid=1746 ready to run
11-19 15:42:22.640   733   733 D audio_hw_primary: adev_close_input_stream: enter:stream_handle(0xeaa4a600)
11-19 15:42:22.640   733   733 D audio_hw_primary: in_standby: enter: stream (0xeaa4a600) usecase(18: audio-record)
11-19 15:42:22.641   733   733 D audio_hw_primary: adev_open_input_stream: enter: sample_rate(48000) channel_mask(0x8000003f) devices(0x80000004)        stream_handle(0xeaa4a600) io_handle(22) source(1) format 1
11-19 15:42:22.641   733   733 D audio_hw_primary: adev_open_input_stream: return error to retry with updated channel mask (0x8000000f)
11-19 15:42:22.641   733   733 W DeviceHAL: Device 0xe9da2000 open_input_stream: Invalid argument
11-19 15:42:22.641   733   733 D audio_hw_primary: adev_open_input_stream: enter: sample_rate(48000) channel_mask(0x8000000f) devices(0x80000004)        stream_handle(0xeaa4a600) io_handle(22) source(1) format 1
11-19 15:42:22.645  1116  1116 I NotificationListeners: Read notification listener permissions from xml
11-19 15:42:22.646  1116  1116 I ConditionProviders: Read condition provider permissions from xml
11-19 15:42:22.646   888  1747 I AudioFlinger: AudioFlinger's thread 0xf3083ac0 tid=1747 ready to run
11-19 15:42:22.646  1116  1116 I ConditionProviders: Read condition provider permissions from xml
11-19 15:42:22.646  1116  1116 D ZenLog  : set_zen_mode: off,init
11-19 15:42:22.647   733  1740 D audio_hw_primary: adev_close_input_stream: enter:stream_handle(0xeaa4a600)
11-19 15:42:22.647   733  1740 D audio_hw_primary: in_standby: enter: stream (0xeaa4a600) usecase(18: audio-record)
11-19 15:42:22.647   733  1740 D audio_hw_primary: adev_open_input_stream: enter: sample_rate(192000) channel_mask(0x8000000f) devices(0x80000004)        stream_handle(0xeaa4a600) io_handle(30) source(1) format 5
11-19 15:42:22.647   733  1740 W DeviceHAL: Device 0xe9da2000 open_input_stream: Invalid argument
11-19 15:42:22.648   733  1740 D audio_hw_primary: adev_open_input_stream: enter: sample_rate(48000) channel_mask(0x8000000f) devices(0x80000004)        stream_handle(0xeaa4a600) io_handle(30) source(1) format 1
11-19 15:42:22.652  1116  1116 W SystemServiceManager: Service com.android.server.notification.NotificationManagerService took 69 ms in onStart
11-19 15:42:22.653   888  1748 I AudioFlinger: AudioFlinger's thread 0xf3083440 tid=1748 ready to run
11-19 15:42:22.654   733  1740 D audio_hw_primary: adev_close_input_stream: enter:stream_handle(0xeaa4a600)
11-19 15:42:22.654   733  1740 D audio_hw_primary: in_standby: enter: stream (0xeaa4a600) usecase(18: audio-record)
11-19 15:42:22.654   733  1740 D audio_hw_primary: adev_open_input_stream: enter: sample_rate(48000) channel_mask(0xc) devices(0x80000040)        stream_handle(0xeaa4a600) io_handle(38) source(1) format 1
11-19 15:42:22.654   733  1740 W DeviceHAL: Device 0xe9da2000 open_input_stream: Invalid argument
11-19 15:42:22.654   733  1740 D audio_hw_primary: adev_open_input_stream: enter: sample_rate(48000) channel_mask(0xc) devices(0x80000040)        stream_handle(0xeaa4a600) io_handle(38) source(1) format 1
11-19 15:42:22.654   733  1740 W DeviceHAL: Device 0xe9da2000 open_input_stream: Invalid argument
11-19 15:42:22.654   888   888 W APM_AudioPolicyManager: Cannot open input stream for device 80000040 on hw module primary
11-19 15:42:22.655   733  1740 D audio_hw_primary: adev_open_input_stream: enter: sample_rate(48000) channel_mask(0x80000007) devices(0x80000004)        stream_handle(0xeaa4a600) io_handle(46) source(1) format 1
11-19 15:42:22.655  1116  1116 D SystemServerTiming: StartNotificationManager took to complete: 76ms
11-19 15:42:22.655  1116  1116 I SystemServer: StartDeviceMonitor
11-19 15:42:22.656  1116  1116 I SystemServiceManager: Starting com.android.server.storage.DeviceStorageMonitorService
11-19 15:42:22.660   888  1749 I AudioFlinger: AudioFlinger's thread 0xf3083900 tid=1749 ready to run
11-19 15:42:22.660   733  1740 D audio_hw_primary: adev_close_input_stream: enter:stream_handle(0xeaa4a600)
11-19 15:42:22.660   733  1740 D audio_hw_primary: in_standby: enter: stream (0xeaa4a600) usecase(18: audio-record)
11-19 15:42:22.663  1116  1116 D SystemServerTiming: StartDeviceMonitor took to complete: 9ms
11-19 15:42:22.664  1116  1116 I SystemServer: StartLocationManagerService
11-19 15:42:22.670  1116  1116 D SystemServerTiming: StartLocationManagerService took to complete: 6ms
11-19 15:42:22.670  1116  1116 I SystemServer: StartCountryDetectorService
11-19 15:42:22.672  1116  1116 D SystemServerTiming: StartCountryDetectorService took to complete: 2ms
11-19 15:42:22.672  1116  1116 I SystemServer: StartSearchManagerService
11-19 15:42:22.673  1116  1116 I SystemServiceManager: Starting com.android.server.search.SearchManagerService$Lifecycle
11-19 15:42:22.676  1116  1116 D SystemServerTiming: StartSearchManagerService took to complete: 4ms
11-19 15:42:22.676  1116  1116 I SystemServer: StartWallpaperManagerService
11-19 15:42:22.677  1116  1116 I SystemServiceManager: Starting com.android.server.wallpaper.WallpaperManagerService$Lifecycle
11-19 15:42:22.678  1116  1116 D WallpaperManagerService: default wallpaper launcherMode = 20
11-19 15:42:22.689  1116  1116 D SystemServerTiming: StartWallpaperManagerService took to complete: 13ms
11-19 15:42:22.689  1116  1116 I SystemServer: StartAudioService
11-19 15:42:22.690  1116  1116 I SystemServiceManager: Starting com.android.server.audio.AudioService$Lifecycle
11-19 15:42:22.695  1116  1116 I AudioService:   mProximity type = 8
11-19 15:42:22.695  1116  1116 I AudioService:   mProximity name = stk_stk342x Proximity Sensor Wakeup
11-19 15:42:22.702  1116  1116 W TelecomManager: Telecom Service not found.
11-19 15:42:22.702  1116  1751 I ServiceManager: Waiting for service media.audio_policy...
11-19 15:42:22.718   888   888 I bt_a2dp_hw: adev_open:  adev_open in A2dp_hw module
11-19 15:42:22.718   888   888 I AudioFlinger: loadHwModule() Loaded a2dp audio interface, handle 18
11-19 15:42:22.719   733  1740 D vndksupport: Loading /vendor/lib/hw/audio.usb.default.so from current namespace instead of sphal namespace.
11-19 15:42:22.744  1116  1145 I zygote64: Background concurrent copying GC freed 86181(5MB) AllocSpace objects, 34(936KB) LOS objects, 42% free, 13MB/22MB, paused 86us total 155.520ms
11-19 15:42:22.745   888   888 I AudioFlinger: loadHwModule() Loaded usb audio interface, handle 26
11-19 15:42:22.747   733  1740 D vndksupport: Loading /vendor/lib/hw/audio.r_submix.default.so from current namespace instead of sphal namespace.
11-19 15:42:22.766   733  1740 I r_submix: adev_open(name=audio_hw_if)
11-19 15:42:22.767   733   733 I r_submix: adev_init_check()
11-19 15:42:22.768   733   733 W DeviceHAL: Device 0xe9103580 set_master_mute: Function not implemented
11-19 15:42:22.768   888   888 I AudioFlinger: loadHwModule() Loaded r_submix audio interface, handle 34
11-19 15:42:22.768   733   733 D r_submix: adev_open_input_stream(addr=0)
11-19 15:42:22.768   733   733 D r_submix: submix_audio_device_create_pipe_l(addr=0, idx=9)
11-19 15:42:22.768   733   733 D r_submix:   now using address 0 for route 9
11-19 15:42:22.772   888  1753 I AudioFlinger: AudioFlinger's thread 0xf3083380 tid=1753 ready to run
11-19 15:42:22.772   733   733 D r_submix: adev_close_input_stream()
11-19 15:42:22.772   733   733 D r_submix: submix_audio_device_release_pipe_l(idx=9) addr=0
11-19 15:42:22.772   733   733 D r_submix: submix_audio_device_destroy_pipe_l(): pipe destroyed
11-19 15:42:22.772   888   888 D AudioPolicyManagerCustom: USE_XML_AUDIO_POLICY_CONF is TRUE
11-19 15:42:22.773   888   888 E EffectsConfig: Failed to parse /vendor/etc/audio_effects.xml: Tinyxml2 error (3): /vendor/etc/audio_effects.xml (null)
11-19 15:42:22.773   888   888 W AudioPolicyEffects: Failed to load XML effect configuration, fallback to .conf
11-19 15:42:22.777   733   733 I sound_trigger_hw: stdev_get_properties
11-19 15:42:22.777   888   888 I SoundTriggerHalHidl: getProperties res implementor QUALCOMM Technologies, Inc
11-19 15:42:22.777   888   888 I SoundTriggerHalHidl: getProperties ret 0
11-19 15:42:22.777   888   888 I SoundTriggerHwService: loaded default module Sound Trigger HAL, handle 1
11-19 15:42:22.780   571   571 E SELinux : avc:  denied  { add } for service=audio_loopback pid=888 uid=1041 scontext=u:r:audioserver:s0 tcontext=u:object_r:default_android_service:s0 tclass=service_manager permissive=1
11-19 15:42:23.705   888  1619 D PermissionCache: checking android.permission.MODIFY_AUDIO_SETTINGS for uid=1000 => granted (1115 us)
11-19 15:42:23.705   888   888 D PermissionCache: checking android.permission.MODIFY_AUDIO_SETTINGS for uid=1000 => granted (1069 us)
11-19 15:42:23.705   888   888 D AudioPolicyManagerCustom: setForceUse() usage 4, config 0, mPhoneState 0
11-19 15:42:23.706   888  1619 D AudioPolicyManagerCustom: setForceUse() usage 3, config 8, mPhoneState 0
11-19 15:42:23.706   888  1619 D APM_AudioPolicyManager: setOutputDevice() device 0000 delayMs 0
11-19 15:42:23.706   888  1619 I APM_AudioPolicyManager: setOutputDevice() io 29 prevDevice 0x10000, cur 0x0000
11-19 15:42:23.706   888  1619 D APM_AudioPolicyManager: setOutputDevice() device 0000 delayMs 0
11-19 15:42:23.706   888  1619 I APM_AudioPolicyManager: setOutputDevice() io 21 prevDevice 0x0002, cur 0x0000
11-19 15:42:23.706   888  1619 D APM_AudioPolicyManager: setOutputDevice() device 0000 delayMs 0
11-19 15:42:23.706   888  1619 I APM_AudioPolicyManager: setOutputDevice() io 13 prevDevice 0x0002, cur 0x0000
11-19 15:42:23.707   888  1619 D AudioPolicyManagerCustom: setForceUse() usage 6, config 0, mPhoneState 0
11-19 15:42:23.709   733   733 D audio_hw_primary: adev_set_mic_mute state 0
11-19 15:42:23.709   733  1740 W DeviceHAL: Device 0xe9daba80 set_mic_mute: Function not implemented
11-19 15:42:23.710   733  1740 W DeviceHAL: Device 0xe9103580 set_mic_mute: Function not implemented
11-19 15:42:23.726   888   888 D APM_AudioPolicyManager: setStreamVolumeIndex() stream 3, device 00000002, index 7
11-19 15:42:23.727   888   888 D APM_AudioPolicyManager: setStreamVolumeIndex() stream 3, device 40000000, index 16
11-19 15:42:23.727   888   888 D APM_AudioPolicyManager: setStreamVolumeIndex() stream 9, device 00000002, index 7
11-19 15:42:23.727   888   888 D APM_AudioPolicyManager: setStreamVolumeIndex() stream 9, device 40000000, index 16
11-19 15:42:23.728   888   888 D APM_AudioPolicyManager: setStreamVolumeIndex() stream 10, device 00000002, index 7
11-19 15:42:23.728   888   888 D APM_AudioPolicyManager: setStreamVolumeIndex() stream 10, device 40000000, index 16
11-19 15:42:23.728   888   888 D APM_AudioPolicyManager: setStreamVolumeIndex() stream 0, device 00000001, index 16
11-19 15:42:23.728   888   888 D APM_AudioPolicyManager: setStreamVolumeIndex() stream 0, device 00000002, index 6
11-19 15:42:23.729   888   888 D APM_AudioPolicyManager: setStreamVolumeIndex() stream 0, device 40000000, index 16
11-19 15:42:23.735   888   888 D APM_AudioPolicyManager: setStreamVolumeIndex() stream 1, device 00000001, index 16
11-19 15:42:23.735   888   888 D APM_AudioPolicyManager: setStreamVolumeIndex() stream 1, device 00000002, index 0
11-19 15:42:23.736   888   888 D APM_AudioPolicyManager: setStreamVolumeIndex() stream 1, device 40000000, index 16
11-19 15:42:23.736   888  1619 D APM_AudioPolicyManager: setStreamVolumeIndex() stream 2, device 00000001, index 16
11-19 15:42:23.736   888  1619 D APM_AudioPolicyManager: setStreamVolumeIndex() stream 2, device 00000002, index 0
11-19 15:42:23.737   888  1619 D APM_AudioPolicyManager: setStreamVolumeIndex() stream 2, device 40000000, index 16
11-19 15:42:23.737   888   888 D APM_AudioPolicyManager: setStreamVolumeIndex() stream 3, device 00000002, index 7
11-19 15:42:23.737   888   888 D APM_AudioPolicyManager: setStreamVolumeIndex() stream 3, device 40000000, index 16
11-19 15:42:23.738   888  1619 D APM_AudioPolicyManager: setStreamVolumeIndex() stream 4, device 00000002, index 32
11-19 15:42:23.738   888  1619 D APM_AudioPolicyManager: setStreamVolumeIndex() stream 4, device 40000000, index 16
11-19 15:42:23.739   888  1619 D APM_AudioPolicyManager: setStreamVolumeIndex() stream 5, device 00000001, index 16
11-19 15:42:23.739   888  1619 D APM_AudioPolicyManager: setStreamVolumeIndex() stream 5, device 00000002, index 0
11-19 15:42:23.739   888  1619 D APM_AudioPolicyManager: setStreamVolumeIndex() stream 5, device 40000000, index 16
11-19 15:42:23.740   888  1619 D APM_AudioPolicyManager: setStreamVolumeIndex() stream 6, device 40000000, index 16
11-19 15:42:23.741   888  1619 D APM_AudioPolicyManager: setStreamVolumeIndex() stream 7, device 00000001, index 16
11-19 15:42:23.741   888  1619 D APM_AudioPolicyManager: setStreamVolumeIndex() stream 7, device 00000002, index 0
11-19 15:42:23.741   888  1619 D APM_AudioPolicyManager: setStreamVolumeIndex() stream 7, device 40000000, index 16
11-19 15:42:23.742   888  1619 D APM_AudioPolicyManager: setStreamVolumeIndex() stream 8, device 00000001, index 16
11-19 15:42:23.742   888  1619 D APM_AudioPolicyManager: setStreamVolumeIndex() stream 8, device 00000002, index 0
11-19 15:42:23.743   888  1619 D APM_AudioPolicyManager: setStreamVolumeIndex() stream 8, device 40000000, index 16
11-19 15:42:23.744   888  1619 D APM_AudioPolicyManager: setStreamVolumeIndex() stream 9, device 00000002, index 7
11-19 15:42:23.744   888  1619 D APM_AudioPolicyManager: setStreamVolumeIndex() stream 9, device 40000000, index 16
11-19 15:42:23.745   888  1619 D APM_AudioPolicyManager: setStreamVolumeIndex() stream 10, device 00000002, index 7
11-19 15:42:23.745   888  1619 D APM_AudioPolicyManager: setStreamVolumeIndex() stream 10, device 40000000, index 16
11-19 15:42:23.749   888  1619 D APM_AudioPolicyManager: setStreamVolumeIndex() stream 8, device 00000001, index 0
11-19 15:42:23.750   888  1619 D APM_AudioPolicyManager: setStreamVolumeIndex() stream 8, device 00000002, index 0
11-19 15:42:23.751   888  1619 D APM_AudioPolicyManager: setStreamVolumeIndex() stream 8, device 40000000, index 0
11-19 15:42:23.751   888  1619 D APM_AudioPolicyManager: setStreamVolumeIndex() stream 7, device 00000001, index 0
11-19 15:42:23.751   888  1619 D APM_AudioPolicyManager: setStreamVolumeIndex() stream 7, device 00000002, index 0
11-19 15:42:23.752   888  1619 D APM_AudioPolicyManager: setStreamVolumeIndex() stream 7, device 40000000, index 0
11-19 15:42:23.752   888  1619 D APM_AudioPolicyManager: setStreamVolumeIndex() stream 5, device 00000001, index 0
11-19 15:42:23.752   888  1619 D APM_AudioPolicyManager: setStreamVolumeIndex() stream 5, device 00000002, index 0
11-19 15:42:23.753   888  1619 D APM_AudioPolicyManager: setStreamVolumeIndex() stream 5, device 40000000, index 0
11-19 15:42:23.753   888  1619 D APM_AudioPolicyManager: setStreamVolumeIndex() stream 2, device 00000001, index 0
11-19 15:42:23.753   888  1619 D APM_AudioPolicyManager: setStreamVolumeIndex() stream 2, device 00000002, index 0
11-19 15:42:23.753   888  1619 D APM_AudioPolicyManager: setStreamVolumeIndex() stream 2, device 40000000, index 0
11-19 15:42:23.754   888  1619 D APM_AudioPolicyManager: setStreamVolumeIndex() stream 8, device 00000001, index 0
11-19 15:42:23.754   888  1619 D APM_AudioPolicyManager: setStreamVolumeIndex() stream 8, device 00000002, index 0
11-19 15:42:23.754   888  1619 D APM_AudioPolicyManager: setStreamVolumeIndex() stream 8, device 40000000, index 0
11-19 15:42:23.755   888  1619 D APM_AudioPolicyManager: setStreamVolumeIndex() stream 7, device 00000001, index 0
11-19 15:42:23.755   888  1619 D APM_AudioPolicyManager: setStreamVolumeIndex() stream 7, device 00000002, index 0
11-19 15:42:23.755   888  1619 D APM_AudioPolicyManager: setStreamVolumeIndex() stream 7, device 40000000, index 0
11-19 15:42:23.757   888  1619 D APM_AudioPolicyManager: setStreamVolumeIndex() stream 5, device 00000001, index 0
11-19 15:42:23.757   888  1619 D APM_AudioPolicyManager: setStreamVolumeIndex() stream 5, device 00000002, index 0
11-19 15:42:23.758   888  1619 D APM_AudioPolicyManager: setStreamVolumeIndex() stream 5, device 40000000, index 0
11-19 15:42:23.759   888  1619 D APM_AudioPolicyManager: setStreamVolumeIndex() stream 1, device 00000001, index 16
11-19 15:42:23.759   888  1619 D APM_AudioPolicyManager: setStreamVolumeIndex() stream 1, device 00000002, index 0
11-19 15:42:23.759   888  1619 D APM_AudioPolicyManager: setStreamVolumeIndex() stream 1, device 40000000, index 16
11-19 15:42:23.760   888  1619 D APM_AudioPolicyManager: setStreamVolumeIndex() stream 1, device 00000001, index 0
11-19 15:42:23.760   888  1619 D APM_AudioPolicyManager: setStreamVolumeIndex() stream 1, device 00000002, index 0
11-19 15:42:23.760   888  1619 D APM_AudioPolicyManager: setStreamVolumeIndex() stream 1, device 40000000, index 0
11-19 15:42:23.762  1116  1116 D SystemServerTiming: StartAudioService took to complete: 1072ms
11-19 15:42:23.762  1116  1116 I SystemServer: StartDockObserver
11-19 15:42:23.763  1116  1116 I SystemServiceManager: Starting com.android.server.DockObserver
11-19 15:42:23.764  1116  1116 W DockObserver: This kernel does not have dock station support
11-19 15:42:23.765  1116  1116 D SystemServerTiming: StartDockObserver took to complete: 2ms
11-19 15:42:23.765  1116  1116 I SystemServer: StartWiredAccessoryManager
11-19 15:42:23.767  1116  1116 W WiredAccessoryManager: This kernel does not have usb audio support
11-19 15:42:23.767  1116  1116 W WiredAccessoryManager: This kernel does not have HDMI audio support
11-19 15:42:23.769  1116  1116 D SystemServerTiming: StartWiredAccessoryManager took to complete: 4ms
11-19 15:42:23.769  1116  1116 I SystemServer: StartMidiManager
11-19 15:42:23.769  1116  1116 I SystemServiceManager: Starting com.android.server.midi.MidiService$Lifecycle
11-19 15:42:23.772  1116  1116 D SystemServerTiming: StartMidiManager took to complete: 3ms
11-19 15:42:23.772  1116  1116 I SystemServer: StartUsbService
11-19 15:42:23.772  1116  1116 I SystemServiceManager: Starting com.android.server.usb.UsbService$Lifecycle
11-19 15:42:23.777  1116  1116 E UsbDeviceManager: failed to write to /sys/class/android_usb/android0/f_rndis/ethaddr
11-19 15:42:23.783  1116  1116 I system_server: Looking for service android.hidl.manager@1.0::IServiceManager/default
11-19 15:42:23.785  1116  1116 I system_server: Starting thread pool.
11-19 15:42:23.788  1116  1681 I UsbPortManager: Usb hal service started android.hardware.usb@1.0::IUsb default
11-19 15:42:23.788  1116  1116 I system_server: Looking for service android.hardware.usb@1.0::IUsb/default
11-19 15:42:23.789  1116  1116 I system_server: Starting thread pool.
11-19 15:42:23.791   750   750 I android.hardware.usb@1.0-service: registering callback
11-19 15:42:23.791   750  1755 E android.hardware.usb@1.0-service: creating thread
11-19 15:42:23.792   750   750 I android.hardware.usb@1.0-service: otg_default
11-19 15:42:23.793   750   750 I android.hardware.usb@1.0-service: canChangeMode: 1 canChagedata: 0 canChangePower:0
11-19 15:42:23.794  1116  1116 D SystemServerTiming: StartUsbService took to complete: 22ms
11-19 15:42:23.794  1116  1116 I SystemServer: StartSerialService
11-19 15:42:23.796  1116  1116 D SystemServerTiming: StartSerialService took to complete: 2ms
11-19 15:42:23.796  1116  1116 I SystemServer: StartHardwarePropertiesManagerService
11-19 15:42:23.798  1116  1116 D HardwarePropertiesManagerService-JNI: Link to death notification successful
11-19 15:42:23.800  1116  1116 D SystemServerTiming: StartHardwarePropertiesManagerService took to complete: 4ms
11-19 15:42:23.800  1116  1116 I SystemServer: StartTwilightService
11-19 15:42:23.800  1116  1116 I SystemServiceManager: Starting com.android.server.twilight.TwilightService
11-19 15:42:23.800  1116  1116 D SystemServerTiming: StartTwilightService took to complete: 1ms
11-19 15:42:23.801  1116  1116 I SystemServer: StartNightDisplay
11-19 15:42:23.801  1116  1116 I SystemServiceManager: Starting com.android.server.display.NightDisplayService
11-19 15:42:23.802  1116  1116 D SystemServerTiming: StartNightDisplay took to complete: 1ms
11-19 15:42:23.802  1116  1116 I SystemServer: StartJobScheduler
11-19 15:42:23.802  1116  1116 I SystemServiceManager: Starting com.android.server.job.JobSchedulerService
11-19 15:42:23.816  1116  1116 D JobStore: Start tag: job-info
11-19 15:42:23.819  1116  1116 I JobStore: Read 5 jobs
11-19 15:42:23.823  1116  1116 D ConnectivityService: requestNetwork for uid/pid:1000/1116 NetworkRequest [ TRACK_DEFAULT id=3, [ Capabilities: INTERNET&NOT_RESTRICTED&TRUSTED&NOT_VPN] ]
11-19 15:42:23.828  1116  1116 D SystemServerTiming: StartJobScheduler took to complete: 26ms
11-19 15:42:23.828  1116  1116 I SystemServer: StartSoundTrigger
11-19 15:42:23.829  1116  1116 I SystemServiceManager: Starting com.android.server.soundtrigger.SoundTriggerService
11-19 15:42:23.831  1116  1116 D SystemServerTiming: StartSoundTrigger took to complete: 2ms
11-19 15:42:23.831  1116  1116 I SystemServer: StartTrustManager
11-19 15:42:23.831  1116  1116 I SystemServiceManager: Starting com.android.server.trust.TrustManagerService
11-19 15:42:23.834  1116  1116 D SystemServerTiming: StartTrustManager took to complete: 3ms
11-19 15:42:23.834  1116  1116 I SystemServer: StartBackupManager
11-19 15:42:23.834  1116  1116 I SystemServiceManager: Starting com.android.server.backup.BackupManagerService$Lifecycle
11-19 15:42:23.838  1116  1116 D SystemServerTiming: StartBackupManager took to complete: 4ms
11-19 15:42:23.838  1116  1116 I SystemServer: StartAppWidgerService
11-19 15:42:23.838  1116  1116 I SystemServiceManager: Starting com.android.server.appwidget.AppWidgetService
