11-19 15:42:08.687   742   742 I SDM     : HWCColorManager::CreateColorManager: Successfully loaded libsdm-disp-vndapis.so and libsdm-diag.so and diag_init'ed
11-19 15:42:08.687   803   803 W ADebug  : Failed to get property persist.sys.media.traces
11-19 15:42:08.696   742   742 I ServiceManagement: Removing namespace from process name android.hardware.graphics.composer@2.1-service to composer@2.1-se.
11-19 15:42:08.697   742   742 I android.hardware.graphics.composer@2.1-service: Registration complete for android.hardware.graphics.composer@2.1::IComposer/default.
11-19 15:42:08.877   855   855 I Mdmd    : Mdmd 1.0 starting
11-19 15:42:08.878   855   855 D Mdmd    : init_cm, 46
11-19 15:42:08.898   879   879 E /vendor/bin/adsprpcd: vendor/qcom/proprietary/adsprpc/src/adsprpcd.c:29:adsp daemon starting
11-19 15:42:08.900   881   881 E /vendor/bin/adsprpcd: vendor/qcom/proprietary/adsprpc/src/adsprpcd.c:29:adsp daemon starting
11-19 15:42:08.904   891   891 I installd: installd firing up
11-19 15:42:08.926   853   853 I sensors.qti: set_log_level:107, log_level set: 2
11-19 15:42:08.927   853   853 I sensors.qti: main:115, sensors daemon starting
11-19 15:42:08.927   853   853 E /vendor/bin/sensors.qti: vendor/qcom/proprietary/sensors-see/sensordaemon/src/sensordaemon.cpp:129:sensors daemon starting
11-19 15:42:08.929   803   803 I /system/bin/surfaceflinger: android::hardware::configstore::V1_0::ISurfaceFlingerConfigs::maxFrameBufferAcquiredBuffers retrieved: 2
11-19 15:42:08.930   855   855 I bhj     : vendor/smartisanhw/bsp-Modem/mdmd/ClientManager.cpp:1648: using debug build
11-19 15:42:08.936   880   880 E /vendor/bin/adsprpcd: vendor/qcom/proprietary/adsprpc/src/adsprpcd.c:29:adsp daemon starting
11-19 15:42:08.936   853   899 E sensors.qti: load_device_hw_info:170, stat failed for /persist/sensors/registry/sns_reg_config
11-19 15:42:08.937   853   900 D smt_housing_color: smartisan_housing_color_detect in ...
11-19 15:42:08.938   803   803 I /system/bin/surfaceflinger: android::hardware::configstore::V1_0::ISurfaceFlingerConfigs::startGraphicsAllocatorService retrieved: 0
11-19 15:42:08.941   803   803 I SurfaceFlinger: SurfaceFlinger is starting
11-19 15:42:08.941   853   898 I sensors.qti: get_sns_settings:167, settings 0
11-19 15:42:08.941   853   898 E /vendor/bin/sensors.qti: vendor/qcom/proprietary/sensors-see/sensordaemon/src/sensordaemon.cpp:49:settings val:0
11-19 15:42:08.941   803   803 I /system/bin/surfaceflinger: android::hardware::configstore::V1_0::ISurfaceFlingerConfigs::vsyncEventPhaseOffsetNs retrieved: 1000000 (default)
11-19 15:42:08.942   803   803 I /system/bin/surfaceflinger: android::hardware::configstore::V1_0::ISurfaceFlingerConfigs::vsyncSfEventPhaseOffsetNs retrieved: 1000000 (default)
11-19 15:42:08.942   803   803 I /system/bin/surfaceflinger: android::hardware::configstore::V1_0::ISurfaceFlingerConfigs::hasSyncFramework retrieved: 1
11-19 15:42:08.942   803   803 I /system/bin/surfaceflinger: android::hardware::configstore::V1_0::ISurfaceFlingerConfigs::useContextPriority retrieved: 0 (default)
11-19 15:42:08.943   803   803 I /system/bin/surfaceflinger: android::hardware::configstore::V1_0::ISurfaceFlingerConfigs::presentTimeOffsetFromVSyncNs retrieved: 0
11-19 15:42:08.943   803   803 I /system/bin/surfaceflinger: android::hardware::configstore::V1_0::ISurfaceFlingerConfigs::useHwcForRGBtoYUV retrieved: 1
11-19 15:42:08.943   803   803 I /system/bin/surfaceflinger: android::hardware::configstore::V1_0::ISurfaceFlingerConfigs::maxVirtualDisplaySize retrieved: 4096
11-19 15:42:08.944   803   803 I /system/bin/surfaceflinger: android::hardware::configstore::V1_0::ISurfaceFlingerConfigs::useVrFlinger retrieved: 0 (default)
11-19 15:42:08.944   803   803 I /system/bin/surfaceflinger: android::hardware::configstore::V1_0::ISurfaceFlingerConfigs::maxFrameBufferAcquiredBuffers retrieved: 2
11-19 15:42:08.944   803   803 I /system/bin/surfaceflinger: android::hardware::configstore::V1_0::ISurfaceFlingerConfigs::hasWideColorDisplay retrieved: 0
11-19 15:42:08.944   803   803 I SurfaceFlinger: Disabling Triple Buffering
11-19 15:42:08.945   572   572 W /system/bin/hwservicemanager: getTransport: Cannot find entry vendor.display.config@1.1::IDisplayConfig/default in either framework or device manifest.
11-19 15:42:08.951   803   803 I SurfaceFlinger: SurfaceFlinger's main thread ready to run. Initializing graphics H/W...
11-19 15:42:08.951   803   803 I SurfaceFlinger: Phase offest NS: 1000000
11-19 15:42:08.981   853   900 D smt_housing_color: search_object_item : item_name = housing_color
11-19 15:42:08.982   853   900 D smt_housing_color: housing_color found:
11-19 15:42:08.982   853   900 D smt_housing_color:  {
11-19 15:42:08.982   853   900 D smt_housing_color: 	"type":	"int",
11-19 15:42:08.982   853   900 D smt_housing_color: 	"ver":	"0",
11-19 15:42:08.982   853   900 D smt_housing_color: 	"data":	"5"
11-19 15:42:08.982   853   900 D smt_housing_color: }
11-19 15:42:08.982   853   900 D smt_housing_color: -------color_value = [wine-red], value_len=8
11-19 15:42:08.982   853   900 D smt_housing_color: -------wine-red color detect-------
11-19 15:42:08.982   853   900 D smt_housing_color: search_object_item : item_name = housing_color
11-19 15:42:08.982   853   900 D smt_housing_color: housing_color found:
11-19 15:42:08.982   853   900 D smt_housing_color:  {
11-19 15:42:08.982   853   900 D smt_housing_color: 	"type":	"int",
11-19 15:42:08.982   853   900 D smt_housing_color: 	"ver":	"0",
11-19 15:42:08.982   853   900 D smt_housing_color: 	"data":	"5"
11-19 15:42:08.982   853   900 D smt_housing_color: }
11-19 15:42:08.982   853   900 D smt_housing_color: value=5
11-19 15:42:08.982   853   900 D smt_housing_color: after modify:housing_color:
11-19 15:42:08.982   853   900 D smt_housing_color: {
11-19 15:42:08.982   853   900 D smt_housing_color: 	"type":	"int",
11-19 15:42:08.982   853   900 D smt_housing_color: 	"ver":	"0",
11-19 15:42:08.982   853   900 D smt_housing_color: 	"data":	"5"
11-19 15:42:08.982   853   900 D smt_housing_color: }
11-19 15:42:08.982   853   900 D smt_housing_color: size of 1259 byte will be written:
11-19 15:42:08.982   853   900 D smt_housing_color: {
11-19 15:42:08.982   853   900 D smt_housing_color: 	"housing_color":	{
11-19 15:42:08.982   853   900 D smt_housing_color: 		"type":	"int",
11-19 15:42:08.982   853   900 D smt_housing_color: 		"ver":	"0",
11-19 15:42:08.982   853   900 D smt_housing_color: 		"data":	"5"
11-19 15:42:08.982   853   900 D smt_housing_color: 	},
11-19 15:42:08.982   853   900 D smt_housing_color: 	"lux_raw":	{
11-19 15:42:08.982   853   900 D smt_housing_color: 		"type":	"int",
11-19 15:42:08.982   853   900 D smt_housing_color: 		"ver":	"0",
11-19 15:42:08.982   853   900 D smt_housing_color: 		"data":	"2500"
11-19 15:42:08.982   853   900 D smt_housing_color: 	},
11-19 15:42:08.982   853   900 D smt_housing_color: 	"oem_data0":	{
11-19 15:42:08.982   853   900 D smt_housing_color: 		"type":	"int",
11-19 15:42:08.982   853   900 D smt_housing_color: 		"ver":	"0",
11-19 15:42:08.982   853   900 D smt_housing_color: 		"data":	"405"
11-19 15:42:08.982   853   900 D smt_housing_color: 	},
11-19 15:42:08.982   853   900 D smt_housing_color: 	"oem_data1":	{
11-19 15:42:08.982   853   900 D smt_housing_color: 		"type":	"int",
11-19 15:42:08.982   853   900 D smt_housing_color: 		"ver":	"0",
11-19 15:42:08.982   853   900 D smt_housing_color: 		"data":	"552"
11-19 15:42:08.982   853   900 D smt_housing_color: 	},
11-19 15:42:08.982   853   900 D smt_housing_color: 	"oem_data2":	{
11-19 15:42:08.982   853   900 D smt_housing_color: 		"type":	"int",
11-19 15:42:08.982   853   900 D smt_housing_color: 		"ver":	"0",
11-19 15:42:08.982   853   900 D smt_housing_color: 		"data":	"482"
11-19 15:42:08.982   853   900 D smt_housing_color: 	},
11-19 15:42:08.982   853   900 D smt_housing_color: 	"oem_data3":	{
11-19 15:42:08.982   853   900 D smt_housing_color: 		"type":	"int",
11-19 15:42:08.982   853   900 D smt_housing_color: 		"ver":	"0",
11-19 15:42:08.982   853   900 D smt_housing_color: 		"data":	"22215"
11-19 15:42:08.982   853   900 D smt_housing_color: 	},
11-19 15:42:08.982   853   900 D smt_housing_color: 	"oem_data4":	{
11-19 15:42:08.982   853   900 D smt_housing_color: 		"type":	"int",
11-19 15:42:08.982   853   900 D smt_housing_color: 		"ver":	"0",
11-19 15:42:08.982   853   900 D smt_housing_color: 		"data":	"0"
11-19 15:42:08.982   853   900 D smt_housing_color: 	},
11-19 15:42:08.982   853   900 D smt_housing_color: 	"oem_data5":	{
11-19 15:42:08.982   853   900 D smt_housing_color: 		"type":	"int",
11-19 15:42:08.982   853   900 D smt_housing_color: 		"ver":	"0",
11-19 15:42:08.982   853   900 D smt_housing_color: 		"data":	"0"
11-19 15:42:08.982   853   900 D smt_housing_color: 	},
11-19 15:42:08.982   853   900 D smt_housing_color: 	"oem_data6":	{
11-19 15:42:08.982   853   900 D smt_housing_color: 		"type":	"int",
11-19 15:42:08.982   853   900 D smt_housing_color: 		"ver":	"0",
11-19 15:42:08.982   853   900 D smt_housing_color: 		"data":	"0"
11-19 15:42:08.982   853   900 D smt_housing_color: 	},
11-19 15:42:08.982   853   900 D smt_housing_color: 	"oem_data7":	{
11-19 15:42:08.982   853   900 D smt_housing_color: 		"type":	"int",
11-19 15:42:08.982   853   900 D smt_housing_color: 		"ver":	"0",
11-19 15:42:08.982   853   900 D smt_housing_color: 		"data":	"0"
11-19 15:42:08.982   853   900 D smt_housing_color: 	},
11-19 15:42:08.982   853   900 D smt_housing_color: 	"oem_data8":	{
11-19 15:42:08.982   853   900 D smt_housing_color: 		"type":	"int",
11-19 15:42:08.982   853   900 D smt_housing_color: 		"ver":	"0",
11-19 15:42:08.982   853   900 D smt_housing_color: 		"data":	"0"
11-19 15:42:08.982   853   900 D smt_housing_color: 	},
11-19 15:42:08.982   853   900 D smt_housing_color: 	"oem_data9":	{
11-19 15:42:08.982   853   900 D smt_housing_color: 		"type":	"int",
11-19 15:42:08.982   853   900 D smt_housing_color: 		"ver":	"0",
11-19 15:42:08.982   853   900 D smt_housing_color: 		"data":	"0"
11-19 15:42:08.982   853   900 D smt_housing_color: 	},
11-19 15:42:08.982   853   900 D smt_housing_color: 	"oem_data10":	{
11-19 15:42:08.982   853   900 D smt_housing_color: 		"type":	"int",
11-19 15:42:08.982   853   900 D smt_housing_color: 		"ver":	"0",
11-19 15:42:08.982   853   900 D smt_housing_color: 		"data":	"0"
11-19 15:42:08.982   853   900 D smt_housing_color: 	},
11-19 15:42:08.982   853   900 D smt_housing_color: 	"oem_data11":	{
11-19 15:42:08.982   853   900 D smt_housing_color: 		"type":	"int",
11-19 15:42:08.982   853   900 D smt_housing_color: 		"ver":	"0",
11-19 15:42:08.982   853   900 D smt_housing_color: 		"data":	"0"
11-19 15:42:08.982   853   900 D smt_housing_color: 	},
11-19 15:42:08.982   853   900 D smt_housing_color: 	"oem_data12":	{
11-19 15:42:08.982   853   900 D smt_housing_color: 		"type":	"int",
11-19 15:42:08.982   853   900 D smt_housing_color: 		"ver":	"0",
11-19 15:42:08.982   853   900 D smt_housing_color: 		"data":	"
11-19 15:42:08.982   853   900 D smt_housing_color: writed 1259, length=1259
11-19 15:42:09.012   882   882 E /vendor/bin/cdsprpcd: vendor/qcom/proprietary/adsprpc/src/cdsprpcd.c:29:cdsp daemon starting
11-19 15:42:09.028   628   628 I Zygote  : Preloading resources...
11-19 15:42:09.070   918   918 I MONITOR : CTRL_IFACE - wait for monitor to attach
11-19 15:42:09.091   920   920 I ssgqmigd: socket ANDROID_SOCKET_ssgqmig open success
11-19 15:42:09.093   883   883 E Diag_Lib: qpLogDiagInit <== result : 1
11-19 15:42:09.093   883   883 E Diag_Lib: QMID : gIsQXDMDisabled 0, gIsADBDisabled 1, gIsDebugDisabled 0, gIsIMSLogsDisabled 0
11-19 15:42:09.093   883   883 E Diag_Lib: [IMS_QMID] |imsqmiserver.c | 541 | QMID#$$#0#QMI DAEMON STARTED
11-19 15:42:09.103   855   855 D Mdmd    : 1732, start YN70C01185J00038, YN70C01185J00038
11-19 15:42:09.110   803   803 D libEGL  : loaded /vendor/lib64/egl/libEGL_adreno.so
11-19 15:42:09.126   871   871 E QCOMSysDaemon: Can't find/open bootselect node: (No such file or directory)
11-19 15:42:09.126   871   871 I QCOMSysDaemon: Starting qcom system daemon
11-19 15:42:09.197   855   855 D Mdmd    : 1750, start PPPPP PPPPPPPP P P, PPPPP PPPPPPPP P P
11-19 15:42:09.197   855   855 I Mdmd    : here???
11-19 15:42:09.209   876   876 I sdbd    : starting Smartisan Debug Bridge Daemon
11-19 15:42:09.265   876   876 D sdbd    : sdbd: Diag_LSM_Init succeeded.
11-19 15:42:09.321   915   915 I Scitd   : Scitd 1.0 starting
11-19 15:42:09.322   915   915 D Scitd   : init_cm, 46
11-19 15:42:09.342   930   930 I TLOC    : [main       ]"TLOC DAEMON main thread"
11-19 15:42:09.342   930   930 D TLOC    : [TLOCDaemon ]"---------- TLOC Daemon Starts ----------"
11-19 15:42:09.349   755   755 I ServiceManagement: Removing namespace from process name vendor.qti.hardware.factory@1.0-service to factory@1.0-ser.
11-19 15:42:09.351   755   755 I         : Registration complete for vendor.qti.hardware.factory@1.0::IFactory/default.
11-19 15:42:09.352   915   915 I bhj     : vendor/smartisanhw/scitd/ClientManager.cpp:1801: using debug build
11-19 15:42:09.355   915   915 D Scitd   : 1885, start YN70C01185J00038, YN70C01185J00038
11-19 15:42:09.357   915   915 D Scitd   : 1903, start PPPPP PPPPPPPP P P    P P, PPPPP PPPPPPPP P P    P P
11-19 15:42:09.357   915   915 D Scitd   : 
11-19 15:42:09.357   915   915 D Scitd   : 		=====================
11-19 15:42:09.357   915   915 D Scitd   : 
11-19 15:42:09.357   915   915 D Scitd   : 		Starting FTM Test App
11-19 15:42:09.357   915   915 D Scitd   : 
11-19 15:42:09.357   915   915 D Scitd   : 		=====================
11-19 15:42:09.359   915   915 I Scitd   : here???
11-19 15:42:09.360   755   958 I vendor.qti.hardware.factory@1.0-impl: Connected to server '/dev/socket/mmi' success, socket id=6
11-19 15:42:09.360   755   958 I vendor.qti.hardware.factory@1.0-impl: send msg: moduld=[QMMI], cmd=1, subcmd=, msg_id=0, msg=, msg_size=0, result=0
11-19 15:42:09.360   813   822 I mmid    : connect success for module=[QMMI], cmd=1, subcmd=, socdetFd=5
11-19 15:42:09.360   813   822 I mmid    : Client connect success: set socket fd(5) to module:[QMMI]
11-19 15:42:09.361   755   958 I vendor.qti.hardware.factory@1.0-impl: create msg waiting thread(thread id=505285641456) for factory hidl
11-19 15:42:09.361   755   958 I vendor.qti.hardware.factory@1.0-impl: create msg handle thread(thread id=505284605168) for factory hidl
11-19 15:42:09.361   755   963 I vendor.qti.hardware.factory@1.0-impl: thread(msg_handle_thread) start for factory HIDL
11-19 15:42:09.361   755   962 I vendor.qti.hardware.factory@1.0-impl: thread(msg_waiting_thread) start for factory HIDL
11-19 15:42:09.372   878   878 I ThermalEngine: Thermal daemon started
11-19 15:42:09.373   878   878 I ThermalEngine: Using target config file '/vendor/etc/thermal-engine-710.conf'
11-19 15:42:09.373   878   878 I ThermalEngine: devices_manager_init: Init
11-19 15:42:09.373   878   878 I ThermalEngine: Number of gpus :1
11-19 15:42:09.373   878   878 I ThermalEngine: Number of cpus :8
11-19 15:42:09.375   878   878 I ThermalEngine: update_cpu_topology: Cluster info node not found/sys/module/msm_thermal/cluster_info
11-19 15:42:09.376   878   878 E ThermalEngine: tmd_add_cpufreq_dev_data: Invalid or no boost freqs
11-19 15:42:09.382   878   965 E QMI_FW  : QMUXD: WARNING qmi_qmux_if_pwr_up_init failed! rc=-6
11-19 15:42:09.385   878   878 E ThermalEngine: tmd_add_cpufreq_dev_data: Invalid or no boost freqs
11-19 15:42:09.392   878   878 I chatty  : uid=0(root) /system/vendor/bin/thermal-engine identical 4 lines
11-19 15:42:09.393   878   878 E ThermalEngine: tmd_add_cpufreq_dev_data: Invalid or no boost freqs
11-19 15:42:09.559   974   974 I aging_mem_test: type=1400 audit(0.0:159): avc: denied { execute } for name="sh" dev="dm-0" ino=317 scontext=u:r:shell:s0 tcontext=u:object_r:vendor_shell_exec:s0 tclass=file permissive=1
11-19 15:42:09.559   974   974 I aging_mem_test: type=1400 audit(0.0:160): avc: denied { read open } for path="/vendor/bin/sh" dev="dm-0" ino=317 scontext=u:r:shell:s0 tcontext=u:object_r:vendor_shell_exec:s0 tclass=file permissive=1
11-19 15:42:09.619   974   974 I aging_mem_test: type=1400 audit(0.0:161): avc: denied { execute_no_trans } for path="/vendor/bin/sh" dev="dm-0" ino=317 scontext=u:r:shell:s0 tcontext=u:object_r:vendor_shell_exec:s0 tclass=file permissive=1
11-19 15:42:09.619   974   974 I sh      : type=1400 audit(0.0:162): avc: denied { getattr } for path="/vendor/bin/sh" dev="dm-0" ino=317 scontext=u:r:shell:s0 tcontext=u:object_r:vendor_shell_exec:s0 tclass=file permissive=1
11-19 15:42:09.396   878   878 E ThermalEngine: tmd_add_cpufreq_dev_data: Invalid or no boost freqs
11-19 15:42:09.410   878   878 I ThermalEngine: tmd_init_cluster_devs: No clusters found
11-19 15:42:09.455   930   930 D TLOC    : [TLOCChannel]"The channel was initialized successfully for TLOCD"
11-19 15:42:09.464   867   867 E PerMgrProxy: Starting pm-proxy service
11-19 15:42:09.465   874   874 I CLD80211: /system/vendor/bin/cnss_diag: initialized exit socket pair
11-19 15:42:09.465   874   874 I CLD80211: /system/vendor/bin/cnss_diag: nlctrl family id: 16 group: fw_logs mcast_id: 21
11-19 15:42:09.465   874   874 I CLD80211: /system/vendor/bin/cnss_diag: nlctrl family id: 16 group: host_logs mcast_id: 20
11-19 15:42:09.465   874   874 I CLD80211: /system/vendor/bin/cnss_diag: nlctrl family id: 16 group: diag_events mcast_id: 23
11-19 15:42:09.478   874   874 I CNSS    : log_capture_location  = /sdcard/wlan_logs/
11-19 15:42:09.478   874   874 I CNSS    : Host_logs_location  = /sdcard/wlan_logs/buffered_cnsshost_log.txt
11-19 15:42:09.478   874   874 I CNSS    : firmware_logs_location  = /sdcard/wlan_logs/buffered_cnssfw_log.txt
11-19 15:42:09.478   874   874 I CNSS    : cnss_open_log_file: create directory /sdcard/wlan_logs/ ret = -1 errno= 2
11-19 15:42:09.479   874   874 I CNSS    : failed to open file a+ mode or file size 0 is less than max_file_size 31457280
11-19 15:42:09.479   874   874 I CNSS    : Failed to open file /sdcard/wlan_logs/host_driver_logs_current.txt: 2
11-19 15:42:09.483   881   942 E /vendor/bin/adsprpcd: vendor/qcom/proprietary/adsprpc/src/apps_std_imp.c:721:Error 45: fopen failed for /persist/sensors/registry/sns_reg_config. (No such file or directory)
11-19 15:42:09.483   881   942 E /vendor/bin/adsprpcd: vendor/qcom/proprietary/adsprpc/src/apps_std_imp.c:994::Error: 57: 0 == (nOpenErr = apps_std_fopen_with_env("ADSP_LIBRARY_PATH", ";", name, "r", &ps))
11-19 15:42:09.483   881   942 E /vendor/bin/adsprpcd: vendor/qcom/proprietary/adsprpc/src/apps_std_imp.c:1012:Error 57: failed to stat /persist/sensors/registry/sns_reg_config, file open returned 45, errno is No such file or directory
11-19 15:42:09.510   880   937 E /vendor/bin/adsprpcd: vendor/qcom/proprietary/adsprpc/src/apps_std_imp.c:721:Error 45: fopen failed for remote_heap_config.so. (No such file or directory)
11-19 15:42:09.510   909   909 W ADebug  : Failed to get property persist.sys.media.traces
11-19 15:42:09.512   923   955 V QCALOG  : [MessageQ] creating server socket
11-19 15:42:09.513   923   955 V QCALOG  : [MessageQ] binding to [/dev/socket/location/mq/location-mq-s]
11-19 15:42:09.513   923   955 V QCALOG  : [MessageQ] binding server socket to name [/dev/socket/location/mq/location-mq-s]
11-19 15:42:09.513   923   955 D QCALOG  : [location-mq] SRV Socket-Opend
11-19 15:42:09.541   926   926 D QSEECOMAPI: QSEECom_get_handle sb_length = 0x2000
11-19 15:42:09.542   926   926 D QSEECOMAPI: App is not loaded in QSEE
11-19 15:42:09.550   628   628 W Resources: Preloaded drawable resource #0x1080347 (android:drawable/dialog_background_material) that varies with configuration!!
11-19 15:42:09.551   930   930 D TLOC    : [TLOCChannel]"The channel was initialized successfully for TLOCL"
11-19 15:42:09.552   930   930 D TLOC    : [TLOCChannel]"The channel was initialized successfully for MODEM"
11-19 15:42:09.552   930   930 D TLOC    : [TLOCChannel]"TLOCChannel was initialized successfully"
11-19 15:42:09.552   930   930 D TLOC    : [TLOCChannel] "TLOCChannel is already initialized"
11-19 15:42:09.561   929   929 E Seemp   : SEEMP_LOG_SPHINX: (Native) Start Delay for Main Process is 4 seconds
11-19 15:42:09.579   919   919 I CLD80211: /system/vendor/bin/cnss-daemon: initialized exit socket pair
11-19 15:42:09.580   919   919 I CLD80211: /system/vendor/bin/cnss-daemon: nlctrl family id: 16 group: svc_msgs mcast_id: 19
11-19 15:42:09.578   875   875 E vpp-ipc_service: main (45): Starting the vppService....
11-19 15:42:09.600   909   909 I mediametrics: ServiceManager: 0x7c7983f6c0
11-19 15:42:09.600   909   909 D MediaAnalyticsService: MediaAnalyticsService created
11-19 15:42:09.600   909   909 D MediaAnalyticsService: MediaAnalyticsService::newSummarizerSet
11-19 15:42:09.573   936   936 I /system/bin/tombstoned: tombstoned successfully initialized
11-19 15:42:09.602   799   821 D PerMgrSrv: modem state: is off-line, add client PM-PROXY-THREAD
11-19 15:42:09.602   799   821 D PerMgrSrv: PM-PROXY-THREAD registered
11-19 15:42:09.603   867   867 D PerMgrLib: PM-PROXY-THREAD successfully registered for modem
11-19 15:42:09.603   867   867 I PerMgrProxy: Casting proxy vote for modem
11-19 15:42:09.603   867   867 D PerMgrLib: PM-PROXY-THREAD voting for modem
11-19 15:42:09.603   799   821 D PerMgrSrv: PM-PROXY-THREAD voting for modem
11-19 15:42:09.603   799   821 D PerMgrSrv: modem new state: going on-line
11-19 15:42:09.603   799   821 D PerMgrSrv: modem num voters is 1
11-19 15:42:09.604   867   867 I PerMgrProxy: pm-proxy-thread vote successful for modem
11-19 15:42:09.619   878   878 I ThermalEngine: vdd_rstr_init: Could not read /sys/module/msm_thermal/vdd_restriction/enabled
11-19 15:42:09.628   878   878 E ThermalEngine: Error reading /sys/class/leds/lcd-backlight/max_brightness
11-19 15:42:09.629   878   878 E ThermalEngine: open/sys/class/power_supply/battery/system_temp_level failed2
11-19 15:42:09.629   878   878 E ThermalEngine: Unable to init battery charging mitigation to 0
11-19 15:42:09.629   878   878 I ThermalEngine: sensors_manager_init: Init
11-19 15:42:09.630   878   989 I ThermalEngine: qmi: Instance id 157 for fusion TS
11-19 15:42:09.641   880   937 E /vendor/bin/adsprpcd: vendor/qcom/proprietary/adsprpc/src/apps_std_imp.c:721:Error 45: fopen failed for Elevoc_ecns_capi2.so. (No such file or directory)
11-19 15:42:09.643   880   937 E /vendor/bin/adsprpcd: vendor/qcom/proprietary/adsprpc/src/apps_std_imp.c:721:Error 45: fopen failed for Elevoc_ecns_capi2.so. (No such file or directory)
11-19 15:42:09.645   926   926 D QSEECOMAPI: app_arch = 2, total_files = 9
11-19 15:42:09.648   878   990 E ThermalEngine: socket creation success
11-19 15:42:09.653   878   967 I ThermalEngine: ADSP thermal mitigation available.
11-19 15:42:09.675   869   869 D android.hardware.biometrics.fingerprint@2.1-service: Opening fingerprint hal library...
11-19 15:42:09.688   803   803 D libEGL  : loaded /vendor/lib64/egl/libGLESv1_CM_adreno.so
11-19 15:42:09.691   893   893 W ADebug  : Failed to get property persist.sys.media.traces
11-19 15:42:09.692   930   930 E QMI_FW  : QMUXD: WARNING qmi_qmux_if_pwr_up_init failed! rc=-6
11-19 15:42:09.696   869   869 D vndksupport: Loading /vendor/lib64/hw/nvtfingerprint.default.so from current namespace instead of sphal namespace.
11-19 15:42:09.711   803   803 D libEGL  : loaded /vendor/lib64/egl/libGLESv2_adreno.so
11-19 15:42:09.749   868   868 I Dpps    : GetInstance: DppsServer ref count increased to 1
11-19 15:42:09.749   868   868 I Dpps    : GetAdClientInterface():463 AD not supported
11-19 15:42:09.750   868   868 I Dpps    : AbaContext():32 ABA context instantiation
11-19 15:42:09.750   868   868 E Dpps    : GetPanelInfoByNode():132 Failed to open msm_fb_panel_info node 0, path sys/class/graphics/fb0/msm_fb_panel_info ret No such file or directory
11-19 15:42:09.750   868   868 E Dpps    : GetFBNodeIndex():94 Unable to get panel info for node index 0, ret -2
11-19 15:42:09.750   868   868 E Dpps    : Open():57 failed to FB Index ret -2
11-19 15:42:09.750   868   868 E Dpps    : GetDriverProbe():256 failed to open FB driver on display 0 ret -2
11-19 15:42:09.750   868   868 I Dpps    : GetDriverProbe():259 Trying to open DRM driver on display 0 
11-19 15:42:09.751   868   868 I Dpps    : WaitForComposer():144 Waiting for composer service init
11-19 15:42:09.767   893   893 I mediaserver: ServiceManager: 0xef898960
11-19 15:42:09.777   921   921 I ssgtzd  : Serving TZD interface
11-19 15:42:09.799   919   981 E QMI_FW  : QMUXD: WARNING qmi_qmux_if_pwr_up_init failed! rc=-6
11-19 15:42:09.849   803   803 I Adreno  : QUALCOMM build                   : 85a6576, Ie95bd5cb08
11-19 15:42:09.849   803   803 I Adreno  : Build Date                       : 06/12/18
11-19 15:42:09.849   803   803 I Adreno  : OpenGL ES Shader Compiler Version: EV031.23.02.01
11-19 15:42:09.849   803   803 I Adreno  : Local Branch                     : mybranch34060190
11-19 15:42:09.849   803   803 I Adreno  : Remote Branch                    : quic/gfx-adreno.lnx.1.0.r32-rel
11-19 15:42:09.849   803   803 I Adreno  : Remote Branch                    : NONE
11-19 15:42:09.849   803   803 I Adreno  : Reconstruct Branch               : NOTHING
11-19 15:42:09.809   974   974 I sh      : type=1400 audit(0.0:163): avc: denied { getattr } for path="/vendor/bin/toybox_vendor" dev="dm-0" ino=361 scontext=u:r:shell:s0 tcontext=u:object_r:vendor_toolbox_exec:s0 tclass=file permissive=1
11-19 15:42:09.809   974   974 I sh      : type=1400 audit(0.0:164): avc: denied { execute } for name="toybox_vendor" dev="dm-0" ino=361 scontext=u:r:shell:s0 tcontext=u:object_r:vendor_toolbox_exec:s0 tclass=file permissive=1
11-19 15:42:09.809   974   974 I sh      : type=1400 audit(0.0:165): avc: denied { read open } for path="/vendor/bin/toybox_vendor" dev="dm-0" ino=361 scontext=u:r:shell:s0 tcontext=u:object_r:vendor_toolbox_exec:s0 tclass=file permissive=1
11-19 15:42:09.869   974   974 I sh      : type=1400 audit(0.0:166): avc: denied { execute_no_trans } for path="/vendor/bin/toybox_vendor" dev="dm-0" ino=361 scontext=u:r:shell:s0 tcontext=u:object_r:vendor_toolbox_exec:s0 tclass=file permissive=1
11-19 15:42:10.069   974   974 I rm      : type=1400 audit(0.0:167): avc: denied { write } for name="aging_mem" dev="dm-2" ino=1572927 scontext=u:r:shell:s0 tcontext=u:object_r:system_data_file:s0 tclass=dir permissive=1
11-19 15:42:10.069   974   974 I rm      : type=1400 audit(0.0:168): avc: denied { remove_name } for name="aging_mem_cfg.json" dev="dm-2" ino=1573875 scontext=u:r:shell:s0 tcontext=u:object_r:system_data_file:s0 tclass=dir permissive=1
11-19 15:42:10.069   974   974 I rm      : type=1400 audit(0.0:169): avc: denied { unlink } for name="aging_mem_cfg.json" dev="dm-2" ino=1573875 scontext=u:r:shell:s0 tcontext=u:object_r:system_data_file:s0 tclass=file permissive=1
11-19 15:42:09.864   934   934 I gatekeeperd: Starting gatekeeperd...
11-19 15:42:09.957   886   886 D SmcInvoke_SmcInvokeDaemon: publishService: Added MinkBinderSvc to services and is now running
11-19 15:42:09.958   886   886 D SmcInvoke_SmcInvokeDaemon: SmcInvokeDaemon starts MinkBinderSvc
11-19 15:42:10.020   869   869 D FingerprintHal: --------------> fingerprint_open
11-19 15:42:10.020   869   869 D CommonCommand_impl: add_sensortest_service
11-19 15:42:10.020   869   869 D CommonCommand_impl: new CommonCommand instatce
11-19 15:42:10.027   803   803 I Adreno  : PFP: 0x016ee164, ME: 0x00000000
11-19 15:42:10.028   912   912 I wificond: wificond is starting up...
11-19 15:42:10.029   912   912 I wificond: InitializeIcuOrDie...
11-19 15:42:10.029   912   912 I wificond: InitializeIcuOrDie finished...
11-19 15:42:10.031   912   912 I wificond: wifigbk_init...
11-19 15:42:10.051   985   985 W XTIA    : [XTIA] wifi: 1, ap cell: 0, modem cell need ap: 1, waa: 0
11-19 15:42:10.051   985   985 W XTIA    : 	sstp: 0
11-19 15:42:10.057   912   912 E wificond: Failed to get wiphy indices
11-19 15:42:10.069   878   878 E ThermalEngine: Unable to change to /sys/devices/soc.0/
11-19 15:42:10.069   878   878 E ThermalEngine: bcl_setup: Unexpected node error
11-19 15:42:10.069   878   878 E ThermalEngine: add_tgt_sensor: bcl sensor setup failed failed.
11-19 15:42:10.069   878   878 E ThermalEngine: add_tgt_sensors_set: Error adding bcl
11-19 15:42:10.069   878   878 E ThermalEngine: sensors_init: Error adding BCL TS
11-19 15:42:10.069   878   878 E ThermalEngine: pid_init_data: ERROR Uknown device
11-19 15:42:10.069   878   878 E ThermalEngine: speaker_cal_init_data: ERROR Uknown device
11-19 15:42:10.069   878   878 E ThermalEngine: ss_init_data: ERROR Uknown device
11-19 15:42:10.069   878   878 I ThermalEngine: Loading config file for virtual sensor
11-19 15:42:10.069   878   878 I ThermalEngine: Loading configuration file /vendor/etc/thermal-engine-710.conf
11-19 15:42:10.075   923   955 V QCALOG  : [MessageQ] wait result 1
11-19 15:42:10.075   923   955 I QCALOG  : [MessageQ] client connection
11-19 15:42:10.075   923   955 D QCALOG  : [MessageQ] new client pid 985, uid 1021, gid 1021
11-19 15:42:10.075   923   955 V QCALOG  : [MessageQ] wait result 1
11-19 15:42:10.075   923   955 I QCALOG  : [MessageQ] client connection
11-19 15:42:10.075   923   955 D QCALOG  : [MessageQ] new client pid 985, uid 1021, gid 1021
11-19 15:42:10.075   923   955 V QCALOG  : [MessageQ] wait result 1
11-19 15:42:10.075   923   955 I QCALOG  : [MessageQ] client connection
11-19 15:42:10.075   923   955 D QCALOG  : [MessageQ] new client pid 985, uid 1021, gid 1021
11-19 15:42:10.075   923   955 V QCALOG  : [MessageQ] wait result 1
11-19 15:42:10.075   923   955 I QCALOG  : [MessageQ] client connection
11-19 15:42:10.084   868   868 I Dpps    : GetDrmResources():316 Found connector 26
11-19 15:42:10.084   868   868 I Dpps    : GetDrmResources():333 Found encoder 25
11-19 15:42:10.084   868   868 I Dpps    : GetDrmResources():353 Found crtc 103
11-19 15:42:10.075   923   955 D QCALOG  : [MessageQ] new client pid 985, uid 1021, gid 1021
11-19 15:42:10.087   869   869 D FingerprintHal: --------------> nvt_engine_init
11-19 15:42:10.088   869   869 D NVT_FPR_ENG_MAIN: *NVT [914], fpr_eng_init() DBG: Current pid is 869
11-19 15:42:10.092   878   878 I ThermalEngine: Parsing section global
11-19 15:42:10.093   878   878 E ThermalEngine: virtual_sensors_init: Error getting virtual sensors set
11-19 15:42:10.093   878   878 I ThermalEngine: Loading configuration file /vendor/etc/thermal-engine-710.conf
11-19 15:42:10.093   878   878 I ThermalEngine: Parsing section global
11-19 15:42:10.093   878   878 I ThermalEngine: Created section 'BATTERY_CHARGING_CTL'
11-19 15:42:10.093   878   878 I ThermalEngine: Algo Type 'monitor'
11-19 15:42:10.093   878   878 I ThermalEngine: Parsing section BATTERY_CHARGING_CTL
11-19 15:42:10.093   878   878 I ThermalEngine: Found field 'sampling'
11-19 15:42:10.093   878   878 I ThermalEngine: Found field 'sensor'
11-19 15:42:10.093   878   878 I ThermalEngine: Found field 'thresholds'
11-19 15:42:10.093   878   878 I ThermalEngine: Found field 'thresholds_clr'
11-19 15:42:10.093   878   878 I ThermalEngine: Found field 'actions'
11-19 15:42:10.093   878   878 I ThermalEngine: Found field 'action_info'
11-19 15:42:10.094   878   878 I ThermalEngine: Created section 'LCD_MONITOR'
11-19 15:42:10.094   878   878 I ThermalEngine: Algo Type 'monitor'
11-19 15:42:10.094   878   878 I ThermalEngine: Parsing section LCD_MONITOR
11-19 15:42:10.094   878   878 I ThermalEngine: Found field 'sampling'
11-19 15:42:10.094   878   878 I ThermalEngine: Found field 'sensor'
11-19 15:42:10.094   878   878 I ThermalEngine: Found field 'thresholds'
11-19 15:42:10.094   878   878 I ThermalEngine: Found field 'thresholds_clr'
11-19 15:42:10.094   878   878 I ThermalEngine: Found field 'actions'
11-19 15:42:10.094   878   878 I ThermalEngine: Found field 'action_info'
11-19 15:42:10.094   878   878 I ThermalEngine: Created section 'SS-QUIET-THERM-SILVER'
11-19 15:42:10.094   878   878 I ThermalEngine: Algo Type 'ss'
11-19 15:42:10.094   878   878 I ThermalEngine: Parsing section SS-QUIET-THERM-SILVER
11-19 15:42:10.094   878   878 I ThermalEngine: Found field 'sampling'
11-19 15:42:10.094   878   878 I ThermalEngine: Found field 'sensor'
11-19 15:42:10.094   878   878 I ThermalEngine: Found field 'device'
11-19 15:42:10.094   878   878 I ThermalEngine: Found field 'set_point'
11-19 15:42:10.094   878   878 I ThermalEngine: Found field 'set_point_clr'
11-19 15:42:10.094   878   878 I ThermalEngine: Found field 'time_constant'
11-19 15:42:10.094   878   878 I ThermalEngine: Found field 'device_max_limit'
11-19 15:42:10.094   878   878 I ThermalEngine: Created section 'SS-QUIET-THERM-GOLD'
11-19 15:42:10.094   878   878 I ThermalEngine: Algo Type 'ss'
11-19 15:42:10.094   878   878 I ThermalEngine: Parsing section SS-QUIET-THERM-GOLD
11-19 15:42:10.094   878   878 I ThermalEngine: Found field 'sampling'
11-19 15:42:10.094   878   878 I ThermalEngine: Found field 'sensor'
11-19 15:42:10.095   878   878 I ThermalEngine: Found field 'device'
11-19 15:42:10.095   878   878 I ThermalEngine: Found field 'set_point'
11-19 15:42:10.095   878   878 I ThermalEngine: Found field 'set_point_clr'
11-19 15:42:10.095   878   878 I ThermalEngine: Found field 'time_constant'
11-19 15:42:10.095   878   878 I ThermalEngine: Found field 'device_max_limit'
11-19 15:42:10.095   878   878 I ThermalEngine: Created section 'SS-QUIET-THERM-GPU'
11-19 15:42:10.095   878   878 I ThermalEngine: Algo Type 'ss'
11-19 15:42:10.095   878   878 I ThermalEngine: Parsing section SS-QUIET-THERM-GPU
11-19 15:42:10.095   878   878 I ThermalEngine: Found field 'sampling'
11-19 15:42:10.095   878   878 I ThermalEngine: Found field 'sensor'
11-19 15:42:10.095   878   878 I ThermalEngine: Found field 'device'
11-19 15:42:10.095   878   878 I ThermalEngine: Found field 'set_point'
11-19 15:42:10.095   878   878 I ThermalEngine: Found field 'set_point_clr'
11-19 15:42:10.095   878   878 I ThermalEngine: Found field 'time_constant'
11-19 15:42:10.095   878   878 I ThermalEngine: Found field 'device_max_limit'
11-19 15:42:10.095   878   878 I ThermalEngine: Created section 'CAM_MONITOR'
11-19 15:42:10.095   878   878 I ThermalEngine: Algo Type 'monitor'
11-19 15:42:10.095   878   878 I ThermalEngine: Parsing section CAM_MONITOR
11-19 15:42:10.095   878   878 I ThermalEngine: Found field 'sampling'
11-19 15:42:10.095   878   878 I ThermalEngine: Found field 'sensor'
11-19 15:42:10.095   878   878 I ThermalEngine: Found field 'thresholds'
11-19 15:42:10.095   878   878 I ThermalEngine: Found field 'thresholds_clr'
11-19 15:42:10.095   878   878 I ThermalEngine: Found field 'actions'
11-19 15:42:10.095   878   878 I ThermalEngine: Found field 'action_info'
11-19 15:42:10.096   878   878 E ThermalEngine: sensors_manager_reg_clnt: Invalid sensor pop_mem.
11-19 15:42:10.097   878   878 E ThermalEngine: pid_algo_init: Sensor clnt create fail pop_mem
11-19 15:42:10.097   878   878 E ThermalEngine: sensors_manager_reg_clnt: Invalid sensor cpu3.
11-19 15:42:10.097   878   878 E ThermalEngine: pid_algo_init: Sensor clnt create fail cpu3
11-19 15:42:10.097   878   878 E ThermalEngine: sensors_manager_reg_clnt: Invalid sensor cpu2.
11-19 15:42:10.097   878   878 E ThermalEngine: pid_algo_init: Sensor clnt create fail cpu2
11-19 15:42:10.097   878   878 E ThermalEngine: sensors_manager_reg_clnt: Invalid sensor cpu1.
11-19 15:42:10.097   878   878 E ThermalEngine: pid_algo_init: Sensor clnt create fail cpu1
11-19 15:42:10.097   878   878 E ThermalEngine: sensors_manager_reg_clnt: Invalid sensor cpu0.
11-19 15:42:10.097   878   878 E ThermalEngine: pid_algo_init: Sensor clnt create fail cpu0
11-19 15:42:10.097   878   878 I ThermalEngine: pid_algo_init: No PID's to be configured.
11-19 15:42:10.097   878   878 I ThermalEngine: [CAM_MONITOR]
11-19 15:42:10.097   878   878 I ThermalEngine: algo_type monitor
11-19 15:42:10.097   878   878 I ThermalEngine: sampling 10000
11-19 15:42:10.097   878   878 I ThermalEngine: sensor quiet-therm-adc
11-19 15:42:10.097   878   878 I ThermalEngine: thresholds 44000 46000
11-19 15:42:10.097   878   878 I ThermalEngine: thresholds_clr 42000 44000
11-19 15:42:10.097   878   878 I ThermalEngine: actions camera camera
11-19 15:42:10.097   878   878 I ThermalEngine: action_info 1 2
11-19 15:42:10.097   878   878 I ThermalEngine: [LCD_MONITOR]
11-19 15:42:10.097   878   878 I ThermalEngine: algo_type monitor
11-19 15:42:10.097   878   878 I ThermalEngine: sampling 10000
11-19 15:42:10.097   878   878 I ThermalEngine: sensor quiet-therm-adc
11-19 15:42:10.097   878   878 I ThermalEngine: thresholds 45000 47000
11-19 15:42:10.098   878   878 I ThermalEngine: thresholds_clr 43000 45000
11-19 15:42:10.098   878   878 I ThermalEngine: actions lcd lcd
11-19 15:42:10.098   878   878 I ThermalEngine: action_info 25 35
11-19 15:42:10.098   878   878 I ThermalEngine: [BATTERY_CHARGING_CTL]
11-19 15:42:10.098   878   878 I ThermalEngine: algo_type monitor
11-19 15:42:10.098   878   878 I ThermalEngine: sampling 10000
11-19 15:42:10.098   878   878 I ThermalEngine: sensor quiet-therm-adc
11-19 15:42:10.098   878   878 I ThermalEngine: thresholds 33000 35000 36000 37000 38000 39000 40000 41000
11-19 15:42:10.098   878   878 I ThermalEngine: thresholds_clr 32000 33000 35000 36000 37000 38000 39000 40000
11-19 15:42:10.098   878   878 I ThermalEngine: actions battery battery battery battery battery battery battery battery
11-19 15:42:10.098   878   878 I ThermalEngine: action_info 1 2 3 4 5 6 7 8
11-19 15:42:10.098   878   878 I ThermalEngine: [SS-QUIET-THERM-GPU]
11-19 15:42:10.098   878   878 I ThermalEngine: algo_type ss
11-19 15:42:10.098   878   878 I ThermalEngine: sampling 2000
11-19 15:42:10.098   878   878 I ThermalEngine: sensor quiet-therm-adc
11-19 15:42:10.098   878   878 I ThermalEngine: device gpu
11-19 15:42:10.098   878   878 I ThermalEngine: set_point 40000
11-19 15:42:10.098   878   878 I ThermalEngine: set_point_clr 38000
11-19 15:42:10.098   878   878 I ThermalEngine: time_constant 0
11-19 15:42:10.098   878   878 I ThermalEngine: device_max_limit 355000000
11-19 15:42:10.098   878   878 I ThermalEngine: [SS-QUIET-THERM-GOLD]
11-19 15:42:10.098   878   878 I ThermalEngine: algo_type ss
11-19 15:42:10.098   878   878 I ThermalEngine: sampling 2000
11-19 15:42:10.098   878   878 I ThermalEngine: sensor quiet-therm-adc
11-19 15:42:10.098   878   878 I ThermalEngine: device cpu6
11-19 15:42:10.098   878   878 I ThermalEngine: set_point 40000
11-19 15:42:10.098   878   878 I ThermalEngine: set_point_clr 38000
11-19 15:42:10.098   878   878 I ThermalEngine: time_constant 0
11-19 15:42:10.098   878   878 I ThermalEngine: device_max_limit 1747200
11-19 15:42:10.098   878   878 I ThermalEngine: [SS-QUIET-THERM-SILVER]
11-19 15:42:10.098   878   878 I ThermalEngine: algo_type ss
11-19 15:42:10.098   878   878 I ThermalEngine: sampling 2000
11-19 15:42:10.098   878   878 I ThermalEngine: sensor quiet-therm-adc
11-19 15:42:10.098   878   878 I ThermalEngine: device cpu0
11-19 15:42:10.098   878   878 I ThermalEngine: set_point 40000
11-19 15:42:10.098   878   878 I ThermalEngine: set_point_clr 38000
11-19 15:42:10.098   878   878 I ThermalEngine: time_constant 0
11-19 15:42:10.098   878   878 I ThermalEngine: device_max_limit 1708800
11-19 15:42:10.099   878   878 E ThermalEngine: No speaker_cal config
11-19 15:42:10.101   923   955 V QCALOG  : [MessageQ] wait result 4
11-19 15:42:10.101   923   955 V QCALOG  : [MessageQueueClientInfo] NOT_REGISTERED:985: read
11-19 15:42:10.101   923   955 V QCALOG  : [MessageQueueClientInfo] just read 4 bytes
11-19 15:42:10.101   923   955 V QCALOG  : [MessageQueueClientInfo] NOT_REGISTERED:985: read
11-19 15:42:10.101   923   955 V QCALOG  : [MessageQueueClientInfo] just read 4 bytes
11-19 15:42:10.101   923   955 V QCALOG  : [MessageQueueClientInfo] NOT_REGISTERED:985: read
11-19 15:42:10.101   923   955 V QCALOG  : [MessageQueueClientInfo] just read 4 bytes
11-19 15:42:10.101   923   955 V QCALOG  : [MessageQueueClientInfo] NOT_REGISTERED:985: read
11-19 15:42:10.101   923   955 V QCALOG  : [MessageQueueClientInfo] just read 4 bytes
11-19 15:42:10.101   923   955 V QCALOG  : [MessageQ] wait result 4
11-19 15:42:10.101   923   955 V QCALOG  : [MessageQueueClientInfo] NOT_REGISTERED:985: read
11-19 15:42:10.101   923   955 V QCALOG  : [MessageQueueClientInfo] just read 71 bytes
11-19 15:42:10.101   923   955 V QCALOG  : [MessageQueueClientInfo] card length 71 + 4 bytes, current size 75 bytes
11-19 15:42:10.101   923   955 D QCALOG  : [MessageQ] ProcessNewMessage: [NOT_REGISTERED:985] server command
11-19 15:42:10.101   923   955 D QCALOG  : [MessageQ] ProcessNewMessage: [NOT_REGISTERED:985] register to server
11-19 15:42:10.102   923   955 D QCALOG  : [MessageQ] ProcessNewMessage: new client name [inet-agent-tdp-dl]
11-19 15:42:10.102   923   955 V QCALOG  : [MessageQ] Request from client inet-agent-tdp-dl for registration
11-19 15:42:10.102   923   955 V QCALOG  : [MessageQueueClientInfo] NOT_REGISTERED:985: read
11-19 15:42:10.102   923   955 V QCALOG  : [MessageQueueClientInfo] just read 67 bytes
11-19 15:42:10.102   923   955 V QCALOG  : [MessageQueueClientInfo] card length 67 + 4 bytes, current size 71 bytes
11-19 15:42:10.102   923   955 D QCALOG  : [MessageQ] ProcessNewMessage: [NOT_REGISTERED:985] server command
11-19 15:42:10.102   923   955 D QCALOG  : [MessageQ] ProcessNewMessage: [NOT_REGISTERED:985] register to server
11-19 15:42:10.102   923   955 D QCALOG  : [MessageQ] ProcessNewMessage: new client name [inet-agent-cs]
11-19 15:42:10.102   923   955 V QCALOG  : [MessageQ] Request from client inet-agent-cs for registration
11-19 15:42:10.102   923   955 V QCALOG  : [MessageQueueClientInfo] NOT_REGISTERED:985: read
11-19 15:42:10.102   923   955 V QCALOG  : [MessageQueueClientInfo] just read 69 bytes
11-19 15:42:10.102   923   955 V QCALOG  : [MessageQueueClientInfo] card length 69 + 4 bytes, current size 73 bytes
11-19 15:42:10.102   923   955 D QCALOG  : [MessageQ] ProcessNewMessage: [NOT_REGISTERED:985] server command
11-19 15:42:10.102   923   955 D QCALOG  : [MessageQ] ProcessNewMessage: [NOT_REGISTERED:985] register to server
11-19 15:42:10.102   923   955 D QCALOG  : [MessageQ] ProcessNewMessage: new client name [inet-agent-tile]
11-19 15:42:10.102   923   955 V QCALOG  : [MessageQ] Request from client inet-agent-tile for registration
11-19 15:42:10.102   923   955 V QCALOG  : [MessageQueueClientInfo] NOT_REGISTERED:985: read
11-19 15:42:10.102   923   955 V QCALOG  : [MessageQueueClientInfo] just read 68 bytes
11-19 15:42:10.102   923   955 V QCALOG  : [MessageQueueClientInfo] card length 68 + 4 bytes, current size 72 bytes
11-19 15:42:10.102   923   955 D QCALOG  : [MessageQ] ProcessNewMessage: [NOT_REGISTERED:985] server command
11-19 15:42:10.102   923   955 D QCALOG  : [MessageQ] ProcessNewMessage: [NOT_REGISTERED:985] register to server
11-19 15:42:10.102   923   955 D QCALOG  : [MessageQ] ProcessNewMessage: new client name [inet-agent-pos]
11-19 15:42:10.102   923   955 V QCALOG  : [MessageQ] Request from client inet-agent-pos for registration
11-19 15:42:10.102   923   955 V QCALOG  : [MessageQ] wait result 4
11-19 15:42:10.102   923   955 V QCALOG  : [MessageQueueClientInfo] inet-agent-tdp-dl: write
11-19 15:42:10.103   923   955 D QCALOG  : [MessageQueueClientInfo] write to [inet-agent-tdp-dl], 134 bytes finished, 0 bytes left
11-19 15:42:10.103   923   955 V QCALOG  : [MessageQueueClientInfo] inet-agent-cs: write
11-19 15:42:10.103   923   955 D QCALOG  : [MessageQueueClientInfo] write to [inet-agent-cs], 135 bytes finished, 0 bytes left
11-19 15:42:10.103   923   955 V QCALOG  : [MessageQueueClientInfo] inet-agent-tile: write
11-19 15:42:10.103   923   955 D QCALOG  : [MessageQueueClientInfo] write to [inet-agent-tile], 135 bytes finished, 0 bytes left
11-19 15:42:10.103   923   955 V QCALOG  : [MessageQueueClientInfo] inet-agent-pos: write
11-19 15:42:10.103   923   955 D QCALOG  : [MessageQueueClientInfo] write to [inet-agent-pos], 135 bytes finished, 0 bytes left
11-19 15:42:10.103   923   955 V QCALOG  : [MessageQ] wait result 4
11-19 15:42:10.103   923   955 V QCALOG  : [MessageQueueClientInfo] inet-agent-tdp-dl: write
11-19 15:42:10.103   923   955 D QCALOG  : [MessageQueueClientInfo] write to [inet-agent-tdp-dl], 130 bytes finished, 0 bytes left
11-19 15:42:10.103   923   955 V QCALOG  : [MessageQueueClientInfo] inet-agent-cs: write
11-19 15:42:10.103   923   955 D QCALOG  : [MessageQueueClientInfo] write to [inet-agent-cs], 126 bytes finished, 0 bytes left
11-19 15:42:10.103   923   955 V QCALOG  : [MessageQueueClientInfo] inet-agent-tile: write
11-19 15:42:10.103   923   955 D QCALOG  : [MessageQueueClientInfo] write to [inet-agent-tile], 131 bytes finished, 0 bytes left
11-19 15:42:10.103   923   955 V QCALOG  : [MessageQueueClientInfo] inet-agent-pos: write
11-19 15:42:10.103   923   955 D QCALOG  : [MessageQueueClientInfo] write to [inet-agent-pos], 131 bytes finished, 0 bytes left
11-19 15:42:10.103   923   955 V QCALOG  : [MessageQ] wait result 4
11-19 15:42:10.103   923   955 V QCALOG  : [MessageQueueClientInfo] inet-agent-tdp-dl: write
11-19 15:42:10.103   923   955 D QCALOG  : [MessageQueueClientInfo] write to [inet-agent-tdp-dl], 132 bytes finished, 0 bytes left
11-19 15:42:10.103   923   955 V QCALOG  : [MessageQueueClientInfo] inet-agent-cs: write
11-19 15:42:10.103   923   955 D QCALOG  : [MessageQueueClientInfo] write to [inet-agent-cs], 128 bytes finished, 0 bytes left
11-19 15:42:10.103   923   955 V QCALOG  : [MessageQueueClientInfo] inet-agent-tile: write
11-19 15:42:10.103   923   955 D QCALOG  : [MessageQueueClientInfo] write to [inet-agent-tile], 130 bytes finished, 0 bytes left
11-19 15:42:10.103   923   955 V QCALOG  : [MessageQueueClientInfo] inet-agent-pos: write
11-19 15:42:10.104   923   955 D QCALOG  : [MessageQueueClientInfo] write to [inet-agent-pos], 133 bytes finished, 0 bytes left
11-19 15:42:10.104   923   955 V QCALOG  : [MessageQ] wait result 4
11-19 15:42:10.104   923   955 V QCALOG  : [MessageQueueClientInfo] inet-agent-tdp-dl: write
11-19 15:42:10.104   923   955 D QCALOG  : [MessageQueueClientInfo] write to [inet-agent-tdp-dl], 131 bytes finished, 0 bytes left
11-19 15:42:10.104   923   955 V QCALOG  : [MessageQueueClientInfo] inet-agent-cs: write
11-19 15:42:10.104   923   955 D QCALOG  : [MessageQueueClientInfo] write to [inet-agent-cs], 127 bytes finished, 0 bytes left
11-19 15:42:10.104   923   955 V QCALOG  : [MessageQueueClientInfo] inet-agent-tile: write
11-19 15:42:10.104   923   955 D QCALOG  : [MessageQueueClientInfo] write to [inet-agent-tile], 129 bytes finished, 0 bytes left
11-19 15:42:10.104   923   955 V QCALOG  : [MessageQueueClientInfo] inet-agent-pos: write
11-19 15:42:10.104   923   955 D QCALOG  : [MessageQueueClientInfo] write to [inet-agent-pos], 128 bytes finished, 0 bytes left
11-19 15:42:10.105   868   868 I Dpps    : Open():164 DRM has been opened with 0 already, cannot open again with 0
11-19 15:42:10.106   868   868 I Dpps    : Init():147 parsing XML file for FOSS, location /vendor/etc/FOSSConfig.xml
11-19 15:42:10.107   803   803 I /system/bin/surfaceflinger: android::hardware::configstore::V1_0::ISurfaceFlingerConfigs::hasWideColorDisplay retrieved: 0
11-19 15:42:10.108   628   628 I Zygote  : ...preloaded 390 resources in 1079ms.
11-19 15:42:10.114   628   628 W Resources: Preloaded color resource #0x1060061 (android:color/btn_default_material_dark) that varies with configuration!!
11-19 15:42:10.116   628   628 I Zygote  : ...preloaded 41 resources in 7ms.
11-19 15:42:10.117   628   628 D Zygote64Timing: PreloadResources took to complete: 1674ms
11-19 15:42:10.149   868   868 I Dpps    : PrintParsedParameters():1555 *******************************************************************
11-19 15:42:10.149   868   868 I Dpps    : PrintParsedParameters():1556 Printing out the parsed parameters for FOSS
11-19 15:42:10.149   868   868 I Dpps    : PrintParsedParameters():1557 *******************************************************************
11-19 15:42:10.149   868   868 I Dpps    : PrintParsedParameters():1558 MaxBrightnessLevel_____________= 1023
11-19 15:42:10.149   868   868 I Dpps    : PrintParsedParameters():1559 LowBrightnessCutoff____________= 20
11-19 15:42:10.149   868   868 I Dpps    : PrintParsedParameters():1560 LuxEndPoint____________________= 0
11-19 15:42:10.149   868   868 I Dpps    : PrintParsedParameters():1561 ContrastStrength_______________= 0
11-19 15:42:10.149   868   868 I Dpps    : PrintParsedParameters():1562 LutUpdateDelayCount____________= 5
11-19 15:42:10.149   868   868 I Dpps    : PrintParsedParameters():1563 StaticSceneThreshold___________= 10
11-19 15:42:10.149   868   868 I Dpps    : PrintParsedParameters():1564 EnableGradientDetection________= 0
11-19 15:42:10.079  1053  1053 I aging_mem_test: type=1400 audit(0.0:170): avc: denied { execute } for name="sh" dev="dm-0" ino=317 scontext=u:r:shell:s0 tcontext=u:object_r:vendor_shell_exec:s0 tclass=file permissive=1
11-19 15:42:10.079  1053  1053 I aging_mem_test: type=1400 audit(0.0:171): avc: denied { read open } for path="/vendor/bin/sh" dev="dm-0" ino=317 scontext=u:r:shell:s0 tcontext=u:object_r:vendor_shell_exec:s0 tclass=file permissive=1
11-19 15:42:10.079  1053  1053 I aging_mem_test: type=1400 audit(0.0:172): avc: denied { execute_no_trans } for path="/vendor/bin/sh" dev="dm-0" ino=317 scontext=u:r:shell:s0 tcontext=u:object_r:vendor_shell_exec:s0 tclass=file permissive=1
