11-19 15:42:14.379   735   735 I android.hardware.camera.provider@2.4-service: Registration complete for android.hardware.camera.provider@2.4::ICameraProvider/legacy/0.
11-19 15:42:14.380   889   889 E /system/bin/cameraserver: Could not unregister service notification for android.hardware.camera.provider@2.4::ICameraProvider/legacy/0.
11-19 15:42:14.382   889   889 I CameraProviderManager: Connecting to new camera provider: legacy/0, isRemote? 1
11-19 15:42:14.383   889   889 I CameraProviderManager: Enumerating new camera device: device@3.3/legacy/0
11-19 15:42:14.386   889   889 I CameraProviderManager: Enumerating new camera device: device@3.3/legacy/1
11-19 15:42:14.392   889   889 I CameraProviderManager: Enumerating new camera device: device@3.3/legacy/2
11-19 15:42:14.395   889   889 I CameraProviderManager: Enumerating new camera device: device@3.3/legacy/3
11-19 15:42:14.397   795   795 I tftp_server: pid=795 tid=795 tftp-server : INF :[tftp_server.c, 524] rcvd request [1] [72] [2] [0] [28]
11-19 15:42:14.397   878   965 I ThermalEngine: MODEM thermal mitigation available.
11-19 15:42:14.398   795  1369 I tftp_server: pid=795 tid=1369 tftp-server : INF :[tftp_server_utils.c, 113] file [readwrite/server_check.txt] : [/vendor/rfs/msm/mpss/readwrite/server_check.txt]
11-19 15:42:14.398   889   889 I CameraProviderManager: Camera provider legacy/0 ready with 4 camera devices
11-19 15:42:14.398   889  1179 W CameraProviderManager: addProviderLocked: Camera provider HAL with name 'legacy/0' already registered
11-19 15:42:14.399   795  1369 I tftp_server: pid=795 tid=1369 tftp-server : INF :[tftp_server.c, 1044] OACK options : [7680, 200, 10, 0, 0, 0, 0, 0]
11-19 15:42:14.399   795  1369 I tftp_server: pid=795 tid=1369 tftp-server : INF :[tftp_os_la.c, 185] unlink failed: [2] [/vendor/rfs/msm/mpss/readwrite/server_check.txt.rfs_tmp] [No such file or directo
11-19 15:42:14.399   795  1369 I tftp_server: pid=795 tid=1369 tftp-server : INF :[tftp_server.c, 722] Using temp file[/vendor/rfs/msm/mpss/readwrite/server_check.txt.rfs_tmp] for atomic put
11-19 15:42:14.399   795  1369 I tftp_server: pid=795 tid=1369 tftp-server : INF :[tftp_os_la.c, 59] open : [-1] [-1] [384] [577] [/vendor/rfs/msm/mpss/readwrite/server_check.txt.rfs_tmp]
11-19 15:42:14.401   878   990 E ThermalEngine: read error 0. buf:[add@/devices/virtual/thermal/cooling_device15 ACTION=add DEVPATH=/devices/virtual/thermal/cooling_device15 SUBSYSTEM=thermal SEQNUM=5240 ]
11-19 15:42:14.403   889   889 I CameraService: onDeviceStatusChanged: Status changed for cameraId=0, newStatus=1
11-19 15:42:14.403   889   889 E CameraService: onDeviceStatusChanged: State transition to the same status 0x1 not allowed
11-19 15:42:14.403   889   889 I CameraService: onDeviceStatusChanged: Status changed for cameraId=1, newStatus=1
11-19 15:42:14.403   889   889 E CameraService: onDeviceStatusChanged: State transition to the same status 0x1 not allowed
11-19 15:42:14.403   889   889 I CameraService: onDeviceStatusChanged: Status changed for cameraId=2, newStatus=1
11-19 15:42:14.403   889   889 E CameraService: onDeviceStatusChanged: State transition to the same status 0x1 not allowed
11-19 15:42:14.403   889   889 I CameraService: onDeviceStatusChanged: Status changed for cameraId=3, newStatus=1
11-19 15:42:14.403   889   889 E CameraService: onDeviceStatusChanged: State transition to the same status 0x1 not allowed
11-19 15:42:14.403   889  1179 I CameraService: enumerateProviders 205
11-19 15:42:14.404   878   990 E ThermalEngine: read error 0. buf:[add@/devices/virtual/thermal/cooling_device16 ACTION=add DEVPATH=/devices/virtual/thermal/cooling_device16 SUBSYSTEM=thermal SEQNUM=5242 ]
11-19 15:42:14.405   878   990 E ThermalEngine: read error 0. buf:[add@/devices/virtual/thermal/cooling_device17 ACTION=add DEVPATH=/devices/virtual/thermal/cooling_device17 SUBSYSTEM=thermal SEQNUM=5243 ]
11-19 15:42:14.406   889  1179 I CameraService: onDeviceStatusChanged: Status changed for cameraId=0, newStatus=1
11-19 15:42:14.406   889  1179 E CameraService: onDeviceStatusChanged: State transition to the same status 0x1 not allowed
11-19 15:42:14.406   889  1179 I CameraService: onDeviceStatusChanged: Status changed for cameraId=1, newStatus=1
11-19 15:42:14.406   889  1179 E CameraService: onDeviceStatusChanged: State transition to the same status 0x1 not allowed
11-19 15:42:14.406   889  1179 I CameraService: onDeviceStatusChanged: Status changed for cameraId=2, newStatus=1
11-19 15:42:14.406   889  1179 E CameraService: onDeviceStatusChanged: State transition to the same status 0x1 not allowed
11-19 15:42:14.406   889  1179 I CameraService: onDeviceStatusChanged: Status changed for cameraId=3, newStatus=1
11-19 15:42:14.406   889  1179 E CameraService: onDeviceStatusChanged: State transition to the same status 0x1 not allowed
11-19 15:42:14.407   878   990 E ThermalEngine: read error 0. buf:[add@/devices/virtual/thermal/cooling_device18 ACTION=add DEVPATH=/devices/virtual/thermal/cooling_device18 SUBSYSTEM=thermal SEQNUM=5244 ]
11-19 15:42:14.421   795  1369 I tftp_server: pid=795 tid=1369 tftp-server : INF :[tftp_server.c, 1315] WRQ stats : total-blocks = 1 : total-bytes = 5 : 5 timedout-pkts = 0, wrong-pkts = 0
11-19 15:42:14.422   795  1369 I tftp_server: pid=795 tid=1369 tftp-server : INF :[tftp_server.c, 1319] WRQ time stats : Total : [TX, RX] = [887, 2972, 0]
11-19 15:42:14.422   795  1369 I tftp_server: pid=795 tid=1369 tftp-server : INF :[tftp_server.c, 1323] WRQ time stats : Tx [Min, Max] = [180, 707]
11-19 15:42:14.422   795  1369 I tftp_server: pid=795 tid=1369 tftp-server : INF :[tftp_server.c, 1327] WRQ time stats : Rx [Min, Max] = [2972, 2972]
11-19 15:42:14.423   795   795 I tftp_server: pid=795 tid=795 tftp-server : INF :[tftp_server.c, 524] rcvd request [1] [116] [1] [0] [38]
11-19 15:42:14.424   795  1371 I tftp_server: pid=795 tid=1371 tftp-server : INF :[tftp_server_utils.c, 113] file [readonly/firmware/image/modem_pr/mcfg/configs/mcfg_sw/cust.inf] : [/vendor/rfs/msm/mpss/
11-19 15:42:14.445   795  1371 I tftp_server: pid=795 tid=1371 tftp-server : INF :[tftp_server.c, 1044] OACK options : [7680, 200, 6, 10, 0, 0, 0, 0]
11-19 15:42:14.445   795  1371 I tftp_server: pid=795 tid=1371 tftp-server : INF :[tftp_os_la.c, 59] open : [-1] [-1] [384] [0] [/vendor/rfs/msm/mpss/readonly/firmware/image/modem_pr/mcfg/configs/mcfg_sw
11-19 15:42:14.446   795  1371 I tftp_server: pid=795 tid=1371 tftp-server : INF :[tftp_protocol.c, 703] Recd END OF TRANSFER pkt. Code = 9, Msg = End of Transfer
11-19 15:42:14.447   795  1371 I tftp_server: pid=795 tid=1371 tftp-server : INF :[tftp_server.c, 1152] RRQ stats : sent_size = 0 total-blocks = 0 total-bytes = 0 timedout-pkts = 0, wrong-pkts = 0
11-19 15:42:14.447   795  1371 I tftp_server: pid=795 tid=1371 tftp-server : INF :[tftp_server.c, 1156] RRQ time stats : Total : [TX, RX] = [177, 589]
11-19 15:42:14.447   795  1371 I tftp_server: pid=795 tid=1371 tftp-server : INF :[tftp_server.c, 1162] RRQ time stats : Tx/Rx [Min, Max] = [177, 177, 589, 589]
11-19 15:42:14.447   795  1371 I tftp_server: pid=795 tid=1371 tftp-server : INF :[tftp_server.c, 1178] RRQ was successfully processed.
11-19 15:42:14.448   795   795 I tftp_server: pid=795 tid=795 tftp-server : INF :[tftp_server.c, 524] rcvd request [1] [116] [1] [0] [39]
11-19 15:42:14.450   795  1372 I tftp_server: pid=795 tid=1372 tftp-server : INF :[tftp_server_utils.c, 113] file [readonly/firmware/image/modem_pr/mcfg/configs/mcfg_sw/cust.inf] : [/vendor/rfs/msm/mpss/
11-19 15:42:14.450   795  1372 I tftp_server: pid=795 tid=1372 tftp-server : INF :[tftp_server.c, 1044] OACK options : [7680, 200, 6, 10, 0, 0, 0, 0]
11-19 15:42:14.450   795  1372 I tftp_server: pid=795 tid=1372 tftp-server : INF :[tftp_os_la.c, 59] open : [-1] [-1] [384] [0] [/vendor/rfs/msm/mpss/readonly/firmware/image/modem_pr/mcfg/configs/mcfg_sw
11-19 15:42:14.451   795  1372 I tftp_server: pid=795 tid=1372 tftp-server : INF :[tftp_protocol.c, 703] Recd END OF TRANSFER pkt. Code = 9, Msg = End of Transfer
11-19 15:42:14.451   795  1372 I tftp_server: pid=795 tid=1372 tftp-server : INF :[tftp_server.c, 1152] RRQ stats : sent_size = 0 total-blocks = 0 total-bytes = 0 timedout-pkts = 0, wrong-pkts = 0
11-19 15:42:14.451   795  1372 I tftp_server: pid=795 tid=1372 tftp-server : INF :[tftp_server.c, 1156] RRQ time stats : Total : [TX, RX] = [319, 542]
11-19 15:42:14.451   795  1372 I tftp_server: pid=795 tid=1372 tftp-server : INF :[tftp_server.c, 1162] RRQ time stats : Tx/Rx [Min, Max] = [319, 319, 542, 542]
11-19 15:42:14.452   795  1372 I tftp_server: pid=795 tid=1372 tftp-server : INF :[tftp_server.c, 1178] RRQ was successfully processed.
11-19 15:42:14.453   795   795 I tftp_server: pid=795 tid=795 tftp-server : INF :[tftp_server.c, 524] rcvd request [1] [123] [1] [0] [40]
11-19 15:42:14.454   795  1373 I tftp_server: pid=795 tid=1373 tftp-server : INF :[tftp_server_utils.c, 113] file [readonly/firmware/image/modem_pr/mcfg/configs/mcfg_sw/cust.inf] : [/vendor/rfs/msm/mpss/
11-19 15:42:14.455   795  1373 I tftp_server: pid=795 tid=1373 tftp-server : INF :[tftp_server.c, 1044] OACK options : [7680, 200, 0, 10, 6, 0, 0, 0]
11-19 15:42:14.455   795  1373 I tftp_server: pid=795 tid=1373 tftp-server : INF :[tftp_os_la.c, 59] open : [-1] [-1] [384] [0] [/vendor/rfs/msm/mpss/readonly/firmware/image/modem_pr/mcfg/configs/mcfg_sw
11-19 15:42:14.463   795  1373 I tftp_server: pid=795 tid=1373 tftp-server : INF :[tftp_server.c, 1152] RRQ stats : sent_size = 6 total-blocks = 1 total-bytes = 6 timedout-pkts = 0, wrong-pkts = 0
11-19 15:42:14.464   795  1373 I tftp_server: pid=795 tid=1373 tftp-server : INF :[tftp_server.c, 1156] RRQ time stats : Total : [TX, RX] = [541, 1900]
11-19 15:42:14.464   795  1373 I tftp_server: pid=795 tid=1373 tftp-server : INF :[tftp_server.c, 1162] RRQ time stats : Tx/Rx [Min, Max] = [149, 392, 803, 1097]
11-19 15:42:14.464   795  1373 I tftp_server: pid=795 tid=1373 tftp-server : INF :[tftp_server.c, 1178] RRQ was successfully processed.
11-19 15:42:14.507   914   914 D PerMgrLib: QCRIL voting for modem
11-19 15:42:14.507   799   821 D PerMgrSrv: QCRIL voting for modem
11-19 15:42:14.507   799   821 D PerMgrSrv: modem num voters is 3
11-19 15:42:14.532   914   914 E QMI_FW  : QMUXD: WARNING qmi_qmux_if_pwr_up_init failed! rc=-6
11-19 15:42:14.543   795   795 I tftp_server: pid=795 tid=795 tftp-server : INF :[tftp_server.c, 524] rcvd request [1] [84] [1] [0] [45]
11-19 15:42:14.544   795  1392 I tftp_server: pid=795 tid=1392 tftp-server : INF :[tftp_server_utils.c, 113] file [readwrite/ota_firewall/ruleset] : [/vendor/rfs/msm/mpss/readwrite/ota_firewall/ruleset]
11-19 15:42:14.544   795  1392 I tftp_server: pid=795 tid=1392 tftp-server : INF :[tftp_server.c, 1044] OACK options : [7680, 200, 10, 4, 0, 0, 0, 0]
11-19 15:42:14.544   795  1392 I tftp_server: pid=795 tid=1392 tftp-server : INF :[tftp_os_la.c, 59] open : [-1] [-1] [384] [0] [/vendor/rfs/msm/mpss/readwrite/ota_firewall/ruleset]
11-19 15:42:14.544   795  1392 E tftp_server: pid=795 tid=1392 tftp-server : ERR :[tftp_os_la.c, 66] open failed: [2] [No such file or directory]
11-19 15:42:14.544   795  1392 E tftp_server: pid=795 tid=1392 tftp-server : ERR :[tftp_server.c, 1519] open failed : [-2] [Unknown error -2]
11-19 15:42:14.544   795  1392 E tftp_server: pid=795 tid=1392 tftp-server : ERR :[tftp_protocol.c, 1146] sending error-pkt. Code = 1, Msg = Err=2 String=No such file or directory
11-19 15:42:14.549   795   795 I tftp_server: pid=795 tid=795 tftp-server : INF :[tftp_server.c, 524] rcvd request [1] [84] [1] [0] [47]
11-19 15:42:14.550   795  1395 I tftp_server: pid=795 tid=1395 tftp-server : INF :[tftp_server_utils.c, 113] file [readwrite/ota_firewall/ruleset] : [/vendor/rfs/msm/mpss/readwrite/ota_firewall/ruleset]
11-19 15:42:14.550   795  1395 I tftp_server: pid=795 tid=1395 tftp-server : INF :[tftp_server.c, 1044] OACK options : [7680, 200, 0, 10, 0, 0, 0, 0]
11-19 15:42:14.550   795  1395 I tftp_server: pid=795 tid=1395 tftp-server : INF :[tftp_os_la.c, 59] open : [-1] [-1] [384] [0] [/vendor/rfs/msm/mpss/readwrite/ota_firewall/ruleset]
11-19 15:42:14.550   795  1395 E tftp_server: pid=795 tid=1395 tftp-server : ERR :[tftp_os_la.c, 66] open failed: [2] [No such file or directory]
11-19 15:42:14.550   795  1395 E tftp_server: pid=795 tid=1395 tftp-server : ERR :[tftp_server.c, 1519] open failed : [-2] [Unknown error -2]
11-19 15:42:14.551   795  1395 E tftp_server: pid=795 tid=1395 tftp-server : ERR :[tftp_protocol.c, 1146] sending error-pkt. Code = 1, Msg = Err=2 String=No such file or directory
11-19 15:42:14.702   747   788 I sensors-hal: wait_for_mandatory_sensors:254, some mandatory sensors not available yet, will wait for 12 seconds...
11-19 15:42:14.713   798   820 E pd-mapper-svc: Recieved request to get domain list
11-19 15:42:14.713  1011  1011 I slim_daemon: [QMISLIM] QSQmiSvcTaskSvcCb_Open: Forwarding open request: flags=2 client_id=2 peer=1
11-19 15:42:14.713   798   820 I pd-mapper-svc: Provider:[avs]
11-19 15:42:14.713   798   820 I pd-mapper-svc: Domain:[adsp]
11-19 15:42:14.713   798   820 I pd-mapper-svc: SubDom:[audio_pd]
11-19 15:42:14.713   798   820 I pd-mapper-svc: Adding :msm/adsp/audio_pd: to response
11-19 15:42:14.713  1011  1011 I slim_daemon: [QMISLIM] slim_QSQmiSvcTask_HandleIpc: IPC_SLIM_QS_TO_TASK_SLIM_CALLBACK_MSG
11-19 15:42:14.750   798   820 E pd-mapper-svc: Recieved request to get domain list
11-19 15:42:14.750   798   820 I pd-mapper-svc: Provider:[kernel]
11-19 15:42:14.750   798   820 I pd-mapper-svc: Domain:[modem]
11-19 15:42:14.750   798   820 I pd-mapper-svc: SubDom:[wlan_pd]
11-19 15:42:14.750   798   820 I pd-mapper-svc: Adding :msm/modem/wlan_pd: to response
11-19 15:42:14.760   795   795 I tftp_server: pid=795 tid=795 tftp-server : INF :[tftp_server.c, 524] rcvd request [1] [90] [1] [0] [78]
11-19 15:42:14.766   795  1413 I tftp_server: pid=795 tid=1413 tftp-server : INF :[tftp_server_utils.c, 113] file [readonly/firmware/image/wlanmdsp.mbn] : [/vendor/rfs/msm/mpss/readonly/firmware/image/wl
11-19 15:42:14.768   795  1413 I tftp_server: pid=795 tid=1413 tftp-server : INF :[tftp_server.c, 1044] OACK options : [7680, 200, 3649624, 10, 0, 0, 0, 0]
11-19 15:42:14.768   795  1413 I tftp_server: pid=795 tid=1413 tftp-server : INF :[tftp_os_la.c, 59] open : [-1] [-1] [384] [0] [/vendor/rfs/msm/mpss/readonly/firmware/image/wlanmdsp.mbn]
11-19 15:42:14.770   919  1339 E cnss-daemon: Send DMS get mac address failed: rc 0, result 1, error 16
11-19 15:42:14.770   919  1339 E cnss-daemon: Failed to get WLAN MAC address
11-19 15:42:14.771   795  1413 I tftp_server: pid=795 tid=1413 tftp-server : INF :[tftp_protocol.c, 703] Recd END OF TRANSFER pkt. Code = 9, Msg = End of Transfer
11-19 15:42:14.771   795  1413 I tftp_server: pid=795 tid=1413 tftp-server : INF :[tftp_server.c, 1152] RRQ stats : sent_size = 0 total-blocks = 0 total-bytes = 0 timedout-pkts = 0, wrong-pkts = 0
11-19 15:42:14.771   795  1413 I tftp_server: pid=795 tid=1413 tftp-server : INF :[tftp_server.c, 1156] RRQ time stats : Total : [TX, RX] = [351, 2360]
11-19 15:42:14.771   795  1413 I tftp_server: pid=795 tid=1413 tftp-server : INF :[tftp_server.c, 1162] RRQ time stats : Tx/Rx [Min, Max] = [351, 351, 2360, 2360]
11-19 15:42:14.771   795  1413 I tftp_server: pid=795 tid=1413 tftp-server : INF :[tftp_server.c, 1178] RRQ was successfully processed.
11-19 15:42:14.774   795   795 I tftp_server: pid=795 tid=795 tftp-server : INF :[tftp_server.c, 524] rcvd request [1] [90] [1] [0] [79]
11-19 15:42:14.776   795  1417 I tftp_server: pid=795 tid=1417 tftp-server : INF :[tftp_server_utils.c, 113] file [readonly/firmware/image/wlanmdsp.mbn] : [/vendor/rfs/msm/mpss/readonly/firmware/image/wl
11-19 15:42:14.776   795  1417 I tftp_server: pid=795 tid=1417 tftp-server : INF :[tftp_server.c, 1044] OACK options : [7680, 200, 3649624, 10, 0, 0, 0, 0]
11-19 15:42:14.777   795  1417 I tftp_server: pid=795 tid=1417 tftp-server : INF :[tftp_os_la.c, 59] open : [-1] [-1] [384] [0] [/vendor/rfs/msm/mpss/readonly/firmware/image/wlanmdsp.mbn]
11-19 15:42:14.778   795  1417 I tftp_server: pid=795 tid=1417 tftp-server : INF :[tftp_protocol.c, 703] Recd END OF TRANSFER pkt. Code = 9, Msg = End of Transfer
11-19 15:42:14.779   795  1417 I tftp_server: pid=795 tid=1417 tftp-server : INF :[tftp_server.c, 1152] RRQ stats : sent_size = 0 total-blocks = 0 total-bytes = 0 timedout-pkts = 0, wrong-pkts = 0
11-19 15:42:14.779   795  1417 I tftp_server: pid=795 tid=1417 tftp-server : INF :[tftp_server.c, 1156] RRQ time stats : Total : [TX, RX] = [174, 1631]
11-19 15:42:14.779   988  1084 I LocSvc_api_v02: ---> locClientSendReq line 2144 QMI_LOC_REG_EVENTS_REQ_V02
11-19 15:42:14.779   795  1417 I tftp_server: pid=795 tid=1417 tftp-server : INF :[tftp_server.c, 1162] RRQ time stats : Tx/Rx [Min, Max] = [174, 174, 1631, 1631]
11-19 15:42:14.779   795  1417 I tftp_server: pid=795 tid=1417 tftp-server : INF :[tftp_server.c, 1178] RRQ was successfully processed.
11-19 15:42:14.780  1011  1133 I LocSvc_api_v02: ---> locClientSendReq line 2144 QMI_LOC_REG_EVENTS_REQ_V02
11-19 15:42:14.780   795   795 I tftp_server: pid=795 tid=795 tftp-server : INF :[tftp_server.c, 524] rcvd request [1] [96] [1] [0] [82]
11-19 15:42:14.781  1012  1091 I LocSvc_api_v02: ---> locClientSendReq line 2144 QMI_LOC_REG_EVENTS_REQ_V02
11-19 15:42:14.782   795  1422 I tftp_server: pid=795 tid=1422 tftp-server : INF :[tftp_server_utils.c, 113] file [readonly/firmware/image/wlanmdsp.mbn] : [/vendor/rfs/msm/mpss/readonly/firmware/image/wl
11-19 15:42:14.782   795  1422 I tftp_server: pid=795 tid=1422 tftp-server : INF :[tftp_server.c, 1044] OACK options : [7680, 200, 10, 3649624, 0, 0, 0, 0]
11-19 15:42:14.782   795  1422 I tftp_server: pid=795 tid=1422 tftp-server : INF :[tftp_os_la.c, 59] open : [-1] [-1] [384] [0] [/vendor/rfs/msm/mpss/readonly/firmware/image/wlanmdsp.mbn]
11-19 15:42:14.784   988  1084 I LocSvc_api_v02: ---> locClientSupportMsgCheck line 2263 QMI_LOC_GET_SUPPORTED_MSGS_REQ_V02
11-19 15:42:14.784   930   930 I TLOC    : [ModemComm  ]"Open a connection successfully"
11-19 15:42:14.784   930   930 I TLOC    : [ModemComm  ]"ModemComm create successfully"
11-19 15:42:14.784   930   930 I TLOC    : [TLOCDaemon ]"TLOC Daemon create successfully"
11-19 15:42:14.784   930   930 D TLOC    : [TLOCChannel] "TLOCChannel is already initialized"
11-19 15:42:14.784  1011  1133 I LocSvc_api_v02: ---> locClientSupportMsgCheck line 2263 QMI_LOC_GET_SUPPORTED_MSGS_REQ_V02
11-19 15:42:14.785   930   930 D TLOC    : [TLOCDaemon ]"waiting for command"
11-19 15:42:14.785   930   930 D TLOC    : [TLOCChannel] "Going to receive message for TLOCD"
11-19 15:42:14.785  1012  1091 I LocSvc_api_v02: ---> locClientSupportMsgCheck line 2263 QMI_LOC_GET_SUPPORTED_MSGS_REQ_V02
11-19 15:42:14.785   930   930 D TLOC    : [TLOCChannel] "wait for message for user TLOCD"
11-19 15:42:14.786  1012  1091 I LocSvc_api_v02: ---> locClientSendReq line 2144 QMI_LOC_QUERY_AON_CONFIG_REQ_V02
11-19 15:42:14.786   988  1084 I LocSvc_api_v02: ---> locClientSendReq line 2144 QMI_LOC_QUERY_AON_CONFIG_REQ_V02
11-19 15:42:14.787  1011  1133 I LocSvc_api_v02: ---> locClientSendReq line 2144 QMI_LOC_QUERY_AON_CONFIG_REQ_V02
11-19 15:42:14.787   988  1420 I LocSvc_ApiV02: <--- globalRespCb line 141 QMI_LOC_QUERY_AON_CONFIG_REQ_V02
11-19 15:42:14.787  1012  1423 I LocSvc_ApiV02: <--- globalRespCb line 141 QMI_LOC_QUERY_AON_CONFIG_REQ_V02
11-19 15:42:14.787  1012  1091 I LocSvc_api_v02: ---> locClientSendReq line 2144 QMI_LOC_GET_SUPPORTED_FEATURE_REQ_V02
11-19 15:42:14.788   988  1084 I LocSvc_api_v02: ---> locClientSendReq line 2144 QMI_LOC_GET_SUPPORTED_FEATURE_REQ_V02
11-19 15:42:14.788  1011  1421 I LocSvc_ApiV02: <--- globalRespCb line 141 QMI_LOC_QUERY_AON_CONFIG_REQ_V02
11-19 15:42:14.789  1011  1133 I LocSvc_api_v02: ---> locClientSendReq line 2144 QMI_LOC_GET_SUPPORTED_FEATURE_REQ_V02
11-19 15:42:14.789  1012  1423 I LocSvc_ApiV02: <--- globalRespCb line 141 QMI_LOC_GET_SUPPORTED_FEATURE_REQ_V02
11-19 15:42:14.790  1012  1091 I LocSvc_api_v02: ---> locClientSendReq line 2144 QMI_LOC_SET_GNSS_CONSTELL_REPORT_CONFIG_V02
11-19 15:42:14.791  1012  1423 I LocSvc_ApiV02: <--- globalRespCb line 141 QMI_LOC_SET_GNSS_CONSTELL_REPORT_CONFIG_V02
11-19 15:42:14.791  1011  1421 I LocSvc_ApiV02: <--- globalRespCb line 141 QMI_LOC_GET_SUPPORTED_FEATURE_REQ_V02
11-19 15:42:14.791  1011  1133 I LocSvc_api_v02: ---> locClientSendReq line 2144 QMI_LOC_SET_GNSS_CONSTELL_REPORT_CONFIG_V02
11-19 15:42:14.793   988  1420 I LocSvc_ApiV02: <--- globalRespCb line 141 QMI_LOC_GET_SUPPORTED_FEATURE_REQ_V02
11-19 15:42:14.793  1011  1421 I LocSvc_ApiV02: <--- globalRespCb line 141 QMI_LOC_SET_GNSS_CONSTELL_REPORT_CONFIG_V02
11-19 15:42:14.793   988  1084 I LocSvc_api_v02: ---> locClientSendReq line 2144 QMI_LOC_SET_GNSS_CONSTELL_REPORT_CONFIG_V02
11-19 15:42:14.794  1011  1133 I LocSvc_api_v02: ---> locClientSendReq line 2144 QMI_LOC_SET_PREMIUM_SERVICES_CONFIG_REQ_V02
11-19 15:42:14.794   988  1420 I LocSvc_ApiV02: <--- globalRespCb line 141 QMI_LOC_SET_GNSS_CONSTELL_REPORT_CONFIG_V02
11-19 15:42:14.796  1011  1421 I LocSvc_ApiV02: <--- globalRespCb line 141 QMI_LOC_SET_PREMIUM_SERVICES_CONFIG_REQ_V02
11-19 15:42:14.796  1011  1133 I LocSvc_api_v02: ---> locClientSendReq line 2144 QMI_LOC_SET_PREMIUM_SERVICES_CONFIG_REQ_V02
11-19 15:42:14.796  1012  1091 I LocSvc_api_v02: ---> locClientSendReq line 2144 QMI_LOC_SET_PREMIUM_SERVICES_CONFIG_REQ_V02
11-19 15:42:14.797  1011  1421 I LocSvc_ApiV02: <--- globalRespCb line 141 QMI_LOC_SET_PREMIUM_SERVICES_CONFIG_REQ_V02
11-19 15:42:14.797  1012  1423 I LocSvc_ApiV02: <--- globalRespCb line 141 QMI_LOC_SET_PREMIUM_SERVICES_CONFIG_REQ_V02
11-19 15:42:14.797  1012  1091 I LocSvc_api_v02: ---> locClientSendReq line 2144 QMI_LOC_SET_PREMIUM_SERVICES_CONFIG_REQ_V02
11-19 15:42:14.797  1011  1133 I LocSvc_api_v02: ---> locClientSendReq line 2144 QMI_LOC_SET_PREMIUM_SERVICES_CONFIG_REQ_V02
11-19 15:42:14.798   988  1084 I LocSvc_api_v02: ---> locClientSendReq line 2144 QMI_LOC_SET_PREMIUM_SERVICES_CONFIG_REQ_V02
11-19 15:42:14.800  1011  1421 I LocSvc_ApiV02: <--- globalRespCb line 141 QMI_LOC_SET_PREMIUM_SERVICES_CONFIG_REQ_V02
11-19 15:42:14.800  1012  1423 I LocSvc_ApiV02: <--- globalRespCb line 141 QMI_LOC_SET_PREMIUM_SERVICES_CONFIG_REQ_V02
11-19 15:42:14.800  1012  1091 I LocSvc_api_v02: ---> locClientSendReq line 2144 QMI_LOC_SET_PREMIUM_SERVICES_CONFIG_REQ_V02
11-19 15:42:14.800   988  1420 I LocSvc_ApiV02: <--- globalRespCb line 141 QMI_LOC_SET_PREMIUM_SERVICES_CONFIG_REQ_V02
11-19 15:42:14.801   988  1084 I LocSvc_api_v02: ---> locClientSendReq line 2144 QMI_LOC_SET_PREMIUM_SERVICES_CONFIG_REQ_V02
11-19 15:42:14.802  1012  1423 I LocSvc_ApiV02: <--- globalRespCb line 141 QMI_LOC_SET_PREMIUM_SERVICES_CONFIG_REQ_V02
11-19 15:42:14.804   988  1420 I LocSvc_ApiV02: <--- globalRespCb line 141 QMI_LOC_SET_PREMIUM_SERVICES_CONFIG_REQ_V02
11-19 15:42:14.804   988  1084 I LocSvc_api_v02: ---> locClientSendReq line 2144 QMI_LOC_SET_PREMIUM_SERVICES_CONFIG_REQ_V02
11-19 15:42:14.805   988  1420 I LocSvc_ApiV02: <--- globalRespCb line 141 QMI_LOC_SET_PREMIUM_SERVICES_CONFIG_REQ_V02
11-19 15:42:14.805   988  1084 I LocSvc_api_v02: ---> locClientSendReq line 2144 QMI_LOC_REG_EVENTS_REQ_V02
11-19 15:42:14.806   930  1428 D QSEECOMAPI: QSEECom_register_listener 20480 sb_length = 0x40c
11-19 15:42:14.807   988  1084 I LocSvc_api_v02: ---> locClientSendReq line 2144 QMI_LOC_INJECT_APDONOTCACHE_DATA_REQ_V02
11-19 15:42:14.807   930  1428 I TLOC    : [TZComm     ]"The listener was registered successfully"
11-19 15:42:14.808   930  1428 I TLOC    : [TZComm     ]"TZComm create successfully"
11-19 15:42:14.808   930  1428 D TLOC    : [TLOCChannel] "TLOCChannel is already initialized"
11-19 15:42:14.808   930  1428 D TLOC    : [Listener   ]"waiting for command from TZ..."
11-19 15:42:14.810   988  1420 I LocSvc_ApiV02: <--- globalRespCb line 141 QMI_LOC_INJECT_APDONOTCACHE_DATA_REQ_V02
11-19 15:42:14.821   923   955 V QCALOG  : [MessageQ] wait result 1
11-19 15:42:14.821   923   955 V QCALOG  : [MessageQueueClientInfo] GTP-FDAL: read
11-19 15:42:14.821   923   955 V QCALOG  : [MessageQueueClientInfo] just read 4 bytes
11-19 15:42:14.821   923   955 V QCALOG  : [MessageQ] wait result 1
11-19 15:42:14.821   923   955 V QCALOG  : [MessageQueueClientInfo] GTP-FDAL: read
11-19 15:42:14.821   923   955 V QCALOG  : [MessageQueueClientInfo] just read 97 bytes
11-19 15:42:14.821   923   955 V QCALOG  : [MessageQueueClientInfo] card length 97 + 4 bytes, current size 101 bytes
11-19 15:42:14.821   923   955 V QCALOG  : [MessageQ] lookupAndDeliver delivering message to client GTP-FDAL 
11-19 15:42:14.821   923   955 V QCALOG  : [MessageQ] wait result 1
11-19 15:42:14.821   923   955 V QCALOG  : [MessageQueueClientInfo] GTP-FDAL: write
11-19 15:42:14.822   923   955 D QCALOG  : [MessageQueueClientInfo] write to [GTP-FDAL], 101 bytes finished, 0 bytes left
11-19 15:42:14.822   923   955 V QCALOG  : [MessageQ] wait result 1
11-19 15:42:14.822   923   955 V QCALOG  : [MessageQueueClientInfo] GTP-FDAL: read
11-19 15:42:14.822   923   955 V QCALOG  : [MessageQueueClientInfo] just read 4 bytes
11-19 15:42:14.822   923   955 V QCALOG  : [MessageQ] wait result 1
11-19 15:42:14.822   923   955 V QCALOG  : [MessageQueueClientInfo] GTP-FDAL: read
11-19 15:42:14.822   923   955 V QCALOG  : [MessageQueueClientInfo] just read 84 bytes
11-19 15:42:14.822   923   955 V QCALOG  : [MessageQueueClientInfo] card length 84 + 4 bytes, current size 88 bytes
11-19 15:42:14.823   923   955 V QCALOG  : [MessageQ] lookupAndDeliver delivering message to client GTP-FDAL 
11-19 15:42:14.823   923   955 V QCALOG  : [MessageQ] wait result 2
11-19 15:42:14.823   923   955 V QCALOG  : [MessageQueueClientInfo] GTP-FDAL: write
11-19 15:42:14.823   923   955 D QCALOG  : [MessageQueueClientInfo] write to [GTP-FDAL], 88 bytes finished, 0 bytes left
11-19 15:42:14.823   923   955 V QCALOG  : [MessageQueueClientInfo] GTP-FDAL: read
11-19 15:42:14.823   923   955 V QCALOG  : [MessageQueueClientInfo] just read 4 bytes
11-19 15:42:14.823   923   955 V QCALOG  : [MessageQ] wait result 1
11-19 15:42:14.823   923   955 V QCALOG  : [MessageQueueClientInfo] GTP-FDAL: read
11-19 15:42:14.823   923   955 V QCALOG  : [MessageQueueClientInfo] just read 81 bytes
11-19 15:42:14.823   923   955 V QCALOG  : [MessageQueueClientInfo] card length 81 + 4 bytes, current size 85 bytes
11-19 15:42:14.823   923   955 V QCALOG  : [MessageQ] lookupAndDeliver delivering message to client GTP-FDAL 
11-19 15:42:14.823   923   955 V QCALOG  : [MessageQ] wait result 1
11-19 15:42:14.823   923   955 V QCALOG  : [MessageQueueClientInfo] GTP-FDAL: write
11-19 15:42:14.823   923   955 D QCALOG  : [MessageQueueClientInfo] write to [GTP-FDAL], 85 bytes finished, 0 bytes left
11-19 15:42:14.824   798   820 E pd-mapper-svc: Recieved request to get domain list
11-19 15:42:14.824   798   820 I pd-mapper-svc: Provider:[avs]
11-19 15:42:14.824   798   820 I pd-mapper-svc: Domain:[adsp]
11-19 15:42:14.824   798   820 I pd-mapper-svc: SubDom:[audio_pd]
11-19 15:42:14.824   798   820 I pd-mapper-svc: Adding :msm/adsp/audio_pd: to response
11-19 15:42:14.945   853   898 E /vendor/bin/sensors.qti: vendor/qcom/proprietary/sensors-see/sensordaemon/src/sensordaemon.cpp:64:Setting SNS TX MODE to STREAMING!
11-19 15:42:14.946   853   898 E Diag_Lib: diag: In diag_configure_peripheral_buffering_tx_mode, unable to set peripheral buffering mode, ret: -1, error: 5
11-19 15:42:14.946   853   898 E /vendor/bin/sensors.qti: vendor/qcom/proprietary/sensors-see/sensordaemon/src/sensordaemon.cpp:74:Set SNS TX MODE failed and return val:-1
11-19 15:42:15.047   911  1096 E /system/bin/storaged: getService package_native failed
11-19 15:42:15.057  1011  1132 W slim_daemon: Waited one second for android.frameworks.sensorservice@1.0::ISensorManager/default. Waiting another...
11-19 15:42:15.060   911  1096 I /system/bin/storaged: storaged: Start
11-19 15:42:15.121  1173  1173 D PerMgrLib: QCRIL voting for modem
11-19 15:42:15.122   799   821 D PerMgrSrv: QCRIL voting for modem
11-19 15:42:15.122   799   821 D PerMgrSrv: modem num voters is 4
11-19 15:42:15.131   795  1422 I tftp_server: pid=795 tid=1422 tftp-server : INF :[tftp_server.c, 1152] RRQ stats : sent_size = 3649624 total-blocks = 476 total-bytes = 3649624 timedout-pkts = 0, wrong-p
11-19 15:42:15.131   795  1422 I tftp_server: pid=795 tid=1422 tftp-server : INF :[tftp_server.c, 1156] RRQ time stats : Total : [TX, RX] = [227062, 76501]
11-19 15:42:15.131   795  1422 I tftp_server: pid=795 tid=1422 tftp-server : INF :[tftp_server.c, 1162] RRQ time stats : Tx/Rx [Min, Max] = [92, 8967, 443, 7884]
11-19 15:42:15.131   795  1422 I tftp_server: pid=795 tid=1422 tftp-server : INF :[tftp_server.c, 1178] RRQ was successfully processed.
11-19 15:42:15.153  1173  1173 E QMI_FW  : QMUXD: WARNING qmi_qmux_if_pwr_up_init failed! rc=-6
11-19 15:42:15.218   919  1340 I cnss-daemon: WLFW service connected
11-19 15:42:15.218   919  1340 I cnss-daemon: wlfw_read_file: No such file /data/misc/wifi/wlfw_cal_00.bin
11-19 15:42:15.219   919  1340 E cnss-daemon: wlfw_build_cal_table: not read /data/misc/wifi/wlfw_cal_00.bin
11-19 15:42:15.219   919  1340 I cnss-daemon: wlfw_read_file: No such file /data/misc/wifi/wlfw_cal_01.bin
11-19 15:42:15.219   919  1340 E cnss-daemon: wlfw_build_cal_table: not read /data/misc/wifi/wlfw_cal_01.bin
11-19 15:42:15.219   919  1340 I cnss-daemon: wlfw_read_file: No such file /data/misc/wifi/wlfw_cal_02.bin
11-19 15:42:15.219   919  1340 E cnss-daemon: wlfw_build_cal_table: not read /data/misc/wifi/wlfw_cal_02.bin
11-19 15:42:15.219   919  1340 I cnss-daemon: wlfw_read_file: No such file /data/misc/wifi/wlfw_cal_03.bin
11-19 15:42:15.219   919  1340 E cnss-daemon: wlfw_build_cal_table: not read /data/misc/wifi/wlfw_cal_03.bin
11-19 15:42:15.219   919  1340 I cnss-daemon: wlfw_read_file: No such file /data/misc/wifi/wlfw_cal_04.bin
11-19 15:42:15.219   919  1340 E cnss-daemon: wlfw_build_cal_table: not read /data/misc/wifi/wlfw_cal_04.bin
11-19 15:42:15.272   919  1340 I cnss-daemon: wlfw_send_cap_req: chip_id: 0x30214, chip_family 0x4001, board_id: 0xff, soc_id: 0x40030001, fw_version: 0x20130028, fw_build_timestamp: 2018-06-06 23:18
11-19 15:42:15.377   923   955 V QCALOG  : [MessageQ] wait result 1
11-19 15:42:15.378   923   955 V QCALOG  : [MessageQueueClientInfo] XTWiFi-PE: read
11-19 15:42:15.378   923   955 V QCALOG  : [MessageQueueClientInfo] just read 4 bytes
11-19 15:42:15.378   923   955 V QCALOG  : [MessageQ] wait result 1
11-19 15:42:15.378   923   955 V QCALOG  : [MessageQueueClientInfo] XTWiFi-PE: read
11-19 15:42:15.378   923   955 V QCALOG  : [MessageQueueClientInfo] just read 97 bytes
11-19 15:42:15.378   923   955 V QCALOG  : [MessageQueueClientInfo] card length 97 + 4 bytes, current size 101 bytes
11-19 15:42:15.381   794   794 I rmt_storage: rmt_storage_connect_cb: clnt_h=0xb conn_h=0x70c3a2b3d0
11-19 15:42:15.382   794   794 I rmt_storage: rmt_storage_rw_iovec_cb: /boot/modem_fs2: req_h=0xb msg_id=3: R/W request received
11-19 15:42:15.382   794   794 I rmt_storage: wakelock acquired: 1, error no: 42
11-19 15:42:15.382   794  1355 I rmt_storage: rmt_storage_client_thread: /boot/modem_fs2: Unblock worker thread (th_id: 484314825968)
11-19 15:42:15.465   794  1355 I rmt_storage: rmt_storage_client_thread: /boot/modem_fs2: req_h=0xb msg_id=3: Bytes written = 2097152
11-19 15:42:15.465   794  1355 I rmt_storage: rmt_storage_client_thread: /boot/modem_fs2: req_h=0xb msg_id=3: Send response: res=0 err=0
11-19 15:42:15.465   794  1355 I rmt_storage: rmt_storage_client_thread: /boot/modem_fs2: About to block rmt_storage client thread (th_id: 484314825968) wakelock released: 1, error no: 0
11-19 15:42:15.465   794  1355 I rmt_storage: 
11-19 15:42:15.467   794   794 I rmt_storage: rmt_storage_disconnect_cb: clnt_h=0xb conn_h=0x70c3a2b3d0
11-19 15:42:15.475   798   820 E pd-mapper-svc: Recieved request to get domain list
11-19 15:42:15.475   798   820 I pd-mapper-svc: Provider:[avs]
11-19 15:42:15.475   798   820 I pd-mapper-svc: Domain:[adsp]
11-19 15:42:15.475   798   820 I pd-mapper-svc: SubDom:[audio_pd]
11-19 15:42:15.475   798   820 I pd-mapper-svc: Adding :msm/adsp/audio_pd: to response
11-19 15:42:15.480   874   874 I CNSS    : cnss_open_log_file: create directory /sdcard/wlan_logs/ ret = -1 errno= 2
11-19 15:42:15.480   874   874 I CNSS    : failed to open file a+ mode or file size 0 is less than max_file_size 31457280
11-19 15:42:15.481   874   874 I CNSS    : Failed to open file /sdcard/wlan_logs/host_driver_logs_current.txt: 2
11-19 15:42:15.538   914  1231 D PerMgrLib: QCRIL voting for modem
11-19 15:42:15.539   799   821 D PerMgrSrv: QCRIL voting for modem
11-19 15:42:15.539   799   821 D PerMgrSrv: modem client QCRIL is voter already
11-19 15:42:15.562   914  1209 W libc    : invalid pthread_t (0) passed to libc
11-19 15:42:15.577   794   794 I rmt_storage: rmt_storage_connect_cb: clnt_h=0xc conn_h=0x70c3a2b3d0
11-19 15:42:15.577   794   794 I rmt_storage: rmt_storage_rw_iovec_cb: /boot/modem_fs1: req_h=0xc msg_id=3: R/W request received
11-19 15:42:15.577   794   794 I rmt_storage: wakelock acquired: 1, error no: 42
11-19 15:42:15.577   794  1354 I rmt_storage: rmt_storage_client_thread: /boot/modem_fs1: Unblock worker thread (th_id: 484315862256)
11-19 15:42:15.632   914  1231 W libc    : Unable to set property "ro.vendor.ril.svlte1x" to "false": error code: 0xb
11-19 15:42:15.633   914  1231 W libc    : Unable to set property "ro.vendor.ril.svdo" to "false": error code: 0xb
11-19 15:42:15.654   794  1354 I rmt_storage: rmt_storage_client_thread: /boot/modem_fs1: req_h=0xc msg_id=3: Bytes written = 2097152
11-19 15:42:15.654   794  1354 I rmt_storage: rmt_storage_client_thread: /boot/modem_fs1: req_h=0xc msg_id=3: Send response: res=0 err=0
11-19 15:42:15.654   794  1354 I rmt_storage: rmt_storage_client_thread: /boot/modem_fs1: About to block rmt_storage client thread (th_id: 484315862256) wakelock released: 1, error no: 0
11-19 15:42:15.654   794  1354 I rmt_storage: 
11-19 15:42:15.656   794   794 I rmt_storage: rmt_storage_disconnect_cb: clnt_h=0xc conn_h=0x70c3a2b3d0
11-19 15:42:15.702   923   955 V QCALOG  : [MessageQ] wait result 1
11-19 15:42:15.702   923   955 V QCALOG  : [MessageQueueClientInfo] XT-CS: read
11-19 15:42:15.702   923   955 V QCALOG  : [MessageQueueClientInfo] just read 4 bytes
11-19 15:42:15.702   923   955 V QCALOG  : [MessageQ] wait result 1
11-19 15:42:15.702   923   955 V QCALOG  : [MessageQueueClientInfo] XT-CS: read
11-19 15:42:15.702   923   955 V QCALOG  : [MessageQueueClientInfo] just read 109 bytes
11-19 15:42:15.702   923   955 V QCALOG  : [MessageQueueClientInfo] card length 109 + 4 bytes, current size 113 bytes
11-19 15:42:15.761   923   955 V QCALOG  : [MessageQ] wait result 1
11-19 15:42:15.762   923   955 V QCALOG  : [MessageQueueClientInfo] APIC: read
11-19 15:42:15.762   923   955 V QCALOG  : [MessageQueueClientInfo] just read 4 bytes
11-19 15:42:15.762   923   955 V QCALOG  : [MessageQ] wait result 1
11-19 15:42:15.762   923   955 V QCALOG  : [MessageQueueClientInfo] APIC: read
11-19 15:42:15.762   923   955 V QCALOG  : [MessageQueueClientInfo] just read 96 bytes
11-19 15:42:15.762   923   955 V QCALOG  : [MessageQueueClientInfo] card length 96 + 4 bytes, current size 100 bytes
11-19 15:42:15.772   747   788 I sensors-hal: wait_for_mandatory_sensors:254, some mandatory sensors not available yet, will wait for 11 seconds...
11-19 15:42:15.798   733   733 E audio_route: Control 'LSM6 Mixer INT3_MI2S_TX' doesn't exist - skipping
11-19 15:42:15.799   733   733 E audio_route: Control 'LSM7 Mixer INT3_MI2S_TX' doesn't exist - skipping
11-19 15:42:15.799   733   733 E audio_route: Control 'LSM8 Mixer INT3_MI2S_TX' doesn't exist - skipping
11-19 15:42:15.801   733   733 E audio_route: Control 'LSM6 Mixer INT3_MI2S_TX' doesn't exist - skipping
11-19 15:42:15.801   733   733 E audio_route: Control 'LSM7 Mixer INT3_MI2S_TX' doesn't exist - skipping
11-19 15:42:15.801   733   733 E audio_route: Control 'LSM8 Mixer INT3_MI2S_TX' doesn't exist - skipping
11-19 15:42:15.802   733   733 E audio_route: Control 'LSM6 Mixer INT3_MI2S_TX' doesn't exist - skipping
11-19 15:42:15.803   733   733 E audio_route: Control 'LSM7 Mixer INT3_MI2S_TX' doesn't exist - skipping
11-19 15:42:15.803   733   733 E audio_route: Control 'LSM8 Mixer INT3_MI2S_TX' doesn't exist - skipping
11-19 15:42:15.926  1229  1336 E QMI_FW  : QMUXD: WARNING qmi_qmux_if_pwr_up_init failed! rc=-6
11-19 15:42:16.058  1011  1132 W slim_daemon: Waited one second for android.frameworks.sensorservice@1.0::ISensorManager/default. Waiting another...
11-19 15:42:16.082   943   943 E QMI_FW  : QMUXD: WARNING qmi_qmux_if_pwr_up_init failed! rc=-6
11-19 15:42:16.089   798   820 E pd-mapper-svc: Recieved request to get domain list
11-19 15:42:16.089   798   820 I pd-mapper-svc: Provider:[avs]
11-19 15:42:16.089   798   820 I pd-mapper-svc: Domain:[adsp]
11-19 15:42:16.089   798   820 I pd-mapper-svc: SubDom:[audio_pd]
11-19 15:42:16.089   798   820 I pd-mapper-svc: Adding :msm/adsp/audio_pd: to response
11-19 15:42:16.503  1539  1539 W ADebug  : Failed to get property persist.sys.media.traces
11-19 15:42:16.584  1539  1539 E RTPServiceImpl: qpLogDiagInit <== result : 1; log_write_mutex is Initialized
11-19 15:42:16.587  1539  1575 E Diag_Lib: DPL : gIsQXDMDisabled 0, gIsADBDisabled 1, gIsDebugDisabled 0, gIsIMSLogsDisabled 0 gIsDebugDataPathDisabled = 0
11-19 15:42:16.588  1539  1575 E Diag_Lib: [IMS_FATAL]| 1575 |qpNetSetReadFds - DataD IPC socket not available
11-19 15:42:16.588  1539  1575 E Diag_Lib: [IMS_FATAL]| 1575 |qpCheckSockEventsOnNetConnProfiles : pNetConnProfileArray NULL
11-19 15:42:16.590  1539  1575 E Diag_Lib: qvp_rtp_h264_profile_init rateadaptEnabled =15
11-19 15:42:16.591  1539  1539 E Diag_Lib: bLogRTPMSgs =1,rtpdata=1,adblog=0
11-19 15:42:16.594  1539  1575 E Diag_Lib: [IMS_FATAL]| 1575 |qpCheckSockEventsOnNetConnProfiles : pNetConnProfileArray NULL
11-19 15:42:16.823   747   788 I sensors-hal: wait_for_mandatory_sensors:254, some mandatory sensors not available yet, will wait for 10 seconds...
11-19 15:42:17.058  1011  1132 W slim_daemon: Waited one second for android.frameworks.sensorservice@1.0::ISensorManager/default. Waiting another...
11-19 15:42:17.105   733   733 E platform_info: param tag only supported with CONFIG_PARAMS section
11-19 15:42:17.105   733   733 I chatty  : uid=1041(audioserver) audio@2.0-servi identical 7 lines
11-19 15:42:17.105   733   733 E platform_info: param tag only supported with CONFIG_PARAMS section
11-19 15:42:17.107   733   733 D ACDB-LOADER: ACDB -> Load file: /vendor/etc/acdbdata/adsp_avs_config.acdb
11-19 15:42:17.107   733   733 D ACDB-LOADER: ACDB -> found 1 form factor & soundcard independant files
11-19 15:42:17.109   733   733 D ACDB-LOADER: ACDB -> Load file: /vendor/etc/acdbdata/MTP/MTP_Bluetooth_cal.acdb
11-19 15:42:17.109   733   733 D ACDB-LOADER: ACDB -> Load file: /vendor/etc/acdbdata/MTP/MTP_General_cal.acdb
11-19 15:42:17.109   733   733 D ACDB-LOADER: ACDB -> Load file: /vendor/etc/acdbdata/MTP/MTP_Global_cal.acdb
11-19 15:42:17.110   733   733 D ACDB-LOADER: ACDB -> Load file: /vendor/etc/acdbdata/MTP/MTP_Handset_cal.acdb
11-19 15:42:17.110   733   733 D ACDB-LOADER: ACDB -> Load file: /vendor/etc/acdbdata/MTP/MTP_Hdmi_cal.acdb
11-19 15:42:17.110   733   733 D ACDB-LOADER: ACDB -> Load file: /vendor/etc/acdbdata/MTP/MTP_Headset_cal.acdb
11-19 15:42:17.110   733   733 D ACDB-LOADER: ACDB -> Load file: /vendor/etc/acdbdata/MTP/MTP_Speaker_cal.acdb
11-19 15:42:17.110   733   733 D ACDB-LOADER: ACDB -> Load file: /vendor/etc/acdbdata/MTP/MTP_workspaceFile.qwsp
11-19 15:42:17.110   733   733 D ACDB-LOADER: ACDB -> ACDB_CMD_INITIALIZE_V2
11-19 15:42:17.110   733   733 D         : [ACDB Command]->SW Minor/Major/Revision version info for /vendor/etc/acdbdata/adsp_avs_config.acdb
11-19 15:42:17.110   733   733 D         : [ACDB Command]->ACDB Sw Major = 9, ACDB Sw Minor = 0, ACDB Sw Revision = 4, ACDB Sw Cpl Number = 0
11-19 15:42:17.110   733   733 D         : [ACDB Command]->ACDB File Major = 3944009424, ACDB File Minor = 9, ACDB File Revision = 1319003146
11-19 15:42:17.118   733   733 D         : [ACDB Command]->SW Minor/Major/Revision version info for /vendor/etc/acdbdata/MTP/MTP_Bluetooth_cal.acdb
11-19 15:42:17.118   733   733 D         : [ACDB Command]->ACDB Sw Major = 9, ACDB Sw Minor = 0, ACDB Sw Revision = 4, ACDB Sw Cpl Number = 0
11-19 15:42:17.118   733   733 D         : [ACDB Command]->ACDB File Major = 11, ACDB File Minor = 0, ACDB File Revision = 1, ACDB File Cpl Number = 0
11-19 15:42:17.123   733   733 D         : [ACDB Command]->SW Minor/Major/Revision version info for /vendor/etc/acdbdata/MTP/MTP_General_cal.acdb
11-19 15:42:17.123   733   733 D         : [ACDB Command]->ACDB Sw Major = 9, ACDB Sw Minor = 0, ACDB Sw Revision = 4, ACDB Sw Cpl Number = 0
11-19 15:42:17.123   733   733 D         : [ACDB Command]->ACDB File Major = 11, ACDB File Minor = 0, ACDB File Revision = 1, ACDB File Cpl Number = 0
11-19 15:42:17.130   733   733 D         : [ACDB Command]->SW Minor/Major/Revision version info for /vendor/etc/acdbdata/MTP/MTP_Global_cal.acdb
11-19 15:42:17.130   733   733 D         : [ACDB Command]->ACDB Sw Major = 9, ACDB Sw Minor = 0, ACDB Sw Revision = 4, ACDB Sw Cpl Number = 0
11-19 15:42:17.130   733   733 D         : [ACDB Command]->ACDB File Major = 11, ACDB File Minor = 0, ACDB File Revision = 1, ACDB File Cpl Number = 0
11-19 15:42:17.139   733   733 D         : [ACDB Command]->SW Minor/Major/Revision version info for /vendor/etc/acdbdata/MTP/MTP_Handset_cal.acdb
11-19 15:42:17.139   733   733 D         : [ACDB Command]->ACDB Sw Major = 9, ACDB Sw Minor = 0, ACDB Sw Revision = 4, ACDB Sw Cpl Number = 0
11-19 15:42:17.139   733   733 D         : [ACDB Command]->ACDB File Major = 11, ACDB File Minor = 0, ACDB File Revision = 1, ACDB File Cpl Number = 0
11-19 15:42:17.148   733   733 D         : [ACDB Command]->SW Minor/Major/Revision version info for /vendor/etc/acdbdata/MTP/MTP_Hdmi_cal.acdb
11-19 15:42:17.149   733   733 D         : [ACDB Command]->ACDB Sw Major = 9, ACDB Sw Minor = 0, ACDB Sw Revision = 4, ACDB Sw Cpl Number = 0
11-19 15:42:17.149   733   733 D         : [ACDB Command]->ACDB File Major = 11, ACDB File Minor = 0, ACDB File Revision = 1, ACDB File Cpl Number = 0
11-19 15:42:17.155   733   733 D         : [ACDB Command]->SW Minor/Major/Revision version info for /vendor/etc/acdbdata/MTP/MTP_Headset_cal.acdb
11-19 15:42:17.155   733   733 D         : [ACDB Command]->ACDB Sw Major = 9, ACDB Sw Minor = 0, ACDB Sw Revision = 4, ACDB Sw Cpl Number = 0
11-19 15:42:17.155   733   733 D         : [ACDB Command]->ACDB File Major = 11, ACDB File Minor = 0, ACDB File Revision = 1, ACDB File Cpl Number = 0
11-19 15:42:17.164   733   733 D         : [ACDB Command]->SW Minor/Major/Revision version info for /vendor/etc/acdbdata/MTP/MTP_Speaker_cal.acdb
11-19 15:42:17.164   733   733 D         : [ACDB Command]->ACDB Sw Major = 9, ACDB Sw Minor = 0, ACDB Sw Revision = 4, ACDB Sw Cpl Number = 0
11-19 15:42:17.164   733   733 D         : [ACDB Command]->ACDB File Major = 11, ACDB File Minor = 0, ACDB File Revision = 1, ACDB File Cpl Number = 0
11-19 15:42:17.172   733   733 D         : [ACDB Command]->SW Minor/Major/Revision version info for /vendor/etc/acdbdata/MTP/MTP_workspaceFile.qwsp
11-19 15:42:17.172   733   733 D         : [ACDB Command]->ACDB Sw Major = 9, ACDB Sw Minor = 0, ACDB Sw Revision = 4, ACDB Sw Cpl Number = 0
11-19 15:42:17.172   733   733 D         : [ACDB Command]->ACDB File Major = 11, ACDB File Minor = 0, ACDB File Revision = 1
11-19 15:42:17.173   733   733 D ACDB-LOADER: ACDB -> ACPH INIT
11-19 15:42:17.173   733   733 D         : [ACPH]->Online service registered with ACPH
11-19 15:42:17.175   733   733 D         : [ACPH]->ACPH init success
11-19 15:42:17.175   733   733 D ACDB-LOADER: ACDB -> RTAC INIT
11-19 15:42:17.175   733   733 D         : [ACPH]->DSP RTC service registered with ACPH
11-19 15:42:17.176   733   733 D ACDB-LOADER: ACDB -> MCS, FTS INIT
11-19 15:42:17.176   733   733 D         : [ACPH]->MCS RTC service registered with ACPH
11-19 15:42:17.176   733   733 D         : [ACPH]->FTS RTC service registered with ACPH
11-19 15:42:17.176   733   733 D ACDB-LOADER: ACDB -> ADIE RTAC INIT
11-19 15:42:17.176   733   733 D         : [ACPH]->ADIE RTC service registered with ACPH
11-19 15:42:17.176   733   733 D ACDB-LOADER: ACDB -> ACDB_CMD_GET_VOC_PROC_DYNAMIC_TABLE_SIZE
11-19 15:42:17.200   733   733 D ACDB-LOADER: ACDB -> send_common_custom_topology
11-19 15:42:17.200   733   733 D ACDB-LOADER: ACDB -> ACDB_CMD_GET_AVCS_CUSTOM_TOPO_INFO_SIZE
11-19 15:42:17.201   733   733 D ACDB-LOADER: ACDB -> ACDB_CMD_GET_AVCS_CUSTOM_TOPO_INFO
11-19 15:42:17.201   733   733 D ACDB-LOADER: ACDB -> ACDB_CMD_GET_AVCS_CUSTOM_TOPO_INFO: size:0x48c ret=0 
11-19 15:42:17.201   733   733 D ACDB-LOADER: ACDB -> CORE_CUSTOM_TOPOLOGIES
11-19 15:42:17.203   733   733 D ACDB-LOADER: ACDB -> acdb_loader_send_common_custom_topology: Common custom topology in use
11-19 15:42:17.204   733   733 D ACDB-LOADER: ACDB -> init done!
11-19 15:42:17.210   733   733 D sound_trigger_platform: platform_stdev_init Opening device /dev/snd/hwC0D1000
11-19 15:42:17.211   733   733 D sound_trigger_platform: get_codec_version: codec version 
11-19 15:42:17.213   733   733 I SoundTriggerHalImpl: onFirstRef() mModuleName primary mHwDevice 0xeb1cc000
11-19 15:42:17.215   733   733 I audiohalservice: Registration complete for android.hardware.soundtrigger@2.0::ISoundTriggerHw/default.
11-19 15:42:17.216   733   733 D vndksupport: Loading /vendor/lib/hw/com.qualcomm.qti.bluetooth_audio@1.0-impl.so from current namespace instead of sphal namespace.
11-19 15:42:17.225   733   733 I audiohalservice: Registration complete for com.qualcomm.qti.bluetooth_audio@1.0::IBluetoothAudio/default.
11-19 15:42:17.228   888   888 I AudioFlinger: Using default 3000 mSec as standby time.
11-19 15:42:17.235   888   888 E APM::Serializer: deserialize: Could not parse /odm/etc/audio_policy_configuration.xml document.
11-19 15:42:17.277   733  1611 D vndksupport: Loading /vendor/lib/hw/audio.primary.sdm710.so from current namespace instead of sphal namespace.
11-19 15:42:17.278   733  1611 D audio_hw_primary: adev_open: enter
11-19 15:42:17.278   733  1611 D audio_log_utils: registered, module hal
11-19 15:42:17.559  1539  1575 E Diag_Lib: qvp_rtp_media_init
11-19 15:42:17.559  1539  1575 E Diag_Lib: qvp_rtp_media_init
11-19 15:42:17.560  1539  1575 E Diag_Lib: [IMS_FATAL]| 1575 |SingoConfig::Init()| FATAL error cannot recover: Unable to get DPLConfig
11-19 15:42:17.560  1539  1575 E Diag_Lib: [IMS_FATAL]| 1575 |InitServiceModules | pSingoConfig->Init() Failed
11-19 15:42:17.562  1539  1575 E Diag_Lib: DPL : gIsQXDMDisabled 0, gIsADBDisabled 1, gIsDebugDisabled 0, gIsIMSLogsDisabled 0 gIsDebugDataPathDisabled = 0
11-19 15:42:17.864   747   788 I sensors-hal: discover_sensors:339, suid discovery time = 9.012846s
11-19 15:42:17.935   747   788 E sensors-hal: get_available_invn_pug_sensors:84, ===> invn pug stream type : 1
11-19 15:42:17.936   747   788 E sensors-hal: ssc_datatype:29, mazuyu___ssc_datatype in orientation...
11-19 15:42:17.936   747   788 E sensors-hal: orientation:43, mazuyu___orientation construct,suid=-6855653555510543472, -1796516897219029940
11-19 15:42:17.936   747   788 E sensors-hal: orientation:43, mazuyu___orientation construct,suid=-6855653555510543472, -1796516897219029940
11-19 15:42:17.937   747   788 I sensors-hal: sensors_hal:132, sensors_hal initialized, init_time = 10.064355s
11-19 15:42:18.058  1011  1132 W slim_daemon: Waited one second for android.frameworks.sensorservice@1.0::ISensorManager/default. Waiting another...
11-19 15:42:18.173  1116  1116 D PackageManager: No files in app dir /oem/app
11-19 15:42:18.178  1116  1116 I PackageManager: Finished scanning system apps. Time: 4157 ms, packageCount: 192 , timePerPackage: 21 , cached: 192
11-19 15:42:18.204   738   749 E CHRE    : Couldn't connect client socket to 'chre': No such file or directory
11-19 15:42:18.204   738   749 E CHRE    : Failed to (re)connect to chre next try in 500 ms
11-19 15:42:18.228  1116  1116 W PackageManager: Skipping provider name com.jiemian.news.fileProvider (in package com.jiemian.news): name already used by com.jiemian.news
11-19 15:42:18.297   733  1611 D audio_hw_utils: audio_extn_utils_get_snd_card_num: snd_card_name: sdm670-mtp-snd-card
11-19 15:42:18.298   733  1611 W hardware_info: update_hardware_info_bear: Not an SDM device
11-19 15:42:18.298   733  1611 D audio_hw_utils: audio_extn_utils_get_snd_card_num: Opened sound card:0
11-19 15:42:18.301   733  1611 D msm8974_platform: platform_init: Opened sound card:0
11-19 15:42:18.481   874   874 I CNSS    : cnss_open_log_file: create directory /sdcard/wlan_logs/ ret = -1 errno= 2
11-19 15:42:18.481   874   874 I CNSS    : failed to open file a+ mode or file size 0 is less than max_file_size 31457280
11-19 15:42:18.481   874   874 I CNSS    : Failed to open file /sdcard/wlan_logs/host_driver_logs_current.txt: 2
11-19 15:42:18.571  1116  1145 I zygote64: Background concurrent copying GC freed 37171(3MB) AllocSpace objects, 43(3MB) LOS objects, 42% free, 13MB/22MB, paused 63us total 117.695ms
11-19 15:42:18.657  1116  1642 W PackageParser: Ignoring duplicate uses-permissions/uses-permissions-sdk-m: android.permission.READ_EXTERNAL_STORAGE in package: com.smartisanos.payment at: Binary XML file line #33
11-19 15:42:18.657  1116  1642 W PackageParser: Unknown element under <manifest>: meta-data at /data/app/com.smartisanos.payment-reA_d_NPVjOG6XxxFpxccA==/base.apk Binary XML file line #35
